<html>
<body>
<pre>
<h1>µVision Build Log</h1>
<h2>Tool Versions:</h2>
IDE-Version: ¦ÌVision V5.37.0.0
Copyright (C) 2022 ARM Ltd and ARM Germany GmbH. All rights reserved.
License Information: 1 2, 3, LIC=KIVNB-2DTFK-24PSS-LKIEZ-UQX6D-WS0KM
 
Tool Versions:
Toolchain:       MDK-ARM Professional  Version: 5.37.0.0
Toolchain Path:  C:\keil5\Core\ARM\ARMCLANG\Bin
C Compiler:      ArmClang.exe V6.18
Assembler:       Armasm.exe V6.18
Linker/Locator:  ArmLink.exe V6.18
Library Manager: ArmAr.exe V6.18
Hex Converter:   FromElf.exe V6.18
CPU DLL:         
Dialog DLL:      
Target DLL:      STLink\ST-LINKIII-KEIL_SWO.dll V3.0.9.0
Dialog DLL:      TCM.DLL V1.56.1.0
 
<h2>Project:</h2>
C:\Users\kout\Desktop\demo_temp\MDK-ARM\FS-STM32U575-Total.uvprojx
Project File Date:  04/01/2026

<h2>Output:</h2>
*** Using Compiler 'V6.18', folder: 'C:\keil5\Core\ARM\ARMCLANG\Bin'
Build target 'FS-STM32U575-Total'
assembling startup_stm32u575xx.s...
compiling rtc.c...
compiling main.c...
linking...
Program Size: Code=242744 RO-data=4369956 RW-data=153804 ZI-data=85628  
FromELF: creating hex file...
"FS-STM32U575-Total\FS-STM32U575-Total.axf" - 0 Error(s), 0 Warning(s).

<h2>Software Packages used:</h2>

Package Vendor: ARM
                http://www.keil.com/pack/ARM.CMSIS.5.9.0.pack
                ARM.CMSIS.5.9.0
                CMSIS (Common Microcontroller Software Interface Standard)
   * Component: CORE Version: 5.6.0

Package Vendor: Keil
                https://www.keil.com/pack/Keil.STM32U5xx_DFP.3.2.0.pack
                Keil.STM32U5xx_DFP.3.2.0
                STMicroelectronics STM32U5 Series Device Support

<h2>Collection of Component include folders:</h2>
  ./RTE/_FS-STM32U575-Total
  C:/keil5/Pack/ARM/CMSIS/5.9.0/CMSIS/Core/Include

<h2>Collection of Component Files used:</h2>

   * Component: ARM::CMSIS:CORE:5.6.0
      Include file:  CMSIS/Core/Include/tz_context.h
Build Time Elapsed:  00:00:03
</pre>
</body>
</html>
