Archive member included to satisfy reference by file (symbol)

C:/Renesas/RA/e2studio_v2025-12_fsp_v6.4.0/toolchains/gcc_arm/13.2.rel1/bin/../lib/gcc/arm-none-eabi/13.2.1/thumb/v8-m.main+dp/hard\libgcc.a(_aeabi_ldivmod.o)
                              ./ra/fsp/src/r_sci_b_uart/r_sci_b_uart.o (__aeabi_ldivmod)
C:/Renesas/RA/e2studio_v2025-12_fsp_v6.4.0/toolchains/gcc_arm/13.2.rel1/bin/../lib/gcc/arm-none-eabi/13.2.1/thumb/v8-m.main+dp/hard\libgcc.a(_udivmoddi4.o)
                              C:/Renesas/RA/e2studio_v2025-12_fsp_v6.4.0/toolchains/gcc_arm/13.2.rel1/bin/../lib/gcc/arm-none-eabi/13.2.1/thumb/v8-m.main+dp/hard\libgcc.a(_aeabi_ldivmod.o) (__udivmoddi4)
C:/Renesas/RA/e2studio_v2025-12_fsp_v6.4.0/toolchains/gcc_arm/13.2.rel1/bin/../lib/gcc/arm-none-eabi/13.2.1/thumb/v8-m.main+dp/hard\libgcc.a(_dvmd_tls.o)
                              C:/Renesas/RA/e2studio_v2025-12_fsp_v6.4.0/toolchains/gcc_arm/13.2.rel1/bin/../lib/gcc/arm-none-eabi/13.2.1/thumb/v8-m.main+dp/hard\libgcc.a(_aeabi_ldivmod.o) (__aeabi_ldiv0)
C:/Renesas/RA/e2studio_v2025-12_fsp_v6.4.0/toolchains/gcc_arm/13.2.rel1/bin/../lib/gcc/arm-none-eabi/13.2.1/thumb/v8-m.main+dp/hard\libg_nano.a(libc_a-exit.o)
                              C:/Renesas/RA/e2studio_v2025-12_fsp_v6.4.0/toolchains/gcc_arm/13.2.rel1/bin/../lib/gcc/arm-none-eabi/13.2.1/thumb/v8-m.main+dp/hard/crt0.o (exit)
C:/Renesas/RA/e2studio_v2025-12_fsp_v6.4.0/toolchains/gcc_arm/13.2.rel1/bin/../lib/gcc/arm-none-eabi/13.2.1/thumb/v8-m.main+dp/hard\libg_nano.a(libc_a-malloc.o)
                              ./ra/npu/ethos-u-core-driver/src/ethosu_driver.o (malloc)
C:/Renesas/RA/e2studio_v2025-12_fsp_v6.4.0/toolchains/gcc_arm/13.2.rel1/bin/../lib/gcc/arm-none-eabi/13.2.1/thumb/v8-m.main+dp/hard\libg_nano.a(libc_a-mallocr.o)
                              C:/Renesas/RA/e2studio_v2025-12_fsp_v6.4.0/toolchains/gcc_arm/13.2.rel1/bin/../lib/gcc/arm-none-eabi/13.2.1/thumb/v8-m.main+dp/hard\libg_nano.a(libc_a-malloc.o) (_malloc_r)
C:/Renesas/RA/e2studio_v2025-12_fsp_v6.4.0/toolchains/gcc_arm/13.2.rel1/bin/../lib/gcc/arm-none-eabi/13.2.1/thumb/v8-m.main+dp/hard\libg_nano.a(libc_a-mlock.o)
                              C:/Renesas/RA/e2studio_v2025-12_fsp_v6.4.0/toolchains/gcc_arm/13.2.rel1/bin/../lib/gcc/arm-none-eabi/13.2.1/thumb/v8-m.main+dp/hard\libg_nano.a(libc_a-mallocr.o) (__malloc_lock)
C:/Renesas/RA/e2studio_v2025-12_fsp_v6.4.0/toolchains/gcc_arm/13.2.rel1/bin/../lib/gcc/arm-none-eabi/13.2.1/thumb/v8-m.main+dp/hard\libg_nano.a(libc_a-nano-vfprintf_float.o)
                              (_printf_float)
C:/Renesas/RA/e2studio_v2025-12_fsp_v6.4.0/toolchains/gcc_arm/13.2.rel1/bin/../lib/gcc/arm-none-eabi/13.2.1/thumb/v8-m.main+dp/hard\libg_nano.a(libc_a-nano-vfprintf_i.o)
                              C:/Renesas/RA/e2studio_v2025-12_fsp_v6.4.0/toolchains/gcc_arm/13.2.rel1/bin/../lib/gcc/arm-none-eabi/13.2.1/thumb/v8-m.main+dp/hard\libg_nano.a(libc_a-nano-vfprintf_float.o) (_printf_common)
C:/Renesas/RA/e2studio_v2025-12_fsp_v6.4.0/toolchains/gcc_arm/13.2.rel1/bin/../lib/gcc/arm-none-eabi/13.2.1/thumb/v8-m.main+dp/hard\libg_nano.a(libc_a-findfp.o)
                              C:/Renesas/RA/e2studio_v2025-12_fsp_v6.4.0/toolchains/gcc_arm/13.2.rel1/bin/../lib/gcc/arm-none-eabi/13.2.1/thumb/v8-m.main+dp/hard\libg_nano.a(libc_a-exit.o) (__stdio_exit_handler)
C:/Renesas/RA/e2studio_v2025-12_fsp_v6.4.0/toolchains/gcc_arm/13.2.rel1/bin/../lib/gcc/arm-none-eabi/13.2.1/thumb/v8-m.main+dp/hard\libg_nano.a(libc_a-fwalk.o)
                              C:/Renesas/RA/e2studio_v2025-12_fsp_v6.4.0/toolchains/gcc_arm/13.2.rel1/bin/../lib/gcc/arm-none-eabi/13.2.1/thumb/v8-m.main+dp/hard\libg_nano.a(libc_a-findfp.o) (_fwalk_sglue)
C:/Renesas/RA/e2studio_v2025-12_fsp_v6.4.0/toolchains/gcc_arm/13.2.rel1/bin/../lib/gcc/arm-none-eabi/13.2.1/thumb/v8-m.main+dp/hard\libg_nano.a(libc_a-printf.o)
                              ./src/hal_entry.o (printf)
C:/Renesas/RA/e2studio_v2025-12_fsp_v6.4.0/toolchains/gcc_arm/13.2.rel1/bin/../lib/gcc/arm-none-eabi/13.2.1/thumb/v8-m.main+dp/hard\libg_nano.a(libc_a-puts.o)
                              ./src/hal_entry.o (puts)
C:/Renesas/RA/e2studio_v2025-12_fsp_v6.4.0/toolchains/gcc_arm/13.2.rel1/bin/../lib/gcc/arm-none-eabi/13.2.1/thumb/v8-m.main+dp/hard\libg_nano.a(libc_a-stdio.o)
                              C:/Renesas/RA/e2studio_v2025-12_fsp_v6.4.0/toolchains/gcc_arm/13.2.rel1/bin/../lib/gcc/arm-none-eabi/13.2.1/thumb/v8-m.main+dp/hard\libg_nano.a(libc_a-findfp.o) (__sread)
C:/Renesas/RA/e2studio_v2025-12_fsp_v6.4.0/toolchains/gcc_arm/13.2.rel1/bin/../lib/gcc/arm-none-eabi/13.2.1/thumb/v8-m.main+dp/hard\libg_nano.a(libc_a-wbuf.o)
                              C:/Renesas/RA/e2studio_v2025-12_fsp_v6.4.0/toolchains/gcc_arm/13.2.rel1/bin/../lib/gcc/arm-none-eabi/13.2.1/thumb/v8-m.main+dp/hard\libg_nano.a(libc_a-puts.o) (__swbuf_r)
[...]
Memory Configuration

Name             Origin             Length             Attributes
RAM              0x22000000         0x001d4000         xrw
FLASH            0x02000000         0x00100000         xr
DATA_FLASH       0x27000000         0x00000000         xr
SDRAM            0x68000000         0x08000000         xrw
OSPI0_CS0        0x80000000         0x10000000         xrw
OSPI0_CS1        0x90000000         0x10000000         xr
OSPI1_CS0        0x70000000         0x08000000         xrw
OSPI1_CS1        0x78000000         0x08000000         xr
OPTION_SETTING_OFS0 0x02c9f040         0x00000004         r
OPTION_SETTING_OFS2 0x02c9f044         0x00000004         r
OPTION_SETTING_SAS 0x02c9f074         0x00000004         r
OPTION_SETTING_OFS1 0x12c9f4c0         0x00000004         r
OPTION_SETTING_OFS1_SEC 0x02c9f0c0         0x00000004         r
OPTION_SETTING_OFS1_SEL 0x02c9f120         0x00000004         r
OPTION_SETTING_OFS3 0x12c9f4c4         0x00000004         r
OPTION_SETTING_OFS3_SEC 0x02c9f0c4         0x00000004         r
OPTION_SETTING_OFS3_SEL 0x02c9f124         0x00000004         r
OPTION_SETTING_BPS 0x12c9f600         0x00000080         r
OPTION_SETTING_BPS_SEC 0x02c9f200         0x00000080         r
OPTION_SETTING_OTP_FSBLCTRL0 0x02e07600         0x00000004         r
OPTION_SETTING_OTP_FSBLCTRL1 0x02e07604         0x00000004         r
OPTION_SETTING_OTP_FSBLCTRL2 0x02e07608         0x00000004         r
OPTION_SETTING_OTP_SAMR 0x02e07614         0x00000004         r
OPTION_SETTING_OTP_SACC00 0x02e07620         0x00000004         r
OPTION_SETTING_OTP_SACC10 0x02e07630         0x00000004         r
OPTION_SETTING_OTP_SACC01 0x02e07640         0x00000004         r
OPTION_SETTING_OTP_SACC11 0x02e07650         0x00000004         r
OPTION_SETTING_OTP_SACC02 0x02e07660         0x00000004         r
OPTION_SETTING_OTP_SACC12 0x02e07670         0x00000004         r
OPTION_SETTING_OTP_SACC03 0x02e07680         0x00000004         r
OPTION_SETTING_OTP_SACC13 0x02e07690         0x00000004         r
OPTION_SETTING_OTP_PBPS_SEC 0x02e17700         0x00000080         r
OPTION_SETTING_OTP_PBPS 0x12e17780         0x00000080         r
OPTION_SETTING_OTP_ZHUK 0x02e17920         0x00000004         r
ITCM             0x00000000         0x00020000         xrw
DTCM             0x20000000         0x00020000         xrw
*default*        0x00000000         0xffffffff

Linker script and memory map

LOAD C:/Renesas/RA/e2studio_v2025-12_fsp_v6.4.0/toolchains/gcc_arm/13.2.rel1/bin/../lib/gcc/arm-none-eabi/13.2.1/thumb/v8-m.main+dp/hard/crti.o
LOAD C:/Renesas/RA/e2studio_v2025-12_fsp_v6.4.0/toolchains/gcc_arm/13.2.rel1/bin/../lib/gcc/arm-none-eabi/13.2.1/thumb/v8-m.main+dp/hard/crtbegin.o
LOAD C:/Renesas/RA/e2studio_v2025-12_fsp_v6.4.0/toolchains/gcc_arm/13.2.rel1/bin/../lib/gcc/arm-none-eabi/13.2.1/thumb/v8-m.main+dp/hard/crt0.o
START GROUP
LOAD ./src/hal_entry.o
LOAD ./src/hal_warmstart.o
LOAD ./src/model.o
LOAD ./src/model_io_data.o
LOAD ./src/sub_0000_command_stream.o
LOAD ./src/sub_0000_invoke.o
LOAD ./src/sub_0000_io_data.o
LOAD ./src/sub_0000_model_data.o
LOAD ./src/sub_0000_tensors.o
LOAD ./ra_gen/common_data.o
LOAD ./ra_gen/hal_data.o
LOAD ./ra_gen/main.o
LOAD ./ra_gen/pin_data.o
LOAD ./ra_gen/vector_data.o
LOAD ./ra/npu/ethos-u-core-driver/src/ethosu_device_u55_u65.o
LOAD ./ra/npu/ethos-u-core-driver/src/ethosu_driver.o
LOAD ./ra/npu/ethos-u-core-driver/src/ethosu_pmu.o
LOAD ./ra/fsp/src/rm_ethosu/rm_ethosu.o
LOAD ./ra/fsp/src/r_sci_b_uart/r_sci_b_uart.o
LOAD ./ra/fsp/src/r_ioport/r_ioport.o
LOAD ./ra/fsp/src/r_iic_master/r_iic_master.o
LOAD ./ra/fsp/src/r_gpt/r_gpt.o
LOAD ./ra/fsp/src/r_ceu/r_ceu.o
LOAD ./ra/fsp/src/bsp/mcu/ra8p1/bsp_linker.o
LOAD ./ra/fsp/src/bsp/mcu/all/bsp_clocks.o
LOAD ./ra/fsp/src/bsp/mcu/all/bsp_common.o
LOAD ./ra/fsp/src/bsp/mcu/all/bsp_delay.o
LOAD ./ra/fsp/src/bsp/mcu/all/bsp_group_irq.o
LOAD ./ra/fsp/src/bsp/mcu/all/bsp_guard.o
LOAD ./ra/fsp/src/bsp/mcu/all/bsp_io.o
LOAD ./ra/fsp/src/bsp/mcu/all/bsp_ipc.o
LOAD ./ra/fsp/src/bsp/mcu/all/bsp_irq.o
LOAD ./ra/fsp/src/bsp/mcu/all/bsp_macl.o
LOAD ./ra/fsp/src/bsp/mcu/all/bsp_ospi_b.o
LOAD ./ra/fsp/src/bsp/mcu/all/bsp_register_protection.o
LOAD ./ra/fsp/src/bsp/mcu/all/bsp_sbrk.o
LOAD ./ra/fsp/src/bsp/mcu/all/bsp_sdram.o
LOAD ./ra/fsp/src/bsp/mcu/all/bsp_security.o
LOAD ./ra/fsp/src/bsp/cmsis/Device/RENESAS/Source/startup.o
LOAD ./ra/fsp/src/bsp/cmsis/Device/RENESAS/Source/system.o
LOAD ./code/font.o
LOAD ./code/lcd.o
LOAD ./code/ov5640.o
LOAD ./code/text.o
END GROUP
START GROUP
LOAD C:/Renesas/RA/e2studio_v2025-12_fsp_v6.4.0/toolchains/gcc_arm/13.2.rel1/bin/../lib/gcc/arm-none-eabi/13.2.1/thumb/v8-m.main+dp/hard\libgcc.a
LOAD C:/Renesas/RA/e2studio_v2025-12_fsp_v6.4.0/toolchains/gcc_arm/13.2.rel1/bin/../lib/gcc/arm-none-eabi/13.2.1/thumb/v8-m.main+dp/hard\libg_nano.a
LOAD C:/Renesas/RA/e2studio_v2025-12_fsp_v6.4.0/toolchains/gcc_arm/13.2.rel1/bin/../lib/gcc/arm-none-eabi/13.2.1/thumb/v8-m.main+dp/hard\libc_nano.a
END GROUP
START GROUP
LOAD C:/Renesas/RA/e2studio_v2025-12_fsp_v6.4.0/toolchains/gcc_arm/13.2.rel1/bin/../lib/gcc/arm-none-eabi/13.2.1/thumb/v8-m.main+dp/hard\libgcc.a
LOAD C:/Renesas/RA/e2studio_v2025-12_fsp_v6.4.0/toolchains/gcc_arm/13.2.rel1/bin/../lib/gcc/arm-none-eabi/13.2.1/thumb/v8-m.main+dp/hard\libc_nano.a
LOAD C:/Renesas/RA/e2studio_v2025-12_fsp_v6.4.0/toolchains/gcc_arm/13.2.rel1/bin/../lib/gcc/arm-none-eabi/13.2.1/thumb/v8-m.main+dp/hard\libnosys.a
END GROUP
START GROUP
LOAD C:/Renesas/RA/e2studio_v2025-12_fsp_v6.4.0/toolchains/gcc_arm/13.2.rel1/bin/../lib/gcc/arm-none-eabi/13.2.1/thumb/v8-m.main+dp/hard\libgcc.a
LOAD C:/Renesas/RA/e2studio_v2025-12_fsp_v6.4.0/toolchains/gcc_arm/13.2.rel1/bin/../lib/gcc/arm-none-eabi/13.2.1/thumb/v8-m.main+dp/hard\libc_nano.a
LOAD C:/Renesas/RA/e2studio_v2025-12_fsp_v6.4.0/toolchains/gcc_arm/13.2.rel1/bin/../lib/gcc/arm-none-eabi/13.2.1/thumb/v8-m.main+dp/hard\libnosys.a
END GROUP
LOAD C:/Renesas/RA/e2studio_v2025-12_fsp_v6.4.0/toolchains/gcc_arm/13.2.rel1/bin/../lib/gcc/arm-none-eabi/13.2.1/thumb/v8-m.main+dp/hard/crtend.o
LOAD C:/Renesas/RA/e2studio_v2025-12_fsp_v6.4.0/toolchains/gcc_arm/13.2.rel1/bin/../lib/gcc/arm-none-eabi/13.2.1/thumb/v8-m.main+dp/hard/crtn.o
                0x22000000                        RAM_START = 0x22000000
                0x001d4000                        RAM_LENGTH = 0x1d4000
                0x02000000                        FLASH_START = 0x2000000
                0x00100000                        FLASH_LENGTH = 0x100000
                0x27000000                        DATA_FLASH_START = 0x27000000
                0x00000000                        DATA_FLASH_LENGTH = 0x0
                0x68000000                        SDRAM_START = 0x68000000
                0x08000000                        SDRAM_LENGTH = 0x8000000
                0x80000000                        OSPI0_CS0_START = 0x80000000
                0x10000000                        OSPI0_CS0_LENGTH = 0x10000000
                0x90000000                        OSPI0_CS1_START = 0x90000000
                0x10000000                        OSPI0_CS1_LENGTH = 0x10000000
                0x70000000                        OSPI1_CS0_START = 0x70000000
                0x08000000                        OSPI1_CS0_LENGTH = 0x8000000
                0x78000000                        OSPI1_CS1_START = 0x78000000
                0x08000000                        OSPI1_CS1_LENGTH = 0x8000000
                0x02c9f040                        OPTION_SETTING_OFS0_START = 0x2c9f040
                0x00000004                        OPTION_SETTING_OFS0_LENGTH = 0x4
                0x02c9f044                        OPTION_SETTING_OFS2_START = 0x2c9f044
                0x00000004                        OPTION_SETTING_OFS2_LENGTH = 0x4
                0x02c9f074                        OPTION_SETTING_SAS_START = 0x2c9f074
                0x00000004                        OPTION_SETTING_SAS_LENGTH = 0x4
                0x12c9f4c0                        OPTION_SETTING_OFS1_START = 0x12c9f4c0
                0x00000004                        OPTION_SETTING_OFS1_LENGTH = 0x4
                0x02c9f0c0                        OPTION_SETTING_OFS1_SEC_START = 0x2c9f0c0
                0x00000004                        OPTION_SETTING_OFS1_SEC_LENGTH = 0x4
                0x02c9f120                        OPTION_SETTING_OFS1_SEL_START = 0x2c9f120
                0x00000004                        OPTION_SETTING_OFS1_SEL_LENGTH = 0x4
                0x12c9f4c4                        OPTION_SETTING_OFS3_START = 0x12c9f4c4
                0x00000004                        OPTION_SETTING_OFS3_LENGTH = 0x4
                0x02c9f0c4                        OPTION_SETTING_OFS3_SEC_START = 0x2c9f0c4
                0x00000004                        OPTION_SETTING_OFS3_SEC_LENGTH = 0x4
                0x02c9f124                        OPTION_SETTING_OFS3_SEL_START = 0x2c9f124
                0x00000004                        OPTION_SETTING_OFS3_SEL_LENGTH = 0x4
                0x12c9f600                        OPTION_SETTING_BPS_START = 0x12c9f600
                0x00000080                        OPTION_SETTING_BPS_LENGTH = 0x80
                0x02c9f200                        OPTION_SETTING_BPS_SEC_START = 0x2c9f200
                0x00000080                        OPTION_SETTING_BPS_SEC_LENGTH = 0x80
                0x02e07600                        OPTION_SETTING_OTP_FSBLCTRL0_START = 0x2e07600
                0x00000004                        OPTION_SETTING_OTP_FSBLCTRL0_LENGTH = 0x4
                0x02e07604                        OPTION_SETTING_OTP_FSBLCTRL1_START = 0x2e07604
                0x00000004                        OPTION_SETTING_OTP_FSBLCTRL1_LENGTH = 0x4
                0x02e07608                        OPTION_SETTING_OTP_FSBLCTRL2_START = 0x2e07608
                0x00000004                        OPTION_SETTING_OTP_FSBLCTRL2_LENGTH = 0x4
                0x02e07614                        OPTION_SETTING_OTP_SAMR_START = 0x2e07614
                0x00000004                        OPTION_SETTING_OTP_SAMR_LENGTH = 0x4
                0x02e07620                        OPTION_SETTING_OTP_SACC00_START = 0x2e07620
                0x00000004                        OPTION_SETTING_OTP_SACC00_LENGTH = 0x4
                0x02e07630                        OPTION_SETTING_OTP_SACC10_START = 0x2e07630
                0x00000004                        OPTION_SETTING_OTP_SACC10_LENGTH = 0x4
                0x02e07640                        OPTION_SETTING_OTP_SACC01_START = 0x2e07640
                0x00000004                        OPTION_SETTING_OTP_SACC01_LENGTH = 0x4
                0x02e07650                        OPTION_SETTING_OTP_SACC11_START = 0x2e07650
                0x00000004                        OPTION_SETTING_OTP_SACC11_LENGTH = 0x4
                0x02e07660                        OPTION_SETTING_OTP_SACC02_START = 0x2e07660
                0x00000004                        OPTION_SETTING_OTP_SACC02_LENGTH = 0x4
                0x02e07670                        OPTION_SETTING_OTP_SACC12_START = 0x2e07670
                0x00000004                        OPTION_SETTING_OTP_SACC12_LENGTH = 0x4
                0x02e07680                        OPTION_SETTING_OTP_SACC03_START = 0x2e07680
                0x00000004                        OPTION_SETTING_OTP_SACC03_LENGTH = 0x4
                0x02e07690                        OPTION_SETTING_OTP_SACC13_START = 0x2e07690
                0x00000004                        OPTION_SETTING_OTP_SACC13_LENGTH = 0x4
                0x02e17700                        OPTION_SETTING_OTP_PBPS_SEC_START = 0x2e17700
                0x00000080                        OPTION_SETTING_OTP_PBPS_SEC_LENGTH = 0x80
                0x12e17780                        OPTION_SETTING_OTP_PBPS_START = 0x12e17780
                0x00000080                        OPTION_SETTING_OTP_PBPS_LENGTH = 0x80
                0x02e17920                        OPTION_SETTING_OTP_ZHUK_START = 0x2e17920
                0x00000004                        OPTION_SETTING_OTP_ZHUK_LENGTH = 0x4
                0x00000000                        ITCM_START = 0x0
                0x00020000                        ITCM_LENGTH = 0x20000
                0x20000000                        DTCM_START = 0x20000000
                0x00020000                        DTCM_LENGTH = 0x20000
START GROUP
LOAD C:/Renesas/RA/e2studio_v2025-12_fsp_v6.4.0/toolchains/gcc_arm/13.2.rel1/bin/../lib/gcc/arm-none-eabi/13.2.1/thumb/v8-m.main+dp/hard\libgcc.a
LOAD C:/Renesas/RA/e2studio_v2025-12_fsp_v6.4.0/toolchains/gcc_arm/13.2.rel1/bin/../lib/gcc/arm-none-eabi/13.2.1/thumb/v8-m.main+dp/hard\libc.a
LOAD C:/Renesas/RA/e2studio_v2025-12_fsp_v6.4.0/toolchains/gcc_arm/13.2.rel1/bin/../lib/gcc/arm-none-eabi/13.2.1/thumb/v8-m.main+dp/hard\libm.a
END GROUP

.ospi0_cs1.startof
                0x90000000        0x0
                0x90000000                        __ddsc_OSPI0_CS1_START = .

.sdram.startof  0x68000000        0x0
                0x68000000                        __ddsc_SDRAM_START = .

__sdram_from_ospi0_cs1$$
                0x68000000        0x0 load address 0x90000000
                0x68000000                        __sdram_from_ospi0_cs1$$Base = .
                0x90000000                        __sdram_from_ospi0_cs1$$Load = LOADADDR (__sdram_from_ospi0_cs1$$)
 *(.sdram_from_ospi0_cs1)
 *(.sdram_code_from_ospi0_cs1)
                0x68000000                        __sdram_from_ospi0_cs1$$Limit = .

.ospi0_cs0.startof
                0x80000000        0x0
                0x80000000                        __ddsc_OSPI0_CS0_START = .

__ospi0_cs0_from_ospi0_cs1$$
                0x80000000        0x0 load address 0x90000000
                0x80000000                        __ospi0_cs0_from_ospi0_cs1$$Base = .
                0x90000000                        __ospi0_cs0_from_ospi0_cs1$$Load = LOADADDR (__ospi0_cs0_from_ospi0_cs1$$)
 *(.ospi0_cs0_from_ospi0_cs1)
 *(.ospi0_cs0_code_from_ospi0_cs1)
                0x80000000                        __ospi0_cs0_from_ospi0_cs1$$Limit = .

.ospi1_cs0.startof
                0x70000000        0x0
                0x70000000                        __ddsc_OSPI1_CS0_START = .

__ospi1_cs0_from_ospi0_cs1$$
                0x70000000        0x0 load address 0x90000000
                0x70000000                        __ospi1_cs0_from_ospi0_cs1$$Base = .
                0x90000000                        __ospi1_cs0_from_ospi0_cs1$$Load = LOADADDR (__ospi1_cs0_from_ospi0_cs1$$)
 *(.ospi1_cs0_from_ospi0_cs1)
 *(.ospi1_cs0_code_from_ospi0_cs1)
                0x70000000                        __ospi1_cs0_from_ospi0_cs1$$Limit = .

.itcm.startof   0x00000000        0x0
                0x00000000                        __ddsc_ITCM_START = .

__itcm_from_ospi0_cs1$$
                0x00000000        0x0 load address 0x90000000
                0x00000000                        __itcm_from_ospi0_cs1$$Base = .
                0x90000000                        __itcm_from_ospi0_cs1$$Load = LOADADDR (__itcm_from_ospi0_cs1$$)
 *(.itcm_from_ospi0_cs1)
 *(.itcm_code_from_ospi0_cs1)
                0x00000000                        __itcm_from_ospi0_cs1$$Limit = .

.dtcm.startof   0x20000000        0x0
                0x20000000                        __ddsc_DTCM_START = .

__dtcm_from_ospi0_cs1$$
                0x20000000        0x0 load address 0x90000000
                0x20000000                        __dtcm_from_ospi0_cs1$$Base = .
                0x90000000                        __dtcm_from_ospi0_cs1$$Load = LOADADDR (__dtcm_from_ospi0_cs1$$)
 *(.dtcm_from_ospi0_cs1)
 *(.dtcm_code_from_ospi0_cs1)
                0x20000000                        __dtcm_from_ospi0_cs1$$Limit = .

.ram.startof    0x22000000        0x0
                0x22000000                        __ddsc_RAM_START = .

__ram_dtc_vector$$
                0x22000000        0x0
                0x22000000                        __ram_dtc_vector$$Base = .
 *(.fsp_dtc_vector_table)
                0x22000000                        __ram_dtc_vector$$Limit = .

__ram_from_ospi0_cs1$$
                0x22000000        0x0 load address 0x90000000
                0x22000000                        __ram_from_ospi0_cs1$$Base = .
                0x90000000                        __ram_from_ospi0_cs1$$Load = LOADADDR (__ram_from_ospi0_cs1$$)
 *(.ram_from_ospi0_cs1)
 *(.ram_code_from_ospi0_cs1)
                0x22000000                        __ram_from_ospi0_cs1$$Limit = .

__ospi0_cs1_readonly$$
                0x90000000        0x0
                0x90000000                        __ospi0_cs1_readonly$$Base = .
 *(.ospi0_cs1)
 *(.ospi0_cs1_code)
                0x90000000                        __ospi0_cs1_readonly$$Limit = .

__ospi0_cs1_noinit$$
                0x90000000        0x0
                0x90000000                        __ospi0_cs1_noinit$$Base = .
 *(.ospi0_cs1_noinit)
                0x90000000                        __ospi0_cs1_noinit$$Limit = .

.ospi0_cs1.endof
                0x90000000        0x0
                0x90000000                        __ddsc_OSPI0_CS1_END = .

.ospi1_cs1.startof
                0x78000000        0x0
                0x78000000                        __ddsc_OSPI1_CS1_START = .

__sdram_from_ospi1_cs1$$
                0x68000000        0x0 load address 0x78000000
                0x68000000                        __sdram_from_ospi1_cs1$$Base = .
                0x78000000                        __sdram_from_ospi1_cs1$$Load = LOADADDR (__sdram_from_ospi1_cs1$$)
 *(.sdram_from_ospi1_cs1)
 *(.sdram_code_from_ospi1_cs1)
                0x68000000                        __sdram_from_ospi1_cs1$$Limit = .

__ospi0_cs0_from_ospi1_cs1$$
                0x80000000        0x0 load address 0x78000000
                0x80000000                        __ospi0_cs0_from_ospi1_cs1$$Base = .
                0x78000000                        __ospi0_cs0_from_ospi1_cs1$$Load = LOADADDR (__ospi0_cs0_from_ospi1_cs1$$)
 *(.ospi0_cs0_from_ospi1_cs1)
 *(.ospi0_cs0_code_from_ospi1_cs1)
                0x80000000                        __ospi0_cs0_from_ospi1_cs1$$Limit = .

__ospi1_cs0_from_ospi1_cs1$$
                0x70000000        0x0 load address 0x78000000
                0x70000000                        __ospi1_cs0_from_ospi1_cs1$$Base = .
                0x78000000                        __ospi1_cs0_from_ospi1_cs1$$Load = LOADADDR (__ospi1_cs0_from_ospi1_cs1$$)
 *(.ospi1_cs0_from_ospi1_cs1)
 *(.ospi1_cs0_code_from_ospi1_cs1)
                0x70000000                        __ospi1_cs0_from_ospi1_cs1$$Limit = .

__itcm_from_ospi1_cs1$$
                0x00000000        0x0 load address 0x78000000
                0x00000000                        __itcm_from_ospi1_cs1$$Base = .
                0x78000000                        __itcm_from_ospi1_cs1$$Load = LOADADDR (__itcm_from_ospi1_cs1$$)
 *(.itcm_from_ospi1_cs1)
 *(.itcm_code_from_ospi1_cs1)
                0x00000000                        __itcm_from_ospi1_cs1$$Limit = .

__dtcm_from_ospi1_cs1$$
                0x20000000        0x0 load address 0x78000000
                0x20000000                        __dtcm_from_ospi1_cs1$$Base = .
                0x78000000                        __dtcm_from_ospi1_cs1$$Load = LOADADDR (__dtcm_from_ospi1_cs1$$)
 *(.dtcm_from_ospi1_cs1)
 *(.dtcm_code_from_ospi1_cs1)
                0x20000000                        __dtcm_from_ospi1_cs1$$Limit = .

__ram_from_ospi1_cs1$$
                0x22000000        0x0 load address 0x78000000
                0x22000000                        __ram_from_ospi1_cs1$$Base = .
                0x78000000                        __ram_from_ospi1_cs1$$Load = LOADADDR (__ram_from_ospi1_cs1$$)
 *(.ram_from_ospi1_cs1)
 *(.ram_code_from_ospi1_cs1)
                0x22000000                        __ram_from_ospi1_cs1$$Limit = .

__ospi1_cs1_readonly$$
                0x78000000        0x0
                0x78000000                        __ospi1_cs1_readonly$$Base = .
 *(.ospi1_cs1)
 *(.ospi1_cs1_code)
                0x78000000                        __ospi1_cs1_readonly$$Limit = .

__ospi1_cs1_noinit$$
                0x78000000        0x0
                0x78000000                        __ospi1_cs1_noinit$$Base = .
 *(.ospi1_cs1_noinit)
                0x78000000                        __ospi1_cs1_noinit$$Limit = .

.ospi1_cs1.endof
                0x78000000        0x0
                0x78000000                        __ddsc_OSPI1_CS1_END = .

.data_flash.startof
                0x27000000        0x0
                0x27000000                        __ddsc_DATA_FLASH_START = .

__sdram_from_data_flash$$
                0x68000000        0x0 load address 0x27000000
                0x68000000                        __sdram_from_data_flash$$Base = .
                0x27000000                        __sdram_from_data_flash$$Load = LOADADDR (__sdram_from_data_flash$$)
 *(.sdram_from_data_flash)
 *(.sdram_code_from_data_flash)
                0x68000000                        __sdram_from_data_flash$$Limit = .

__ospi0_cs0_from_data_flash$$
                0x80000000        0x0 load address 0x27000000
                0x80000000                        __ospi0_cs0_from_data_flash$$Base = .
                0x27000000                        __ospi0_cs0_from_data_flash$$Load = LOADADDR (__ospi0_cs0_from_data_flash$$)
 *(.ospi0_cs0_from_data_flash)
 *(.ospi0_cs0_code_from_data_flash)
                0x80000000                        __ospi0_cs0_from_data_flash$$Limit = .

__ospi1_cs0_from_data_flash$$
                0x70000000        0x0 load address 0x27000000
                0x70000000                        __ospi1_cs0_from_data_flash$$Base = .
                0x27000000                        __ospi1_cs0_from_data_flash$$Load = LOADADDR (__ospi1_cs0_from_data_flash$$)
 *(.ospi1_cs0_from_data_flash)
 *(.ospi1_cs0_code_from_data_flash)
                0x70000000                        __ospi1_cs0_from_data_flash$$Limit = .

__itcm_from_data_flash$$
                0x00000000        0x0 load address 0x27000000
                0x00000000                        __itcm_from_data_flash$$Base = .
                0x27000000                        __itcm_from_data_flash$$Load = LOADADDR (__itcm_from_data_flash$$)
 *(.itcm_from_data_flash)
 *(.itcm_code_from_data_flash)
                0x00000000                        __itcm_from_data_flash$$Limit = .

__dtcm_from_data_flash$$
                0x20000000        0x0 load address 0x27000000
                0x20000000                        __dtcm_from_data_flash$$Base = .
                0x27000000                        __dtcm_from_data_flash$$Load = LOADADDR (__dtcm_from_data_flash$$)
 *(.dtcm_from_data_flash)
 *(.dtcm_code_from_data_flash)
                0x20000000                        __dtcm_from_data_flash$$Limit = .

__ram_from_data_flash$$
                0x22000000        0x0 load address 0x27000000
                0x22000000                        __ram_from_data_flash$$Base = .
                0x27000000                        __ram_from_data_flash$$Load = LOADADDR (__ram_from_data_flash$$)
 *(.ram_from_data_flash)
 *(.ram_code_from_data_flash)
                0x22000000                        __ram_from_data_flash$$Limit = .

__data_flash_readonly$$
                0x27000000        0x0
                0x27000000                        __data_flash_readonly$$Base = .
 *(.data_flash)
 *(.data_flash_code)
                0x27000000                        __data_flash_readonly$$Limit = .

__data_flash_noinit$$
                0x27000000        0x0
                0x27000000                        __data_flash_noinit$$Base = .
 *(.data_flash_noinit)
                0x27000000                        __data_flash_noinit$$Limit = .

.data_flash.endof
                0x27000000        0x0
                0x27000000                        __ddsc_DATA_FLASH_END = .

.flash.startof  0x02000000        0x0
                0x02000000                        __ddsc_FLASH_START = .

__flash_vectors$$
                0x02000000       0xbc
                0x02000000                        __flash_vectors$$Base = .
                0x02000000                        _VECTORS = .
 *(.fixed_vectors)
 .fixed_vectors
                0x02000000       0x40 ./ra/fsp/src/bsp/cmsis/Device/RENESAS/Source/startup.o
                0x02000000                __Vectors
 *(.application_vectors)
 .application_vectors
                0x02000040       0x7c ./ra_gen/vector_data.o
                0x02000040                g_vector_table
                0x020000bc                        __flash_vectors$$Limit = .

__flash_noinit$$
                0x020000bc        0x0
                0x020000bc                        __flash_noinit$$Base = .
 *(.flash_noinit)
                0x020000bc                        __flash_noinit$$Limit = .

__sdram_from_flash$$
                0x68000000        0x0 load address 0x020000bc
                0x68000000                        __sdram_from_flash$$Base = .
                0x020000bc                        __sdram_from_flash$$Load = LOADADDR (__sdram_from_flash$$)
 *(.sdram_from_flash)
 *(.sdram_code_from_flash)
                0x68000000                        __sdram_from_flash$$Limit = .

__sdram_noinit_nocache$$
                0x68000000        0x0 load address 0x020000c0
                0x68000000                        __sdram_noinit_nocache$$Base = .
 *(.bss.sdram_noinit)
 *(.sdram_noinit_nocache)
                0x68000000                        __sdram_noinit_nocache$$Limit = .

__sdram_zero_nocache$$
                0x68000000        0x0 load address 0x020000bc
                0x68000000                        __sdram_zero_nocache$$Base = .
 *(.sdram_nocache)
                0x68000000                        . = ALIGN (0x20)
                0x68000000                        __sdram_zero_nocache$$Limit = .

__sdram_noinit$$
                0x68000000        0x0 load address 0x020000bc
                0x68000000                        __sdram_noinit$$Base = .
 *(.sdram_noinit)
                0x68000000                        __sdram_noinit$$Limit = .

__sdram_zero$$  0x68000000    0x25800 load address 0x020000bc
                0x68000000                        __sdram_zero$$Base = .
 *(.sdram)
 .sdram         0x68000000    0x25800 ./src/hal_entry.o
                0x68025800                        __sdram_zero$$Limit = .

.sdram.endof    0x68025800        0x0
                0x68025800                        __ddsc_SDRAM_END = .

__ospi0_cs0_from_flash$$
                0x80000000        0x0 load address 0x020000bc
                0x80000000                        __ospi0_cs0_from_flash$$Base = .
                0x020000bc                        __ospi0_cs0_from_flash$$Load = LOADADDR (__ospi0_cs0_from_flash$$)
 *(.ospi0_cs0_from_flash)
 *(.ospi0_cs0_code_from_flash)
                0x80000000                        __ospi0_cs0_from_flash$$Limit = .

__ospi0_cs0_noinit_nocache$$
                0x80000000        0x0 load address 0x020000c0
                0x80000000                        __ospi0_cs0_noinit_nocache$$Base = .
 *(.ospi0_cs0_noinit_nocache)
                0x80000000                        __ospi0_cs0_noinit_nocache$$Limit = .

__ospi0_cs0_zero_nocache$$
                0x80000000        0x0 load address 0x020000bc
                0x80000000                        __ospi0_cs0_zero_nocache$$Base = .
 *(.ospi0_cs0_nocache)
                0x80000000                        . = ALIGN (0x20)
                0x80000000                        __ospi0_cs0_zero_nocache$$Limit = .

__ospi0_cs0_noinit$$
                0x80000000        0x0 load address 0x020000bc
                0x80000000                        __ospi0_cs0_noinit$$Base = .
 *(.ospi0_cs0_noinit)
                0x80000000                        __ospi0_cs0_noinit$$Limit = .

__ospi0_cs0_zero$$
                0x80000000        0x0 load address 0x020000bc
                0x80000000                        __ospi0_cs0_zero$$Base = .
 *(.ospi0_cs0)
                0x80000000                        __ospi0_cs0_zero$$Limit = .

.ospi0_cs0.endof
                0x80000000        0x0
                0x80000000                        __ddsc_OSPI0_CS0_END = .

__ospi1_cs0_from_flash$$
                0x70000000        0x0 load address 0x020000bc
                0x70000000                        __ospi1_cs0_from_flash$$Base = .
                0x020000bc                        __ospi1_cs0_from_flash$$Load = LOADADDR (__ospi1_cs0_from_flash$$)
 *(.ospi1_cs0_from_flash)
 *(.ospi1_cs0_code_from_flash)
                0x70000000                        __ospi1_cs0_from_flash$$Limit = .

__ospi1_cs0_noinit_nocache$$
                0x70000000        0x0 load address 0x020000c0
                0x70000000                        __ospi1_cs0_noinit_nocache$$Base = .
 *(.ospi1_cs0_noinit_nocache)
                0x70000000                        __ospi1_cs0_noinit_nocache$$Limit = .

__ospi1_cs0_zero_nocache$$
                0x70000000        0x0 load address 0x020000bc
                0x70000000                        __ospi1_cs0_zero_nocache$$Base = .
 *(.ospi1_cs0_nocache)
                0x70000000                        . = ALIGN (0x20)
                0x70000000                        __ospi1_cs0_zero_nocache$$Limit = .

__ospi1_cs0_noinit$$
                0x70000000        0x0 load address 0x020000bc
                0x70000000                        __ospi1_cs0_noinit$$Base = .
 *(.ospi1_cs0_noinit)
                0x70000000                        __ospi1_cs0_noinit$$Limit = .

__ospi1_cs0_zero$$
                0x70000000        0x0 load address 0x020000bc
                0x70000000                        __ospi1_cs0_zero$$Base = .
 *(.ospi1_cs0)
                0x70000000                        __ospi1_cs0_zero$$Limit = .

.ospi1_cs0.endof
                0x70000000        0x0
                0x70000000                        __ddsc_OSPI1_CS0_END = .

__itcm_from_flash$$
                0x00000000        0x0 load address 0x020000bc
                0x00000000                        __itcm_from_flash$$Base = .
                0x020000bc                        __itcm_from_flash$$Load = LOADADDR (__itcm_from_flash$$)
 *(.itcm_from_flash)
 *(.itcm_code_from_flash)
                0x00000000                        __itcm_from_flash$$Limit = .

__itcm_noinit$$
                0x00000000        0x0 load address 0x020000bc
                0x00000000                        __itcm_noinit$$Base = .
 *(.itcm_noinit)
                0x00000000                        __itcm_noinit$$Limit = .

__itcm_zero$$   0x00000000        0x0 load address 0x020000bc
                0x00000000                        __itcm_zero$$Base = .
 *(.itcm)
                0x00000000                        __itcm_zero$$Limit = .

.itcm.endof     0x00000000        0x0
                0x00000000                        __ddsc_ITCM_END = .

__dtcm_from_flash$$
                0x20000000        0x0 load address 0x020000bc
                0x20000000                        __dtcm_from_flash$$Base = .
                0x020000bc                        __dtcm_from_flash$$Load = LOADADDR (__dtcm_from_flash$$)
 *(.dtcm_from_flash)
 *(.dtcm_code_from_flash)
                0x20000000                        __dtcm_from_flash$$Limit = .

__dtcm_noinit$$
                0x20000000        0x0 load address 0x020000bc
                0x20000000                        __dtcm_noinit$$Base = .
 *(.dtcm_noinit)
                0x20000000                        __dtcm_noinit$$Limit = .

__dtcm_zero$$   0x20000000        0x0 load address 0x020000bc
                0x20000000                        __dtcm_zero$$Base = .
 *(.dtcm)
                0x20000000                        __dtcm_zero$$Limit = .

.dtcm.endof     0x20000000        0x0
                0x20000000                        __ddsc_DTCM_END = .

__ram_from_flash$$
                0x22000000      0x1ec load address 0x020000bc
                0x22000000                        __ram_from_flash$$Base = .
                0x020000bc                        __ram_from_flash$$Load = LOADADDR (__ram_from_flash$$)
 *(.ram_from_flash)
 *(.ram_code_from_flash)
 *(.data*)
 .data.g_uart_done
                0x22000000        0x1 ./src/hal_entry.o
 *fill*         0x22000001        0x3 
 .data.g_rm_ethosu0_ctrl
                0x22000004       0x18 ./ra_gen/common_data.o
                0x22000004                g_rm_ethosu0_ctrl
 .data.g_rm_ethosu0_ext_cfg
                0x2200001c        0x4 ./ra_gen/common_data.o
                0x2200001c                g_rm_ethosu0_ext_cfg
 .data.g_uart9_baud_setting
                0x22000020        0x4 ./ra_gen/hal_data.o
                0x22000020                g_uart9_baud_setting
 .data.__sglue  0x22000024        0xc C:/Renesas/RA/e2studio_v2025-12_fsp_v6.4.0/toolchains/gcc_arm/13.2.rel1/bin/../lib/gcc/arm-none-eabi/13.2.1/thumb/v8-m.main+dp/hard\libg_nano.a(libc_a-findfp.o)
                0x22000024                __sglue
 .data._impure_ptr
                0x22000030        0x4 C:/Renesas/RA/e2studio_v2025-12_fsp_v6.4.0/toolchains/gcc_arm/13.2.rel1/bin/../lib/gcc/arm-none-eabi/13.2.1/thumb/v8-m.main+dp/hard\libg_nano.a(libc_a-impure.o)
                0x22000030                _impure_ptr
 .data._impure_data
                0x22000034       0x4c C:/Renesas/RA/e2studio_v2025-12_fsp_v6.4.0/toolchains/gcc_arm/13.2.rel1/bin/../lib/gcc/arm-none-eabi/13.2.1/thumb/v8-m.main+dp/hard\libg_nano.a(libc_a-impure.o)
                0x22000034                _impure_data
 .data.__global_locale
                0x22000080      0x16c C:/Renesas/RA/e2studio_v2025-12_fsp_v6.4.0/toolchains/gcc_arm/13.2.rel1/bin/../lib/gcc/arm-none-eabi/13.2.1/thumb/v8-m.main+dp/hard\libg_nano.a(libc_a-locale.o)
                0x22000080                __global_locale
 *(vtable)
                0x220001ec                        __ram_from_flash$$Limit = .

.tm_clone_table
                0x220001ec        0x0 load address 0x020002a8
 .tm_clone_table
                0x220001ec        0x0 C:/Renesas/RA/e2studio_v2025-12_fsp_v6.4.0/toolchains/gcc_arm/13.2.rel1/bin/../lib/gcc/arm-none-eabi/13.2.1/thumb/v8-m.main+dp/hard/crtbegin.o
 .tm_clone_table
                0x220001ec        0x0 C:/Renesas/RA/e2studio_v2025-12_fsp_v6.4.0/toolchains/gcc_arm/13.2.rel1/bin/../lib/gcc/arm-none-eabi/13.2.1/thumb/v8-m.main+dp/hard/crtend.o

.igot.plt       0x220001ec        0x0 load address 0x020002a8
 .igot.plt      0x220001ec        0x0 C:/Renesas/RA/e2studio_v2025-12_fsp_v6.4.0/toolchains/gcc_arm/13.2.rel1/bin/../lib/gcc/arm-none-eabi/13.2.1/thumb/v8-m.main+dp/hard/crtbegin.o

__ram_noinit_nocache$$
                0x22000200        0x0 load address 0x020002c0
                0x22000200                        __ram_noinit_nocache$$Base = .
 *(.ram_noinit_nocache)
                0x22000200                        __ram_noinit_nocache$$Limit = .

__ram_zero_nocache$$
                0x220001ec       0x14 load address 0x020002a8
                0x220001ec                        __ram_zero_nocache$$Base = .
 *(.ram_nocache)
                0x22000200                        . = ALIGN (0x20)
 *fill*         0x220001ec       0x14 
                0x22000200                        __ram_zero_nocache$$Limit = .

__ram_noinit$$  0x22000200     0x602c load address 0x020002a8
                0x22000200                        __ram_noinit$$Base = .
 *(.bss.g_heap)
 .bss.g_heap    0x22000200     0x2000 ./ra/fsp/src/bsp/cmsis/Device/RENESAS/Source/startup.o
                0x22000200                g_heap
 *(.bss.g_main_stack)
 .bss.g_main_stack
                0x22002200     0x4000 ./ra/fsp/src/bsp/cmsis/Device/RENESAS/Source/startup.o
                0x22002200                g_main_stack
 *(.ram_noinit)
 .ram_noinit    0x22006200       0x2c ./ra/fsp/src/bsp/mcu/all/bsp_clocks.o
 *(.noinit)
                0x2200622c                        __ram_noinit$$Limit = .

__ram_zero$$    0x22006230    0x80342 load address 0x020002a8
                0x22006230                        __ram_zero$$Base = .
 *(.ram)
 *(.bss*)
 .bss.completed.1
                0x22006230        0x1 C:/Renesas/RA/e2studio_v2025-12_fsp_v6.4.0/toolchains/gcc_arm/13.2.rel1/bin/../lib/gcc/arm-none-eabi/13.2.1/thumb/v8-m.main+dp/hard/crtbegin.o
 *fill*         0x22006231        0x3 
 .bss.object.0  0x22006234       0x18 C:/Renesas/RA/e2studio_v2025-12_fsp_v6.4.0/toolchains/gcc_arm/13.2.rel1/bin/../lib/gcc/arm-none-eabi/13.2.1/thumb/v8-m.main+dp/hard/crtbegin.o
 *fill*         0x2200624c        0x4 
 .bss.sub_0000_arena
                0x22006250    0x80000 ./src/sub_0000_invoke.o
                0x22006250                sub_0000_arena
 .bss.g_ioport_ctrl
                0x22086250        0x8 ./ra_gen/common_data.o
                0x22086250                g_ioport_ctrl
 .bss.g_ethosu0
                0x22086258       0x48 ./ra_gen/common_data.o
                0x22086258                g_ethosu0
 .bss.g_uart9_ctrl
                0x220862a0       0x34 ./ra_gen/hal_data.o
                0x220862a0                g_uart9_ctrl
 .bss.g_i2c_master0_ctrl
                0x220862d4       0x40 ./ra_gen/hal_data.o
                0x220862d4                g_i2c_master0_ctrl
 .bss.mutex_placeholder.3
                0x22086314        0x1 ./ra/npu/ethos-u-core-driver/src/ethosu_driver.o
 *fill*         0x22086315        0x3 
 .bss.ethosu_semaphore
                0x22086318        0x4 ./ra/npu/ethos-u-core-driver/src/ethosu_driver.o
 .bss.ethosu_mutex
                0x2208631c        0x4 ./ra/npu/ethos-u-core-driver/src/ethosu_driver.o
 .bss.registered_drivers
                0x22086320        0x4 ./ra/npu/ethos-u-core-driver/src/ethosu_driver.o
 *fill*         0x22086324        0x4 
 .bss.g_bsp_group_irq_sources
                0x22086328       0x54 ./ra/fsp/src/bsp/mcu/all/bsp_group_irq.o
                0x22086328                g_bsp_group_irq_sources
 .bss.g_protect_pfswe_counter
                0x2208637c        0x4 ./ra/fsp/src/bsp/mcu/all/bsp_io.o
                0x2208637c                g_protect_pfswe_counter
 .bss.gp_renesas_isr_context
                0x22086380       0x7c ./ra/fsp/src/bsp/mcu/all/bsp_irq.o
                0x22086380                gp_renesas_isr_context
 .bss.g_protect_counters
                0x220863fc        0xa ./ra/fsp/src/bsp/mcu/all/bsp_register_protection.o
                0x220863fc                g_protect_counters
 *fill*         0x22086406        0x2 
 .bss.current_block_offset.0
                0x22086408        0x4 ./ra/fsp/src/bsp/mcu/all/bsp_sbrk.o
 .bss.SystemCoreClock
                0x2208640c        0x4 ./ra/fsp/src/bsp/cmsis/Device/RENESAS/Source/system.o
                0x2208640c                SystemCoreClock
 .bss.g_ceu_frame_done
                0x22086410        0x1 ./code/ov5640.o
 *fill*         0x22086411        0x3 
 .bss.g_frame   0x22086414       0x10 ./code/ov5640.o
 .bss.g_i2c_error
                0x22086424        0x1 ./code/ov5640.o
 .bss.g_i2c_rx_complete
                0x22086425        0x1 ./code/ov5640.o
 .bss.g_i2c_tx_complete
                0x22086426        0x1 ./code/ov5640.o
 *fill*         0x22086427        0x1 
 .bss.__malloc_sbrk_start
                0x22086428        0x4 C:/Renesas/RA/e2studio_v2025-12_fsp_v6.4.0/toolchains/gcc_arm/13.2.rel1/bin/../lib/gcc/arm-none-eabi/13.2.1/thumb/v8-m.main+dp/hard\libg_nano.a(libc_a-mallocr.o)
                0x22086428                __malloc_sbrk_start
 .bss.__malloc_free_list
                0x2208642c        0x4 C:/Renesas/RA/e2studio_v2025-12_fsp_v6.4.0/toolchains/gcc_arm/13.2.rel1/bin/../lib/gcc/arm-none-eabi/13.2.1/thumb/v8-m.main+dp/hard\libg_nano.a(libc_a-mallocr.o)
                0x2208642c                __malloc_free_list
 .bss.__sf      0x22086430      0x138 C:/Renesas/RA/e2studio_v2025-12_fsp_v6.4.0/toolchains/gcc_arm/13.2.rel1/bin/../lib/gcc/arm-none-eabi/13.2.1/thumb/v8-m.main+dp/hard\libg_nano.a(libc_a-findfp.o)
                0x22086430                __sf
 .bss.__stdio_exit_handler
                0x22086568        0x4 C:/Renesas/RA/e2studio_v2025-12_fsp_v6.4.0/toolchains/gcc_arm/13.2.rel1/bin/../lib/gcc/arm-none-eabi/13.2.1/thumb/v8-m.main+dp/hard\libg_nano.a(libc_a-findfp.o)
                0x22086568                __stdio_exit_handler
 .bss.errno     0x2208656c        0x4 C:/Renesas/RA/e2studio_v2025-12_fsp_v6.4.0/toolchains/gcc_arm/13.2.rel1/bin/../lib/gcc/arm-none-eabi/13.2.1/thumb/v8-m.main+dp/hard\libg_nano.a(libc_a-reent.o)
                0x2208656c                errno
 .bss.__lock___malloc_recursive_mutex
                0x22086570        0x1 C:/Renesas/RA/e2studio_v2025-12_fsp_v6.4.0/toolchains/gcc_arm/13.2.rel1/bin/../lib/gcc/arm-none-eabi/13.2.1/thumb/v8-m.main+dp/hard\libg_nano.a(libc_a-lock.o)
                0x22086570                __lock___malloc_recursive_mutex
 .bss.__lock___sfp_recursive_mutex
                0x22086571        0x1 C:/Renesas/RA/e2studio_v2025-12_fsp_v6.4.0/toolchains/gcc_arm/13.2.rel1/bin/../lib/gcc/arm-none-eabi/13.2.1/thumb/v8-m.main+dp/hard\libg_nano.a(libc_a-lock.o)
                0x22086571                __lock___sfp_recursive_mutex
                0x22086572                        __ram_zero$$Limit = .

__ram_thread_stack$$
                0x22086578        0x0 load address 0x020002a8
                0x22086578                        __ram_thread_stack$$Base = .
 *(.stack?*)
                0x22086578                        __ram_thread_stack$$Limit = .

.ram.endof      0x22086600        0x0
                0x22086600                        __ddsc_RAM_END = .

.ram.flat_nsc   0x22086600        0x0
                0x22086600                        __ddsc_RAM_NSC = .

__flash_readonly$$
                0x020002b0    0x7865c
                0x020002b0                        __flash_readonly$$Base = .
 *(.flash)
 *(.flash_code)
 *(.text*)
 .text.deregister_tm_clones
                0x020002b0       0x1c C:/Renesas/RA/e2studio_v2025-12_fsp_v6.4.0/toolchains/gcc_arm/13.2.rel1/bin/../lib/gcc/arm-none-eabi/13.2.1/thumb/v8-m.main+dp/hard/crtbegin.o
 .text.register_tm_clones
                0x020002cc       0x28 C:/Renesas/RA/e2studio_v2025-12_fsp_v6.4.0/toolchains/gcc_arm/13.2.rel1/bin/../lib/gcc/arm-none-eabi/13.2.1/thumb/v8-m.main+dp/hard/crtbegin.o
 .text.__do_global_dtors_aux
                0x020002f4       0x28 C:/Renesas/RA/e2studio_v2025-12_fsp_v6.4.0/toolchains/gcc_arm/13.2.rel1/bin/../lib/gcc/arm-none-eabi/13.2.1/thumb/v8-m.main+dp/hard/crtbegin.o
 .text.frame_dummy
                0x0200031c       0x24 C:/Renesas/RA/e2studio_v2025-12_fsp_v6.4.0/toolchains/gcc_arm/13.2.rel1/bin/../lib/gcc/arm-none-eabi/13.2.1/thumb/v8-m.main+dp/hard/crtbegin.o
 .text.user_uart9_callback
                0x02000340       0x18 ./src/hal_entry.o
                0x02000340                user_uart9_callback
 .text._write   0x02000358       0x3c ./src/hal_entry.o
                0x02000358                _write
 .text._close   0x02000394        0x8 ./src/hal_entry.o
                0x02000394                _close
 .text._lseek   0x0200039c        0x4 ./src/hal_entry.o
                0x0200039c                _lseek
 .text._read    0x020003a0        0x8 ./src/hal_entry.o
                0x020003a0                _read
 .text._fstat   0x020003a8        0x4 ./src/hal_entry.o
                0x020003a8                _fstat
 .text._isatty  0x020003ac        0x4 ./src/hal_entry.o
                0x020003ac                _isatty
 .text.hal_entry
                0x020003b0      0x24c ./src/hal_entry.o
                0x020003b0                hal_entry
 .text.R_BSP_WarmStart
                0x020005fc       0x24 ./src/hal_warmstart.o
                0x020005fc                R_BSP_WarmStart
 .text.GetModelInputPtr_serving_default_input_0
                0x02000620       0x14 ./src/model.o
                0x02000620                GetModelInputPtr_serving_default_input_0
 .text.GetModelOutputPtr_StatefulPartitionedCall_1_0_70031
                0x02000634       0x14 ./src/model.o
                0x02000634                GetModelOutputPtr_StatefulPartitionedCall_1_0_70031
 .text.RunModel
                0x02000648        0x4 ./src/model.o
                0x02000648                RunModel
 .text.sub_0000_invoke
                0x0200064c       0x98 ./src/sub_0000_invoke.o
                0x0200064c                sub_0000_invoke
 .text.startup.main
                0x020006e4        0xc ./ra_gen/main.o
                0x020006e4                main
 .text.ethosu_address_remap
                0x020006f0        0x4 ./ra/npu/ethos-u-core-driver/src/ethosu_device_u55_u65.o
                0x020006f0                ethosu_address_remap
 .text.ethosu_dev_run_command_stream
                0x020006f4       0xb0 ./ra/npu/ethos-u-core-driver/src/ethosu_device_u55_u65.o
                0x020006f4                ethosu_dev_run_command_stream
 .text.ethosu_dev_print_err_status
                0x020007a4        0x4 ./ra/npu/ethos-u-core-driver/src/ethosu_device_u55_u65.o
                0x020007a4                ethosu_dev_print_err_status
 .text.ethosu_dev_handle_interrupt
                0x020007a8       0x44 ./ra/npu/ethos-u-core-driver/src/ethosu_device_u55_u65.o
                0x020007a8                ethosu_dev_handle_interrupt
 .text.ethosu_dev_soft_reset
                0x020007ec       0xa8 ./ra/npu/ethos-u-core-driver/src/ethosu_device_u55_u65.o
                0x020007ec                ethosu_dev_soft_reset
 .text.ethosu_dev_init
                0x02000894       0x20 ./ra/npu/ethos-u-core-driver/src/ethosu_device_u55_u65.o
                0x02000894                ethosu_dev_init
 .text.ethosu_dev_set_clock_and_power
                0x020008b4       0x34 ./ra/npu/ethos-u-core-driver/src/ethosu_device_u55_u65.o
                0x020008b4                ethosu_dev_set_clock_and_power
 .text.ethosu_dev_verify_optimizer_config
                0x020008e8       0x68 ./ra/npu/ethos-u-core-driver/src/ethosu_device_u55_u65.o
                0x020008e8                ethosu_dev_verify_optimizer_config
 .text.ethosu_mutex_create
                0x02000950        0x8 ./ra/npu/ethos-u-core-driver/src/ethosu_driver.o
                0x02000950                ethosu_mutex_create
 .text.ethosu_mutex_lock
                0x02000958        0x4 ./ra/npu/ethos-u-core-driver/src/ethosu_driver.o
                0x02000958                ethosu_mutex_lock
 .text.ethosu_mutex_unlock
                0x0200095c        0x4 ./ra/npu/ethos-u-core-driver/src/ethosu_driver.o
                0x0200095c                ethosu_mutex_unlock
 .text.ethosu_semaphore_create
                0x02000960       0x10 ./ra/npu/ethos-u-core-driver/src/ethosu_driver.o
                0x02000960                ethosu_semaphore_create
 .text.ethosu_semaphore_take
                0x02000970       0x14 ./ra/npu/ethos-u-core-driver/src/ethosu_driver.o
                0x02000970                ethosu_semaphore_take
 .text.ethosu_semaphore_give
                0x02000984        0xc ./ra/npu/ethos-u-core-driver/src/ethosu_driver.o
                0x02000984                ethosu_semaphore_give
 .text.ethosu_inference_begin
                0x02000990        0x4 ./ra/npu/ethos-u-core-driver/src/ethosu_driver.o
                0x02000990                ethosu_inference_begin
 .text.ethosu_inference_end
                0x02000994        0x4 ./ra/npu/ethos-u-core-driver/src/ethosu_driver.o
                0x02000994                ethosu_inference_end
 .text.ethosu_irq_handler
                0x02000998       0x28 ./ra/npu/ethos-u-core-driver/src/ethosu_driver.o
                0x02000998                ethosu_irq_handler
 .text.ethosu_init
                0x020009c0       0xa0 ./ra/npu/ethos-u-core-driver/src/ethosu_driver.o
                0x020009c0                ethosu_init
 .text.ethosu_wait
                0x02000a60       0xe8 ./ra/npu/ethos-u-core-driver/src/ethosu_driver.o
                0x02000a60                ethosu_wait
 .text.ethosu_invoke_async
                0x02000b48      0x1a4 ./ra/npu/ethos-u-core-driver/src/ethosu_driver.o
                0x02000b48                ethosu_invoke_async
 .text.ethosu_invoke_v3
                0x02000cec       0x30 ./ra/npu/ethos-u-core-driver/src/ethosu_driver.o
                0x02000cec                ethosu_invoke_v3
 .text.RM_ETHOSU_Open
                0x02000d1c       0xdc ./ra/fsp/src/rm_ethosu/rm_ethosu.o
                0x02000d1c                RM_ETHOSU_Open
 .text.rm_ethosu_isr
                0x02000df8       0x5c ./ra/fsp/src/rm_ethosu/rm_ethosu.o
                0x02000df8                rm_ethosu_isr
 .text.ethosu_flush_dcache
                0x02000e54        0x4 ./ra/fsp/src/rm_ethosu/rm_ethosu.o
                0x02000e54                ethosu_flush_dcache
 .text.ethosu_invalidate_dcache
                0x02000e58        0x4 ./ra/fsp/src/rm_ethosu/rm_ethosu.o
                0x02000e58                ethosu_invalidate_dcache
 .text.R_SCI_B_UART_Read
                0x02000e5c        0xc ./ra/fsp/src/r_sci_b_uart/r_sci_b_uart.o
                0x02000e5c                R_SCI_B_UART_Read
 .text.R_SCI_B_UART_Write
                0x02000e68       0x40 ./ra/fsp/src/r_sci_b_uart/r_sci_b_uart.o
                0x02000e68                R_SCI_B_UART_Write
 .text.R_SCI_B_UART_CallbackSet
                0x02000ea8       0x10 ./ra/fsp/src/r_sci_b_uart/r_sci_b_uart.o
                0x02000ea8                R_SCI_B_UART_CallbackSet
 .text.R_SCI_B_UART_InfoGet
                0x02000eb8        0xc ./ra/fsp/src/r_sci_b_uart/r_sci_b_uart.o
                0x02000eb8                R_SCI_B_UART_InfoGet
 .text.R_SCI_B_UART_Abort
                0x02000ec4       0x48 ./ra/fsp/src/r_sci_b_uart/r_sci_b_uart.o
                0x02000ec4                R_SCI_B_UART_Abort
 .text.R_SCI_B_UART_ReadStop
                0x02000f0c       0x14 ./ra/fsp/src/r_sci_b_uart/r_sci_b_uart.o
                0x02000f0c                R_SCI_B_UART_ReadStop
 .text.R_SCI_B_UART_ReceiveSuspend
                0x02000f20        0x4 ./ra/fsp/src/r_sci_b_uart/r_sci_b_uart.o
                0x02000f20                R_SCI_B_UART_ReceiveSuspend
 .text.r_sci_b_irq_cfg
                0x02000f24       0x70 ./ra/fsp/src/r_sci_b_uart/r_sci_b_uart.o
 .text.r_sci_b_uart_call_callback
                0x02000f94       0x44 ./ra/fsp/src/r_sci_b_uart/r_sci_b_uart.o
 .text.R_SCI_B_UART_Close
                0x02000fd8       0xf4 ./ra/fsp/src/r_sci_b_uart/r_sci_b_uart.o
                0x02000fd8                R_SCI_B_UART_Close
 .text.r_sci_b_uart_synchronization_delay_cfg.constprop.0
                0x020010cc       0x7c ./ra/fsp/src/r_sci_b_uart/r_sci_b_uart.o
 .text.R_SCI_B_UART_BaudSet
                0x02001148       0x30 ./ra/fsp/src/r_sci_b_uart/r_sci_b_uart.o
                0x02001148                R_SCI_B_UART_BaudSet
 .text.R_SCI_B_UART_ReceiveResume
                0x02001178        0x4 ./ra/fsp/src/r_sci_b_uart/r_sci_b_uart.o
                0x02001178                R_SCI_B_UART_ReceiveResume
 .text.R_SCI_B_UART_Open
                0x0200117c      0x288 ./ra/fsp/src/r_sci_b_uart/r_sci_b_uart.o
                0x0200117c                R_SCI_B_UART_Open
 .text.sci_b_uart_txi_isr
                0x02001404       0xa8 ./ra/fsp/src/r_sci_b_uart/r_sci_b_uart.o
                0x02001404                sci_b_uart_txi_isr
 .text.sci_b_uart_rxi_isr
                0x020014ac       0x90 ./ra/fsp/src/r_sci_b_uart/r_sci_b_uart.o
                0x020014ac                sci_b_uart_rxi_isr
 .text.sci_b_uart_tei_isr
                0x0200153c       0x4c ./ra/fsp/src/r_sci_b_uart/r_sci_b_uart.o
                0x0200153c                sci_b_uart_tei_isr
 .text.sci_b_uart_eri_isr
                0x02001588       0x84 ./ra/fsp/src/r_sci_b_uart/r_sci_b_uart.o
                0x02001588                sci_b_uart_eri_isr
 .text.bsp_vbatt_init
                0x0200160c       0xec ./ra/fsp/src/r_ioport/r_ioport.o
 .text.r_ioport_pins_config
                0x020016f8       0xac ./ra/fsp/src/r_ioport/r_ioport.o
 .text.R_IOPORT_Open
                0x020017a4       0x14 ./ra/fsp/src/r_ioport/r_ioport.o
                0x020017a4                R_IOPORT_Open
 .text.R_IIC_MASTER_SlaveAddressSet
                0x020017b8        0xc ./ra/fsp/src/r_iic_master/r_iic_master.o
                0x020017b8                R_IIC_MASTER_SlaveAddressSet
 .text.R_IIC_MASTER_CallbackSet
                0x020017c4       0x10 ./ra/fsp/src/r_iic_master/r_iic_master.o
                0x020017c4                R_IIC_MASTER_CallbackSet
 .text.R_IIC_MASTER_StatusGet
                0x020017d4       0x18 ./ra/fsp/src/r_iic_master/r_iic_master.o
                0x020017d4                R_IIC_MASTER_StatusGet
 .text.iic_master_notify
                0x020017ec       0x3c ./ra/fsp/src/r_iic_master/r_iic_master.o
 .text.iic_master_run_hw_master
                0x02001828      0x120 ./ra/fsp/src/r_iic_master/r_iic_master.o
 .text.R_IIC_MASTER_Write
                0x02001948       0x30 ./ra/fsp/src/r_iic_master/r_iic_master.o
                0x02001948                R_IIC_MASTER_Write
 .text.R_IIC_MASTER_Read
                0x02001978       0x34 ./ra/fsp/src/r_iic_master/r_iic_master.o
                0x02001978                R_IIC_MASTER_Read
 .text.iic_master_open_hw_master
                0x020019ac      0x238 ./ra/fsp/src/r_iic_master/r_iic_master.o
 .text.R_IIC_MASTER_Open
                0x02001be4       0x84 ./ra/fsp/src/r_iic_master/r_iic_master.o
                0x02001be4                R_IIC_MASTER_Open
 .text.R_IIC_MASTER_Abort
                0x02001c68       0x30 ./ra/fsp/src/r_iic_master/r_iic_master.o
                0x02001c68                R_IIC_MASTER_Abort
 .text.R_IIC_MASTER_Close
                0x02001c98       0xe4 ./ra/fsp/src/r_iic_master/r_iic_master.o
                0x02001c98                R_IIC_MASTER_Close
 .text.iic_master_rxi_isr
                0x02001d7c      0x194 ./ra/fsp/src/r_iic_master/r_iic_master.o
                0x02001d7c                iic_master_rxi_isr
 .text.iic_master_txi_isr
                0x02001f10      0x124 ./ra/fsp/src/r_iic_master/r_iic_master.o
                0x02001f10                iic_master_txi_isr
 .text.iic_master_tei_isr
                0x02002034       0xe4 ./ra/fsp/src/r_iic_master/r_iic_master.o
                0x02002034                iic_master_tei_isr
 .text.iic_master_eri_isr
                0x02002118      0x14c ./ra/fsp/src/r_iic_master/r_iic_master.o
                0x02002118                iic_master_eri_isr
 .text.r_gpt_call_callback
                0x02002264       0x3c ./ra/fsp/src/r_gpt/r_gpt.o
 .text.gpt_counter_overflow_isr
                0x020022a0      0x204 ./ra/fsp/src/r_gpt/r_gpt.o
                0x020022a0                gpt_counter_overflow_isr
 .text.ceu_isr  0x020024a4       0x9c ./ra/fsp/src/r_ceu/r_ceu.o
                0x020024a4                ceu_isr
 .text.SystemCoreClockUpdate
                0x02002540       0x88 ./ra/fsp/src/bsp/mcu/all/bsp_clocks.o
                0x02002540                SystemCoreClockUpdate
 .text.R_BSP_SubClockStabilizeWaitAfterReset
                0x020025c8        0x4 ./ra/fsp/src/bsp/mcu/all/bsp_clocks.o
                0x020025c8                R_BSP_SubClockStabilizeWaitAfterReset
 *fill*         0x020025cc        0x4 
 .text.bsp_clock_init
                0x020025d0      0x26c ./ra/fsp/src/bsp/mcu/all/bsp_clocks.o
                0x020025d0                bsp_clock_init
 .text.R_BSP_SourceClockHzGet
                0x0200283c        0xc ./ra/fsp/src/bsp/mcu/all/bsp_clocks.o
                0x0200283c                R_BSP_SourceClockHzGet
 .text.R_BSP_Init_RTC
                0x02002848       0xb0 ./ra/fsp/src/bsp/mcu/all/bsp_clocks.o
                0x02002848                R_BSP_Init_RTC
 .text.bsp_init_internal
                0x020028f8        0x4 ./ra/fsp/src/bsp/mcu/all/bsp_common.o
                0x020028f8                bsp_init_internal
                0x020028f8                bsp_init
 .text.__assert_func
                0x020028fc        0x4 ./ra/fsp/src/bsp/mcu/all/bsp_common.o
                0x020028fc                __assert_func
 .text.bsp_prv_software_delay_loop
                0x02002900        0xc ./ra/fsp/src/bsp/mcu/all/bsp_delay.o
                0x02002900                bsp_prv_software_delay_loop
 .text.R_BSP_SoftwareDelay
                0x0200290c       0x88 ./ra/fsp/src/bsp/mcu/all/bsp_delay.o
                0x0200290c                R_BSP_SoftwareDelay
 .text.NMI_Handler
                0x02002994       0x44 ./ra/fsp/src/bsp/mcu/all/bsp_group_irq.o
                0x02002994                NMI_Handler
 .text.bsp_irq_cfg
                0x020029d8       0x2c ./ra/fsp/src/bsp/mcu/all/bsp_irq.o
                0x020029d8                bsp_irq_cfg
 .text.R_BSP_RegisterProtectEnable
                0x02002a04       0x60 ./ra/fsp/src/bsp/mcu/all/bsp_register_protection.o
                0x02002a04                R_BSP_RegisterProtectEnable
 .text.R_BSP_RegisterProtectDisable
                0x02002a64       0x54 ./ra/fsp/src/bsp/mcu/all/bsp_register_protection.o
                0x02002a64                R_BSP_RegisterProtectDisable
 .text._sbrk    0x02002ab8       0x30 ./ra/fsp/src/bsp/mcu/all/bsp_sbrk.o
                0x02002ab8                _sbrk
 .text.R_BSP_SdramInit
                0x02002ae8       0xd4 ./ra/fsp/src/bsp/mcu/all/bsp_sdram.o
                0x02002ae8                R_BSP_SdramInit
 .text.Default_Handler
                0x02002bbc        0x4 ./ra/fsp/src/bsp/cmsis/Device/RENESAS/Source/startup.o
                0x02002bbc                DebugMon_Handler
                0x02002bbc                HardFault_Handler
                0x02002bbc                SysTick_Handler
                0x02002bbc                PendSV_Handler
                0x02002bbc                UsageFault_Handler
                0x02002bbc                SecureFault_Handler
                0x02002bbc                Default_Handler
                0x02002bbc                MemManage_Handler
                0x02002bbc                SVC_Handler
                0x02002bbc                BusFault_Handler
 .text.Reset_Handler
                0x02002bc0        0xc ./ra/fsp/src/bsp/cmsis/Device/RENESAS/Source/startup.o
                0x02002bc0                Reset_Handler
 .text.SystemRuntimeInit
                0x02002bcc       0x64 ./ra/fsp/src/bsp/cmsis/Device/RENESAS/Source/system.o
 .text.SystemInit
                0x02002c30      0x23c ./ra/fsp/src/bsp/cmsis/Device/RENESAS/Source/system.o
                0x02002c30                SystemInit
 .text.i2c_wait_complete.constprop.0
                0x02002e6c       0x50 ./code/ov5640.o
 .text.i2c_master0_callback
                0x02002ebc       0x2c ./code/ov5640.o
                0x02002ebc                i2c_master0_callback
 .text.ov5640_write_reg
                0x02002ee8       0x4c ./code/ov5640.o
                0x02002ee8                ov5640_write_reg
 .text.ov5640_read_reg
                0x02002f34       0x8c ./code/ov5640.o
                0x02002f34                ov5640_read_reg
 .text.ov5640_check_chip_id
                0x02002fc0       0x50 ./code/ov5640.o
                0x02002fc0                ov5640_check_chip_id
 .text.ov5640_set_window
                0x02003010       0x80 ./code/ov5640.o
                0x02003010                ov5640_set_window
 .text.ov5640_set_output_format
                0x02003090       0x44 ./code/ov5640.o
                0x02003090                ov5640_set_output_format
 .text.ov5640_set_resolution
                0x020030d4       0xa4 ./code/ov5640.o
                0x020030d4                ov5640_set_resolution
 .text.ov5640_init
                0x02003178       0xd8 ./code/ov5640.o
                0x02003178                ov5640_init
 .text.ov5640_stream_on
                0x02003250        0xc ./code/ov5640.o
                0x02003250                ov5640_stream_on
 .text.ov5640_capture_start
                0x0200325c       0x20 ./code/ov5640.o
                0x0200325c                ov5640_capture_start
 .text.ov5640_capture_wait
                0x0200327c       0x30 ./code/ov5640.o
                0x0200327c                ov5640_capture_wait
 .text.malloc   0x020032ac       0x10 C:/Renesas/RA/e2studio_v2025-12_fsp_v6.4.0/toolchains/gcc_arm/13.2.rel1/bin/../lib/gcc/arm-none-eabi/13.2.1/thumb/v8-m.main+dp/hard\libg_nano.a(libc_a-malloc.o)
                0x020032ac                malloc
 .text.sbrk_aligned
                0x020032bc       0x44 C:/Renesas/RA/e2studio_v2025-12_fsp_v6.4.0/toolchains/gcc_arm/13.2.rel1/bin/../lib/gcc/arm-none-eabi/13.2.1/thumb/v8-m.main+dp/hard\libg_nano.a(libc_a-mallocr.o)
 .text._malloc_r
                0x02003300      0x100 C:/Renesas/RA/e2studio_v2025-12_fsp_v6.4.0/toolchains/gcc_arm/13.2.rel1/bin/../lib/gcc/arm-none-eabi/13.2.1/thumb/v8-m.main+dp/hard\libg_nano.a(libc_a-mallocr.o)
                0x02003300                _malloc_r
 .text.__malloc_lock
                0x02003400        0xc C:/Renesas/RA/e2studio_v2025-12_fsp_v6.4.0/toolchains/gcc_arm/13.2.rel1/bin/../lib/gcc/arm-none-eabi/13.2.1/thumb/v8-m.main+dp/hard\libg_nano.a(libc_a-mlock.o)
                0x02003400                __malloc_lock
 .text.__malloc_unlock
                0x0200340c        0xc C:/Renesas/RA/e2studio_v2025-12_fsp_v6.4.0/toolchains/gcc_arm/13.2.rel1/bin/../lib/gcc/arm-none-eabi/13.2.1/thumb/v8-m.main+dp/hard\libg_nano.a(libc_a-mlock.o)
                0x0200340c                __malloc_unlock
 .text.__cvt    0x02003418       0xa8 C:/Renesas/RA/e2studio_v2025-12_fsp_v6.4.0/toolchains/gcc_arm/13.2.rel1/bin/../lib/gcc/arm-none-eabi/13.2.1/thumb/v8-m.main+dp/hard\libg_nano.a(libc_a-nano-vfprintf_float.o)
                0x02003418                __cvt
 .text.__exponent
                0x020034c0       0x72 C:/Renesas/RA/e2studio_v2025-12_fsp_v6.4.0/toolchains/gcc_arm/13.2.rel1/bin/../lib/gcc/arm-none-eabi/13.2.1/thumb/v8-m.main+dp/hard\libg_nano.a(libc_a-nano-vfprintf_float.o)
                0x020034c0                __exponent
 *fill*         0x02003532        0x6 
 .text._printf_float
                0x02003538      0x434 C:/Renesas/RA/e2studio_v2025-12_fsp_v6.4.0/toolchains/gcc_arm/13.2.rel1/bin/../lib/gcc/arm-none-eabi/13.2.1/thumb/v8-m.main+dp/hard\libg_nano.a(libc_a-nano-vfprintf_float.o)
                0x02003538                _printf_float
 .text._printf_common
                0x0200396c       0xe4 C:/Renesas/RA/e2studio_v2025-12_fsp_v6.4.0/toolchains/gcc_arm/13.2.rel1/bin/../lib/gcc/arm-none-eabi/13.2.1/thumb/v8-m.main+dp/hard\libg_nano.a(libc_a-nano-vfprintf_i.o)
                0x0200396c                _printf_common
 .text._printf_i
                0x02003a50      0x23c C:/Renesas/RA/e2studio_v2025-12_fsp_v6.4.0/toolchains/gcc_arm/13.2.rel1/bin/../lib/gcc/arm-none-eabi/13.2.1/thumb/v8-m.main+dp/hard\libg_nano.a(libc_a-nano-vfprintf_i.o)
                0x02003a50                _printf_i
 .text.std      0x02003c8c       0x6c C:/Renesas/RA/e2studio_v2025-12_fsp_v6.4.0/toolchains/gcc_arm/13.2.rel1/bin/../lib/gcc/arm-none-eabi/13.2.1/thumb/v8-m.main+dp/hard\libg_nano.a(libc_a-findfp.o)
 .text.stdio_exit_handler
                0x02003cf8       0x18 C:/Renesas/RA/e2studio_v2025-12_fsp_v6.4.0/toolchains/gcc_arm/13.2.rel1/bin/../lib/gcc/arm-none-eabi/13.2.1/thumb/v8-m.main+dp/hard\libg_nano.a(libc_a-findfp.o)
 .text.cleanup_stdio
                0x02003d10       0x40 C:/Renesas/RA/e2studio_v2025-12_fsp_v6.4.0/toolchains/gcc_arm/13.2.rel1/bin/../lib/gcc/arm-none-eabi/13.2.1/thumb/v8-m.main+dp/hard\libg_nano.a(libc_a-findfp.o)
 .text.global_stdio_init.part.0
                0x02003d50       0x3c C:/Renesas/RA/e2studio_v2025-12_fsp_v6.4.0/toolchains/gcc_arm/13.2.rel1/bin/../lib/gcc/arm-none-eabi/13.2.1/thumb/v8-m.main+dp/hard\libg_nano.a(libc_a-findfp.o)
 .text.__sfp_lock_acquire
                0x02003d8c        0xc C:/Renesas/RA/e2studio_v2025-12_fsp_v6.4.0/toolchains/gcc_arm/13.2.rel1/bin/../lib/gcc/arm-none-eabi/13.2.1/thumb/v8-m.main+dp/hard\libg_nano.a(libc_a-findfp.o)
                0x02003d8c                __sfp_lock_acquire
 .text.__sfp_lock_release
                0x02003d98        0xc C:/Renesas/RA/e2studio_v2025-12_fsp_v6.4.0/toolchains/gcc_arm/13.2.rel1/bin/../lib/gcc/arm-none-eabi/13.2.1/thumb/v8-m.main+dp/hard\libg_nano.a(libc_a-findfp.o)
                0x02003d98                __sfp_lock_release
 .text.__sinit  0x02003da4       0x30 C:/Renesas/RA/e2studio_v2025-12_fsp_v6.4.0/toolchains/gcc_arm/13.2.rel1/bin/../lib/gcc/arm-none-eabi/13.2.1/thumb/v8-m.main+dp/hard\libg_nano.a(libc_a-findfp.o)
                0x02003da4                __sinit
 .text._fwalk_sglue
                0x02003dd4       0x3c C:/Renesas/RA/e2studio_v2025-12_fsp_v6.4.0/toolchains/gcc_arm/13.2.rel1/bin/../lib/gcc/arm-none-eabi/13.2.1/thumb/v8-m.main+dp/hard\libg_nano.a(libc_a-fwalk.o)
                0x02003dd4                _fwalk_sglue
 .text.printf   0x02003e10       0x24 C:/Renesas/RA/e2studio_v2025-12_fsp_v6.4.0/toolchains/gcc_arm/13.2.rel1/bin/../lib/gcc/arm-none-eabi/13.2.1/thumb/v8-m.main+dp/hard\libg_nano.a(libc_a-printf.o)
                0x02003e10                iprintf
                0x02003e10                printf
 .text._puts_r  0x02003e34       0xaa C:/Renesas/RA/e2studio_v2025-12_fsp_v6.4.0/toolchains/gcc_arm/13.2.rel1/bin/../lib/gcc/arm-none-eabi/13.2.1/thumb/v8-m.main+dp/hard\libg_nano.a(libc_a-puts.o)
                0x02003e34                _puts_r
 *fill*         0x02003ede        0x2 
 .text.puts     0x02003ee0       0x10 C:/Renesas/RA/e2studio_v2025-12_fsp_v6.4.0/toolchains/gcc_arm/13.2.rel1/bin/../lib/gcc/arm-none-eabi/13.2.1/thumb/v8-m.main+dp/hard\libg_nano.a(libc_a-puts.o)
                0x02003ee0                puts
 .text.__sread  0x02003ef0       0x22 C:/Renesas/RA/e2studio_v2025-12_fsp_v6.4.0/toolchains/gcc_arm/13.2.rel1/bin/../lib/gcc/arm-none-eabi/13.2.1/thumb/v8-m.main+dp/hard\libg_nano.a(libc_a-stdio.o)
                0x02003ef0                __sread
 .text.__swrite
                0x02003f12       0x38 C:/Renesas/RA/e2studio_v2025-12_fsp_v6.4.0/toolchains/gcc_arm/13.2.rel1/bin/../lib/gcc/arm-none-eabi/13.2.1/thumb/v8-m.main+dp/hard\libg_nano.a(libc_a-stdio.o)
                0x02003f12                __swrite
 .text.__sseek  0x02003f4a       0x24 C:/Renesas/RA/e2studio_v2025-12_fsp_v6.4.0/toolchains/gcc_arm/13.2.rel1/bin/../lib/gcc/arm-none-eabi/13.2.1/thumb/v8-m.main+dp/hard\libg_nano.a(libc_a-stdio.o)
                0x02003f4a                __sseek
 .text.__sclose
                0x02003f6e        0x8 C:/Renesas/RA/e2studio_v2025-12_fsp_v6.4.0/toolchains/gcc_arm/13.2.rel1/bin/../lib/gcc/arm-none-eabi/13.2.1/thumb/v8-m.main+dp/hard\libg_nano.a(libc_a-stdio.o)
                0x02003f6e                __sclose
 .text.__swbuf_r
                0x02003f76       0x7c C:/Renesas/RA/e2studio_v2025-12_fsp_v6.4.0/toolchains/gcc_arm/13.2.rel1/bin/../lib/gcc/arm-none-eabi/13.2.1/thumb/v8-m.main+dp/hard\libg_nano.a(libc_a-wbuf.o)
                0x02003f76                __swbuf_r
 *fill*         0x02003ff2        0x2 
 .text.__swsetup_r
                0x02003ff4       0xac C:/Renesas/RA/e2studio_v2025-12_fsp_v6.4.0/toolchains/gcc_arm/13.2.rel1/bin/../lib/gcc/arm-none-eabi/13.2.1/thumb/v8-m.main+dp/hard\libg_nano.a(libc_a-wsetup.o)
                0x02003ff4                __swsetup_r
 .text.memset   0x020040a0       0x10 C:/Renesas/RA/e2studio_v2025-12_fsp_v6.4.0/toolchains/gcc_arm/13.2.rel1/bin/../lib/gcc/arm-none-eabi/13.2.1/thumb/v8-m.main+dp/hard\libg_nano.a(libc_a-memset.o)
                0x020040a0                memset
 .text._localeconv_r
                0x020040b0        0x8 C:/Renesas/RA/e2studio_v2025-12_fsp_v6.4.0/toolchains/gcc_arm/13.2.rel1/bin/../lib/gcc/arm-none-eabi/13.2.1/thumb/v8-m.main+dp/hard\libg_nano.a(libc_a-localeconv.o)
                0x020040b0                _localeconv_r
 .text._close_r
                0x020040b8       0x20 C:/Renesas/RA/e2studio_v2025-12_fsp_v6.4.0/toolchains/gcc_arm/13.2.rel1/bin/../lib/gcc/arm-none-eabi/13.2.1/thumb/v8-m.main+dp/hard\libg_nano.a(libc_a-closer.o)
                0x020040b8                _close_r
 .text._lseek_r
                0x020040d8       0x24 C:/Renesas/RA/e2studio_v2025-12_fsp_v6.4.0/toolchains/gcc_arm/13.2.rel1/bin/../lib/gcc/arm-none-eabi/13.2.1/thumb/v8-m.main+dp/hard\libg_nano.a(libc_a-lseekr.o)
                0x020040d8                _lseek_r
 .text._read_r  0x020040fc       0x24 C:/Renesas/RA/e2studio_v2025-12_fsp_v6.4.0/toolchains/gcc_arm/13.2.rel1/bin/../lib/gcc/arm-none-eabi/13.2.1/thumb/v8-m.main+dp/hard\libg_nano.a(libc_a-readr.o)
                0x020040fc                _read_r
 .text._sbrk_r  0x02004120       0x20 C:/Renesas/RA/e2studio_v2025-12_fsp_v6.4.0/toolchains/gcc_arm/13.2.rel1/bin/../lib/gcc/arm-none-eabi/13.2.1/thumb/v8-m.main+dp/hard\libg_nano.a(libc_a-sbrkr.o)
                0x02004120                _sbrk_r
 .text._write_r
                0x02004140       0x24 C:/Renesas/RA/e2studio_v2025-12_fsp_v6.4.0/toolchains/gcc_arm/13.2.rel1/bin/../lib/gcc/arm-none-eabi/13.2.1/thumb/v8-m.main+dp/hard\libg_nano.a(libc_a-writer.o)
                0x02004140                _write_r
 .text.__errno  0x02004164        0xc C:/Renesas/RA/e2studio_v2025-12_fsp_v6.4.0/toolchains/gcc_arm/13.2.rel1/bin/../lib/gcc/arm-none-eabi/13.2.1/thumb/v8-m.main+dp/hard\libg_nano.a(libc_a-errno.o)
                0x02004164                __errno
 .text.__retarget_lock_init_recursive
                0x02004170        0x2 C:/Renesas/RA/e2studio_v2025-12_fsp_v6.4.0/toolchains/gcc_arm/13.2.rel1/bin/../lib/gcc/arm-none-eabi/13.2.1/thumb/v8-m.main+dp/hard\libg_nano.a(libc_a-lock.o)
                0x02004170                __retarget_lock_init_recursive
 .text.__retarget_lock_acquire_recursive
                0x02004172        0x2 C:/Renesas/RA/e2studio_v2025-12_fsp_v6.4.0/toolchains/gcc_arm/13.2.rel1/bin/../lib/gcc/arm-none-eabi/13.2.1/thumb/v8-m.main+dp/hard\libg_nano.a(libc_a-lock.o)
                0x02004172                __retarget_lock_acquire_recursive
 .text.__retarget_lock_release_recursive
                0x02004174        0x2 C:/Renesas/RA/e2studio_v2025-12_fsp_v6.4.0/toolchains/gcc_arm/13.2.rel1/bin/../lib/gcc/arm-none-eabi/13.2.1/thumb/v8-m.main+dp/hard\libg_nano.a(libc_a-lock.o)
                0x02004174                __retarget_lock_release_recursive
 .text.memchr   0x02004176       0x1c C:/Renesas/RA/e2studio_v2025-12_fsp_v6.4.0/toolchains/gcc_arm/13.2.rel1/bin/../lib/gcc/arm-none-eabi/13.2.1/thumb/v8-m.main+dp/hard\libg_nano.a(libc_a-memchr-stub.o)
                0x02004176                memchr
 .text.memcpy   0x02004192       0x1a C:/Renesas/RA/e2studio_v2025-12_fsp_v6.4.0/toolchains/gcc_arm/13.2.rel1/bin/../lib/gcc/arm-none-eabi/13.2.1/thumb/v8-m.main+dp/hard\libg_nano.a(libc_a-memcpy-stub.o)
                0x02004192                memcpy
 .text          0x020041ac       0x10 C:/Renesas/RA/e2studio_v2025-12_fsp_v6.4.0/toolchains/gcc_arm/13.2.rel1/bin/../lib/gcc/arm-none-eabi/13.2.1/thumb/v8-m.main+dp/hard\libg_nano.a(libc_a-strlen.o)
                0x020041ac                strlen
 .text.quorem   0x020041bc      0x11a C:/Renesas/RA/e2studio_v2025-12_fsp_v6.4.0/toolchains/gcc_arm/13.2.rel1/bin/../lib/gcc/arm-none-eabi/13.2.1/thumb/v8-m.main+dp/hard\libg_nano.a(libc_a-dtoa.o)
 *fill*         0x020042d6        0x2 
 .text._dtoa_r  0x020042d8      0xa9c C:/Renesas/RA/e2studio_v2025-12_fsp_v6.4.0/toolchains/gcc_arm/13.2.rel1/bin/../lib/gcc/arm-none-eabi/13.2.1/thumb/v8-m.main+dp/hard\libg_nano.a(libc_a-dtoa.o)
                0x020042d8                _dtoa_r
 .text._free_r  0x02004d74       0x94 C:/Renesas/RA/e2studio_v2025-12_fsp_v6.4.0/toolchains/gcc_arm/13.2.rel1/bin/../lib/gcc/arm-none-eabi/13.2.1/thumb/v8-m.main+dp/hard\libg_nano.a(libc_a-freer.o)
                0x02004d74                _free_r
 .text._Balloc  0x02004e08       0x80 C:/Renesas/RA/e2studio_v2025-12_fsp_v6.4.0/toolchains/gcc_arm/13.2.rel1/bin/../lib/gcc/arm-none-eabi/13.2.1/thumb/v8-m.main+dp/hard\libg_nano.a(libc_a-mprec.o)
                0x02004e08                _Balloc
 .text._Bfree   0x02004e88       0x44 C:/Renesas/RA/e2studio_v2025-12_fsp_v6.4.0/toolchains/gcc_arm/13.2.rel1/bin/../lib/gcc/arm-none-eabi/13.2.1/thumb/v8-m.main+dp/hard\libg_nano.a(libc_a-mprec.o)
                0x02004e88                _Bfree
 .text.__multadd
                0x02004ecc       0x90 C:/Renesas/RA/e2studio_v2025-12_fsp_v6.4.0/toolchains/gcc_arm/13.2.rel1/bin/../lib/gcc/arm-none-eabi/13.2.1/thumb/v8-m.main+dp/hard\libg_nano.a(libc_a-mprec.o)
                0x02004ecc                __multadd
 .text.__hi0bits
                0x02004f5c       0x3e C:/Renesas/RA/e2studio_v2025-12_fsp_v6.4.0/toolchains/gcc_arm/13.2.rel1/bin/../lib/gcc/arm-none-eabi/13.2.1/thumb/v8-m.main+dp/hard\libg_nano.a(libc_a-mprec.o)
                0x02004f5c                __hi0bits
 .text.__lo0bits
                0x02004f9a       0x5a C:/Renesas/RA/e2studio_v2025-12_fsp_v6.4.0/toolchains/gcc_arm/13.2.rel1/bin/../lib/gcc/arm-none-eabi/13.2.1/thumb/v8-m.main+dp/hard\libg_nano.a(libc_a-mprec.o)
                0x02004f9a                __lo0bits
 .text.__i2b    0x02004ff4       0x2c C:/Renesas/RA/e2studio_v2025-12_fsp_v6.4.0/toolchains/gcc_arm/13.2.rel1/bin/../lib/gcc/arm-none-eabi/13.2.1/thumb/v8-m.main+dp/hard\libg_nano.a(libc_a-mprec.o)
                0x02004ff4                __i2b
 .text.__multiply
                0x02005020      0x148 C:/Renesas/RA/e2studio_v2025-12_fsp_v6.4.0/toolchains/gcc_arm/13.2.rel1/bin/../lib/gcc/arm-none-eabi/13.2.1/thumb/v8-m.main+dp/hard\libg_nano.a(libc_a-mprec.o)
                0x02005020                __multiply
 .text.__pow5mult
                0x02005168       0xb4 C:/Renesas/RA/e2studio_v2025-12_fsp_v6.4.0/toolchains/gcc_arm/13.2.rel1/bin/../lib/gcc/arm-none-eabi/13.2.1/thumb/v8-m.main+dp/hard\libg_nano.a(libc_a-mprec.o)
                0x02005168                __pow5mult
 .text.__lshift
                0x0200521c       0xd8 C:/Renesas/RA/e2studio_v2025-12_fsp_v6.4.0/toolchains/gcc_arm/13.2.rel1/bin/../lib/gcc/arm-none-eabi/13.2.1/thumb/v8-m.main+dp/hard\libg_nano.a(libc_a-mprec.o)
                0x0200521c                __lshift
 .text.__mcmp   0x020052f4       0x36 C:/Renesas/RA/e2studio_v2025-12_fsp_v6.4.0/toolchains/gcc_arm/13.2.rel1/bin/../lib/gcc/arm-none-eabi/13.2.1/thumb/v8-m.main+dp/hard\libg_nano.a(libc_a-mprec.o)
                0x020052f4                __mcmp
 *fill*         0x0200532a        0x2 
 .text.__mdiff  0x0200532c      0x130 C:/Renesas/RA/e2studio_v2025-12_fsp_v6.4.0/toolchains/gcc_arm/13.2.rel1/bin/../lib/gcc/arm-none-eabi/13.2.1/thumb/v8-m.main+dp/hard\libg_nano.a(libc_a-mprec.o)
                0x0200532c                __mdiff
 .text.__d2b    0x0200545c       0xb0 C:/Renesas/RA/e2studio_v2025-12_fsp_v6.4.0/toolchains/gcc_arm/13.2.rel1/bin/../lib/gcc/arm-none-eabi/13.2.1/thumb/v8-m.main+dp/hard\libg_nano.a(libc_a-mprec.o)
                0x0200545c                __d2b
 .text.__sfputc_r
                0x0200550c       0x2e C:/Renesas/RA/e2studio_v2025-12_fsp_v6.4.0/toolchains/gcc_arm/13.2.rel1/bin/../lib/gcc/arm-none-eabi/13.2.1/thumb/v8-m.main+dp/hard\libg_nano.a(libc_a-nano-vfprintf.o)
 .text.__sfputs_r
                0x0200553a       0x24 C:/Renesas/RA/e2studio_v2025-12_fsp_v6.4.0/toolchains/gcc_arm/13.2.rel1/bin/../lib/gcc/arm-none-eabi/13.2.1/thumb/v8-m.main+dp/hard\libg_nano.a(libc_a-nano-vfprintf.o)
                0x0200553a                __sfputs_r
 *fill*         0x0200555e        0x2 
 .text._vfprintf_r
                0x02005560      0x230 C:/Renesas/RA/e2studio_v2025-12_fsp_v6.4.0/toolchains/gcc_arm/13.2.rel1/bin/../lib/gcc/arm-none-eabi/13.2.1/thumb/v8-m.main+dp/hard\libg_nano.a(libc_a-nano-vfprintf.o)
                0x02005560                _vfprintf_r
                0x02005560                _vfiprintf_r
 .text.__sflush_r
                0x02005790      0x108 C:/Renesas/RA/e2studio_v2025-12_fsp_v6.4.0/toolchains/gcc_arm/13.2.rel1/bin/../lib/gcc/arm-none-eabi/13.2.1/thumb/v8-m.main+dp/hard\libg_nano.a(libc_a-fflush.o)
                0x02005790                __sflush_r
 .text._fflush_r
                0x02005898       0x50 C:/Renesas/RA/e2studio_v2025-12_fsp_v6.4.0/toolchains/gcc_arm/13.2.rel1/bin/../lib/gcc/arm-none-eabi/13.2.1/thumb/v8-m.main+dp/hard\libg_nano.a(libc_a-fflush.o)
                0x02005898                _fflush_r
 .text.__swhatbuf_r
                0x020058e8       0x4a C:/Renesas/RA/e2studio_v2025-12_fsp_v6.4.0/toolchains/gcc_arm/13.2.rel1/bin/../lib/gcc/arm-none-eabi/13.2.1/thumb/v8-m.main+dp/hard\libg_nano.a(libc_a-makebuf.o)
                0x020058e8                __swhatbuf_r
 .text.__smakebuf_r
                0x02005932       0x78 C:/Renesas/RA/e2studio_v2025-12_fsp_v6.4.0/toolchains/gcc_arm/13.2.rel1/bin/../lib/gcc/arm-none-eabi/13.2.1/thumb/v8-m.main+dp/hard\libg_nano.a(libc_a-makebuf.o)
                0x02005932                __smakebuf_r
 *fill*         0x020059aa        0x2 
 .text._fstat_r
                0x020059ac       0x24 C:/Renesas/RA/e2studio_v2025-12_fsp_v6.4.0/toolchains/gcc_arm/13.2.rel1/bin/../lib/gcc/arm-none-eabi/13.2.1/thumb/v8-m.main+dp/hard\libg_nano.a(libc_a-fstatr.o)
                0x020059ac                _fstat_r
 .text._isatty_r
                0x020059d0       0x20 C:/Renesas/RA/e2studio_v2025-12_fsp_v6.4.0/toolchains/gcc_arm/13.2.rel1/bin/../lib/gcc/arm-none-eabi/13.2.1/thumb/v8-m.main+dp/hard\libg_nano.a(libc_a-isattyr.o)
                0x020059d0                _isatty_r
 .text._calloc_r
                0x020059f0       0x28 C:/Renesas/RA/e2studio_v2025-12_fsp_v6.4.0/toolchains/gcc_arm/13.2.rel1/bin/../lib/gcc/arm-none-eabi/13.2.1/thumb/v8-m.main+dp/hard\libg_nano.a(libc_a-callocr.o)
                0x020059f0                _calloc_r
 .text.__ascii_mbtowc
                0x02005a18       0x24 C:/Renesas/RA/e2studio_v2025-12_fsp_v6.4.0/toolchains/gcc_arm/13.2.rel1/bin/../lib/gcc/arm-none-eabi/13.2.1/thumb/v8-m.main+dp/hard\libg_nano.a(libc_a-mbtowc_r.o)
                0x02005a18                __ascii_mbtowc
 .text.__ascii_wctomb
                0x02005a3c       0x1a C:/Renesas/RA/e2studio_v2025-12_fsp_v6.4.0/toolchains/gcc_arm/13.2.rel1/bin/../lib/gcc/arm-none-eabi/13.2.1/thumb/v8-m.main+dp/hard\libg_nano.a(libc_a-wctomb_r.o)
                0x02005a3c                __ascii_wctomb
 *(.rodata*)
 *fill*         0x02005a56        0x2 
 .rodata.hal_entry.str1.4
                0x02005a58      0x1b3 ./src/hal_entry.o
                                 0x99 (size before relaxing)
 *fill*         0x02005c0b        0x5 
 .rodata.sub_0000_command_stream
                0x02005c10      0x6a8 ./src/sub_0000_command_stream.o
                0x02005c10                sub_0000_command_stream
 .rodata.sub_0000_command_stream_size
                0x020062b8        0x4 ./src/sub_0000_command_stream.o
                0x020062b8                sub_0000_command_stream_size
 *fill*         0x020062bc        0x4 
 .rodata.sub_0000_model_data
                0x020062c0    0x718a0 ./src/sub_0000_model_data.o
                0x020062c0                sub_0000_model_data
 .rodata.sub_0000_model_data_size
                0x02077b60        0x4 ./src/sub_0000_model_data.o
                0x02077b60                sub_0000_model_data_size
 .rodata.sub_0000_address_StatefulPartitionedCall_1_0_70031
                0x02077b64        0x4 ./src/sub_0000_tensors.o
                0x02077b64                sub_0000_address_StatefulPartitionedCall_1_0_70031
 .rodata.sub_0000_address_serving_default_input_0
                0x02077b68        0x4 ./src/sub_0000_tensors.o
                0x02077b68                sub_0000_address_serving_default_input_0
 .rodata.g_rm_ethosu0_cfg
                0x02077b6c       0x10 ./ra_gen/common_data.o
                0x02077b6c                g_rm_ethosu0_cfg
 .rodata.g_uart9
                0x02077b7c        0xc ./ra_gen/hal_data.o
                0x02077b7c                g_uart9
 .rodata.g_uart9_cfg
                0x02077b88       0x20 ./ra_gen/hal_data.o
                0x02077b88                g_uart9_cfg
 .rodata.g_uart9_cfg_extend
                0x02077ba8       0x14 ./ra_gen/hal_data.o
                0x02077ba8                g_uart9_cfg_extend
 .rodata.g_i2c_master0
                0x02077bbc        0xc ./ra_gen/hal_data.o
                0x02077bbc                g_i2c_master0
 .rodata.g_i2c_master0_cfg
                0x02077bc8       0x28 ./ra_gen/hal_data.o
                0x02077bc8                g_i2c_master0_cfg
 .rodata.g_i2c_master0_extend
                0x02077bf0        0x8 ./ra_gen/hal_data.o
                0x02077bf0                g_i2c_master0_extend
 .rodata.g_bsp_pin_cfg
                0x02077bf8        0xc ./ra_gen/pin_data.o
                0x02077bf8                g_bsp_pin_cfg
 .rodata.g_bsp_pin_cfg_data
                0x02077c04      0x338 ./ra_gen/pin_data.o
                0x02077c04                g_bsp_pin_cfg_data
 *fill*         0x02077f3c        0x4 
 .rodata.g_interrupt_event_link_select
                0x02077f40       0x3e ./ra_gen/vector_data.o
                0x02077f40                g_interrupt_event_link_select
 .rodata.ethosu_dev_run_command_stream.str1.4
                0x02077f7e       0x91 ./ra/npu/ethos-u-core-driver/src/ethosu_device_u55_u65.o
 *fill*         0x02077f7e        0x2 
 .rodata.__func__.0
                0x02077f80       0x1e ./ra/npu/ethos-u-core-driver/src/ethosu_device_u55_u65.o
 .rodata.ethosu_get_driver_version.str1.4
                0x02077f9e       0x3e ./ra/npu/ethos-u-core-driver/src/ethosu_driver.o
 .rodata.ethosu_invoke_async.str1.4
                0x02077f9e       0x43 ./ra/npu/ethos-u-core-driver/src/ethosu_driver.o
 *fill*         0x02077f9e        0x2 
 .rodata.__func__.0
                0x02077fa0       0x14 ./ra/npu/ethos-u-core-driver/src/ethosu_driver.o
 .rodata.g_uart_on_sci_b
                0x02077fb4       0x2c ./ra/fsp/src/r_sci_b_uart/r_sci_b_uart.o
                0x02077fb4                g_uart_on_sci_b
 .rodata.g_vbatt_pins_input
                0x02077fe0        0x6 ./ra/fsp/src/r_ioport/r_ioport.o
 *fill*         0x02077fe6        0x2 
 .rodata.g_i2c_master_on_iic
                0x02077fe8       0x20 ./ra/fsp/src/r_iic_master/r_iic_master.o
                0x02077fe8                g_i2c_master_on_iic
 .rodata.g_init_info
                0x02078008       0x18 ./ra/fsp/src/bsp/mcu/ra8p1/bsp_linker.o
                0x02078008                g_init_info
 .rodata.nocache_list
                0x02078020       0x20 ./ra/fsp/src/bsp/mcu/ra8p1/bsp_linker.o
 .rodata.copy_list
                0x02078040      0x180 ./ra/fsp/src/bsp/mcu/ra8p1/bsp_linker.o
 .rodata.zero_list
                0x020781c0       0x78 ./ra/fsp/src/bsp/mcu/ra8p1/bsp_linker.o
 .rodata.g_prcr_masks
                0x02078238        0xa ./ra/fsp/src/bsp/mcu/all/bsp_register_protection.o
 *fill*         0x02078242        0x6 
 .rodata.ov5640_init_reg_table
                0x02078248      0x33c ./code/ov5640.o
 .rodata._printf_float.str1.1
                0x02078584      0x137 C:/Renesas/RA/e2studio_v2025-12_fsp_v6.4.0/toolchains/gcc_arm/13.2.rel1/bin/../lib/gcc/arm-none-eabi/13.2.1/thumb/v8-m.main+dp/hard\libg_nano.a(libc_a-nano-vfprintf_float.o)
                                 0x12 (size before relaxing)
 .rodata._printf_i.str1.1
                0x020786bb       0x22 C:/Renesas/RA/e2studio_v2025-12_fsp_v6.4.0/toolchains/gcc_arm/13.2.rel1/bin/../lib/gcc/arm-none-eabi/13.2.1/thumb/v8-m.main+dp/hard\libg_nano.a(libc_a-nano-vfprintf_i.o)
 .rodata._dtoa_r.str1.1
                0x020786bb       0x90 C:/Renesas/RA/e2studio_v2025-12_fsp_v6.4.0/toolchains/gcc_arm/13.2.rel1/bin/../lib/gcc/arm-none-eabi/13.2.1/thumb/v8-m.main+dp/hard\libg_nano.a(libc_a-dtoa.o)
 .rodata._Balloc.str1.1
                0x020786bb       0x71 C:/Renesas/RA/e2studio_v2025-12_fsp_v6.4.0/toolchains/gcc_arm/13.2.rel1/bin/../lib/gcc/arm-none-eabi/13.2.1/thumb/v8-m.main+dp/hard\libg_nano.a(libc_a-mprec.o)
 .rodata.__multadd.str1.1
                0x020786bb       0x11 C:/Renesas/RA/e2studio_v2025-12_fsp_v6.4.0/toolchains/gcc_arm/13.2.rel1/bin/../lib/gcc/arm-none-eabi/13.2.1/thumb/v8-m.main+dp/hard\libg_nano.a(libc_a-mprec.o)
 *fill*         0x020786bb        0x1 
 .rodata.p05.0  0x020786bc        0xc C:/Renesas/RA/e2studio_v2025-12_fsp_v6.4.0/toolchains/gcc_arm/13.2.rel1/bin/../lib/gcc/arm-none-eabi/13.2.1/thumb/v8-m.main+dp/hard\libg_nano.a(libc_a-mprec.o)
 .rodata.__mprec_bigtens
                0x020786c8       0x28 C:/Renesas/RA/e2studio_v2025-12_fsp_v6.4.0/toolchains/gcc_arm/13.2.rel1/bin/../lib/gcc/arm-none-eabi/13.2.1/thumb/v8-m.main+dp/hard\libg_nano.a(libc_a-mprec.o)
                0x020786c8                __mprec_bigtens
 .rodata.__mprec_tens
                0x020786f0       0xc8 C:/Renesas/RA/e2studio_v2025-12_fsp_v6.4.0/toolchains/gcc_arm/13.2.rel1/bin/../lib/gcc/arm-none-eabi/13.2.1/thumb/v8-m.main+dp/hard\libg_nano.a(libc_a-mprec.o)
                0x020786f0                __mprec_tens
 .rodata._vfprintf_r.str1.1
                0x020787b8       0x11 C:/Renesas/RA/e2studio_v2025-12_fsp_v6.4.0/toolchains/gcc_arm/13.2.rel1/bin/../lib/gcc/arm-none-eabi/13.2.1/thumb/v8-m.main+dp/hard\libg_nano.a(libc_a-nano-vfprintf.o)
 .rodata._setlocale_r.str1.1
                0x020787b8        0x9 C:/Renesas/RA/e2studio_v2025-12_fsp_v6.4.0/toolchains/gcc_arm/13.2.rel1/bin/../lib/gcc/arm-none-eabi/13.2.1/thumb/v8-m.main+dp/hard\libg_nano.a(libc_a-locale.o)
 .rodata.str1.1
                0x020787b8        0x2 C:/Renesas/RA/e2studio_v2025-12_fsp_v6.4.0/toolchains/gcc_arm/13.2.rel1/bin/../lib/gcc/arm-none-eabi/13.2.1/thumb/v8-m.main+dp/hard\libg_nano.a(libc_a-locale.o)
 .rodata._ctype_
                0x020787b8      0x101 C:/Renesas/RA/e2studio_v2025-12_fsp_v6.4.0/toolchains/gcc_arm/13.2.rel1/bin/../lib/gcc/arm-none-eabi/13.2.1/thumb/v8-m.main+dp/hard\libg_nano.a(libc_a-ctype_.o)
                0x020787b8                _ctype_
 *(.mcuboot_sce9_key)
 *(.version)
 *fill*         0x020788b9        0x3 
 .version       0x020788bc       0x50 ./ra/fsp/src/bsp/mcu/all/bsp_common.o
                0x0207890c                        __flash_readonly$$Limit = .

.glue_7         0x0207890c        0x0
 .glue_7        0x0207890c        0x0 linker stubs

.glue_7t        0x0207890c        0x0
 .glue_7t       0x0207890c        0x0 linker stubs

.vfp11_veneer   0x0207890c        0x0
 .vfp11_veneer  0x0207890c        0x0 linker stubs

.v4_bx          0x0207890c        0x0
 .v4_bx         0x0207890c        0x0 linker stubs

.init           0x0207890c        0x4
 .init          0x0207890c        0x4 C:/Renesas/RA/e2studio_v2025-12_fsp_v6.4.0/toolchains/gcc_arm/13.2.rel1/bin/../lib/gcc/arm-none-eabi/13.2.1/thumb/v8-m.main+dp/hard/crti.o
                0x0207890c                _init

.fini           0x02078910        0x4
 .fini          0x02078910        0x4 C:/Renesas/RA/e2studio_v2025-12_fsp_v6.4.0/toolchains/gcc_arm/13.2.rel1/bin/../lib/gcc/arm-none-eabi/13.2.1/thumb/v8-m.main+dp/hard/crti.o
                0x02078910                _fini

.iplt           0x02078914        0x0
 .iplt          0x02078914        0x0 C:/Renesas/RA/e2studio_v2025-12_fsp_v6.4.0/toolchains/gcc_arm/13.2.rel1/bin/../lib/gcc/arm-none-eabi/13.2.1/thumb/v8-m.main+dp/hard/crtbegin.o

__flash_ctor$$
 *crtbegin.o(.ctors)
 *crtbegin?.o(.ctors)
 EXCLUDE_FILE(*crtend.o *crtend?.o) *(.ctors)
 *(SORT_BY_NAME(.ctors.*))
 *(.ctors)
 *crtbegin.o(.dtors)
 *crtbegin?.o(.dtors)
 EXCLUDE_FILE(*crtend.o *crtend?.o) *(.dtors)
 *(SORT_BY_NAME(.dtors.*))
 *(.dtors)

__flash_preinit_array$$
                0x02078914        0x0
                0x02078914                        __preinit_array_start = .
 *(.preinit_array)
                0x02078914                        __preinit_array_end = .

__flash_.got$$
 *(.got.plt)
 *(.got)

__flash_init_array$$
                0x02078914        0x4
                0x02078914                        __init_array_start = .
 *(SORT_BY_NAME(.init_array.*))
 *(.init_array)
 .init_array    0x02078914        0x4 C:/Renesas/RA/e2studio_v2025-12_fsp_v6.4.0/toolchains/gcc_arm/13.2.rel1/bin/../lib/gcc/arm-none-eabi/13.2.1/thumb/v8-m.main+dp/hard/crtbegin.o
                0x02078918                        __init_array_end = .

__flash_fini_array$$
                0x02078918        0x4
                0x02078918                        __fini_array_start = .
 *(SORT_BY_NAME(.fini_array.*))
 *(.fini_array)
 .fini_array    0x02078918        0x4 C:/Renesas/RA/e2studio_v2025-12_fsp_v6.4.0/toolchains/gcc_arm/13.2.rel1/bin/../lib/gcc/arm-none-eabi/13.2.1/thumb/v8-m.main+dp/hard/crtbegin.o
                0x0207891c                        __fini_array_end = .

__flash_arm.extab$$
 *(.ARM.extab*)
 *(.gnu.linkonce.armextab.*)

__flash_arm.exidx$$
                0x0207891c        0x8
                0x0207891c                        __exidx_start = .
 *(.ARM.exidx*)
 .ARM.exidx     0x0207891c        0x8 C:/Renesas/RA/e2studio_v2025-12_fsp_v6.4.0/toolchains/gcc_arm/13.2.rel1/bin/../lib/gcc/arm-none-eabi/13.2.1/thumb/v8-m.main+dp/hard\libg_nano.a(libc_a-strlen.o)
 *(.gnu.linkonce.armexidx.*)
                0x02078924                        __exidx_end = .

.flash.endof    0x02078a00        0x0
                0x02078a00                        __ddsc_FLASH_END = .

.flash.flat_nsc
                0x02078a00        0x0
                0x02078a00                        __ddsc_FLASH_NSC = .

.option_setting_ofs0.startof
                0x02c9f040        0x0
                0x02c9f040                        __ddsc_OPTION_SETTING_OFS0_START = .

__option_setting_ofs0_reg$$
                0x02c9f040        0x4
                0x02c9f040                        __option_setting_ofs0_reg$$Base = .
 *(.option_setting_ofs0)
 .option_setting_ofs0
                0x02c9f040        0x4 ./ra/fsp/src/bsp/mcu/ra8p1/bsp_linker.o
                0x02c9f044                        __option_setting_ofs0_reg$$Limit = .

.option_setting_ofs0.endof
                0x02c9f044        0x0
                0x02c9f044                        __ddsc_OPTION_SETTING_OFS0_END = .

.option_setting_ofs2.startof
                0x02c9f044        0x0
                0x02c9f044                        __ddsc_OPTION_SETTING_OFS2_START = .

__option_setting_ofs2_reg$$
                0x02c9f044        0x4
                0x02c9f044                        __option_setting_ofs2_reg$$Base = .
 *(.option_setting_ofs2)
 .option_setting_ofs2
                0x02c9f044        0x4 ./ra/fsp/src/bsp/mcu/ra8p1/bsp_linker.o
                0x02c9f048                        __option_setting_ofs2_reg$$Limit = .

.option_setting_ofs2.endof
                0x02c9f048        0x0
                0x02c9f048                        __ddsc_OPTION_SETTING_OFS2_END = .

.option_setting_sas.startof
                0x02c9f074        0x0
                0x02c9f074                        __ddsc_OPTION_SETTING_SAS_START = .

__option_setting_sas_reg$$
                0x02c9f074        0x0
                0x02c9f074                        __option_setting_sas_reg$$Base = .
 *(.option_setting_sas)
                0x02c9f074                        __option_setting_sas_reg$$Limit = .

.option_setting_sas.endof
                0x02c9f074        0x0
                0x02c9f074                        __ddsc_OPTION_SETTING_SAS_END = .

.option_setting_ofs1.startof
                0x12c9f4c0        0x0
                0x12c9f4c0                        __ddsc_OPTION_SETTING_OFS1_START = .

__option_setting_ofs1_reg$$
                0x12c9f4c0        0x0
                0x12c9f4c0                        __option_setting_ofs1_reg$$Base = .
 *(.option_setting_ofs1)
                0x12c9f4c0                        __option_setting_ofs1_reg$$Limit = .

.option_setting_ofs1.endof
                0x12c9f4c0        0x0
                0x12c9f4c0                        __ddsc_OPTION_SETTING_OFS1_END = .

.option_setting_ofs1_sec.startof
                0x02c9f0c0        0x0
                0x02c9f0c0                        __ddsc_OPTION_SETTING_OFS1_SEC_START = .

__option_setting_ofs1_sec_reg$$
                0x02c9f0c0        0x4
                0x02c9f0c0                        __option_setting_ofs1_sec_reg$$Base = .
 *(.option_setting_ofs1_sec)
 .option_setting_ofs1_sec
                0x02c9f0c0        0x4 ./ra/fsp/src/bsp/mcu/ra8p1/bsp_linker.o
                0x02c9f0c4                        __option_setting_ofs1_sec_reg$$Limit = .

.option_setting_ofs1_sec.endof
                0x02c9f0c4        0x0
                0x02c9f0c4                        __ddsc_OPTION_SETTING_OFS1_SEC_END = .

.option_setting_ofs1_sel.startof
                0x02c9f120        0x0
                0x02c9f120                        __ddsc_OPTION_SETTING_OFS1_SEL_START = .

__option_setting_ofs1_sel_reg$$
                0x02c9f120        0x4
                0x02c9f120                        __option_setting_ofs1_sel_reg$$Base = .
 *(.option_setting_ofs1_sel)
 .option_setting_ofs1_sel
                0x02c9f120        0x4 ./ra/fsp/src/bsp/mcu/ra8p1/bsp_linker.o
                0x02c9f124                        __option_setting_ofs1_sel_reg$$Limit = .

.option_setting_ofs1_sel.endof
                0x02c9f124        0x0
                0x02c9f124                        __ddsc_OPTION_SETTING_OFS1_SEL_END = .

.option_setting_ofs3.startof
                0x12c9f4c4        0x0
                0x12c9f4c4                        __ddsc_OPTION_SETTING_OFS3_START = .

__option_setting_ofs3_reg$$
                0x12c9f4c4        0x0
                0x12c9f4c4                        __option_setting_ofs3_reg$$Base = .
 *(.option_setting_ofs3)
                0x12c9f4c4                        __option_setting_ofs3_reg$$Limit = .

.option_setting_ofs3.endof
                0x12c9f4c4        0x0
                0x12c9f4c4                        __ddsc_OPTION_SETTING_OFS3_END = .

.option_setting_ofs3_sec.startof
                0x02c9f0c4        0x0
                0x02c9f0c4                        __ddsc_OPTION_SETTING_OFS3_SEC_START = .

__option_setting_ofs3_sec_reg$$
                0x02c9f0c4        0x4
                0x02c9f0c4                        __option_setting_ofs3_sec_reg$$Base = .
 *(.option_setting_ofs3_sec)
 .option_setting_ofs3_sec
                0x02c9f0c4        0x4 ./ra/fsp/src/bsp/mcu/ra8p1/bsp_linker.o
                0x02c9f0c8                        __option_setting_ofs3_sec_reg$$Limit = .

.option_setting_ofs3_sec.endof
                0x02c9f0c8        0x0
                0x02c9f0c8                        __ddsc_OPTION_SETTING_OFS3_SEC_END = .

.option_setting_ofs3_sel.startof
                0x02c9f124        0x0
                0x02c9f124                        __ddsc_OPTION_SETTING_OFS3_SEL_START = .

__option_setting_ofs3_sel_reg$$