T2814 000:001.376   SEGGER J-Link V9.14a Log File
T2814 000:001.510   DLL Compiled: Jan 28 2026 17:11:52
T2814 000:001.513   Logging started @ 2026-05-31 06:42
T2814 000:001.516   Process: C:\Users\kout\.eclipse\com.renesas.platform_583169726\DebugComp\RA\e2-server-gdb.exe
T2814 000:001.524 - 1.520ms 
T2814 000:001.534 JLINK_GetDLLVersion()
T2814 000:001.537 - 0.004ms returns 91401
T2814 000:003.445 JLINK_OpenEx(...)
T2814 000:008.633   Firmware: J-Link OB-RA4M2 compiled Dec 10 2025 15:52:53
T2814 000:009.176   Firmware: J-Link OB-RA4M2 compiled Dec 10 2025 15:52:53
T2814 000:022.840   Hardware: V1.00
T2814 000:022.851   S/N: 1086258950
T2814 000:022.855   OEM: SEGGER
T2814 000:022.862   Feature(s): None
T2814 000:023.287   Bootloader: 2021 May 14
T2814 000:023.634   USB speed mode: Full speed (12 MBit/s)
T2814 000:023.944   TELNET listener socket opened on port 19021
T2814 000:024.071   WEBSRV WEBSRV_Init(): Starting webserver thread(s)
T2814 000:024.164   WEBSRV Webserver running on local port 19080
T2814 000:024.281   Looking for J-Link GUI Server exe at: C:\Users\kout\.eclipse\com.renesas.platform_583169726\DebugComp\RA\ARM\Segger_v9.14.1\JLinkGUIServer.exe
T2814 000:024.402   Looking for J-Link GUI Server exe at: C:\Program Files\SEGGER\JLink_V942\JLinkGUIServer.exe
T2814 000:024.441   Forking J-Link GUI Server: C:\Program Files\SEGGER\JLink_V942\JLinkGUIServer.exe
T2814 000:042.485   J-Link GUI Server info: "J-Link GUI server V9.42 "
T2814 000:044.760 - 41.310ms returns "O.K."
T2814 000:044.827 JLINK_TIF_Select(JLINKARM_TIF_SWD)
T2814 000:045.239 - 0.411ms returns 0x00
T2814 000:045.252 JLINK_ClrRESET()
T2814 000:045.398 - 0.145ms 
T2814 000:096.253 JLINK_SetSpeed(1500)
T2814 000:096.436 - 0.204ms 
T2814 000:096.443 JLINK_CORESIGHT_Configure(PerformTIFInit=0)
T2814 000:096.776 - 0.334ms returns 0
T2814 000:096.785 JLINK_CORESIGHT_ReadAPDPReg(DP reg 0x00)
T2814 000:097.252   Value=0x6BA02477
T2814 000:097.257 - 0.473ms returns 0
T2814 000:097.262 JLINK_CORESIGHT_WriteAPDPReg(DP reg 0x00, 0x0000001F)
T2814 000:097.474 - 0.211ms returns 0
T2814 000:097.489 JLINK_CORESIGHT_ReadAPDPReg(DP reg 0x00)
T2814 000:097.683   Value=0x6BA02477
T2814 000:097.694 - 0.205ms returns 0
T2814 000:097.700 JLINK_CORESIGHT_WriteAPDPReg(DP reg 0x02, 0x00000000)
T2814 000:097.879 - 0.179ms returns 0
T2814 000:097.883 JLINK_CORESIGHT_WriteAPDPReg(DP reg 0x01, 0x50000000)
T2814 000:098.054 - 0.171ms returns 0
T2814 000:098.060 JLINK_CORESIGHT_ReadAPDPReg(DP reg 0x01)
T2814 000:098.218   Value=0xF0000040
T2814 000:098.222 - 0.162ms returns 0
T2814 000:098.226 JLINK_CORESIGHT_WriteAPDPReg(DP reg 0x00, 0x0000001F)
T2814 000:098.402 - 0.176ms returns 0
T2814 000:098.406 JLINK_CORESIGHT_ReadAPDPReg(DP reg 0x00)
T2814 000:098.584   Value=0x6BA02477
T2814 000:098.588 - 0.182ms returns 0
T2814 000:098.593 JLINK_CORESIGHT_WriteAPDPReg(DP reg 0x01, 0x54000000)
T2814 000:098.741 - 0.148ms returns 0
T2814 000:098.745 JLINK_CORESIGHT_WriteAPDPReg(DP reg 0x01, 0x50000F00)
T2814 000:098.915 - 0.170ms returns 0
T2814 000:098.920 JLINK_CORESIGHT_WriteAPDPReg(DP reg 0x02, 0x01000000)
T2814 000:099.090 - 0.171ms returns 0
T2814 000:099.095 JLINK_CORESIGHT_WriteAPDPReg(AP reg 0x00, 0x80000002)
T2814 000:099.321 - 0.226ms returns 0
T2814 000:099.327 JLINK_CORESIGHT_WriteAPDPReg(AP reg 0x01, 0x80011100)
T2814 000:099.513 - 0.185ms returns 0
T2814 000:099.525 JLINK_CORESIGHT_WriteAPDPReg(AP reg 0x03, 0x000000A5)
T2814 000:099.673 - 0.148ms returns 0
T2814 000:099.679 JLINK_CORESIGHT_WriteAPDPReg(AP reg 0x00, 0x80000002)
T2814 000:099.856 - 0.176ms returns 0
T2814 000:099.860 JLINK_CORESIGHT_WriteAPDPReg(AP reg 0x01, 0x80011100)
T2814 000:100.034 - 0.173ms returns 0
T2814 000:100.038 JLINK_CORESIGHT_ReadAPDPReg(AP reg 0x03)
T2814 000:100.251   Value=0x000000A5
T2814 000:100.257 - 0.219ms returns 0
T2814 000:100.262 JLINK_ClrTMS()
T2814 000:100.299 - 0.037ms 
T2814 000:105.370 JLINK_SetTCK()
T2814 000:105.524 - 0.155ms returns 0
T2814 000:111.525 JLINK_SetRESET()
T2814 000:111.576 - 0.050ms 
T2814 000:311.851 JLINK_CORESIGHT_WriteAPDPReg(AP reg 0x00, 0x80000002)
T2814 000:312.238 - 0.387ms returns 0
T2814 000:312.244 JLINK_CORESIGHT_WriteAPDPReg(AP reg 0x01, 0x80011100)
T2814 000:312.478 - 0.234ms returns 0
T2814 000:312.482 JLINK_CORESIGHT_ReadAPDPReg(AP reg 0x03)
T2814 000:312.696   Value=0x00000000
T2814 000:312.700 - 0.218ms returns 0
T2814 000:312.705 JLINK_CORESIGHT_WriteAPDPReg(AP reg 0x00, 0x80000002)
T2814 000:312.879 - 0.174ms returns 0
T2814 000:312.883 JLINK_CORESIGHT_WriteAPDPReg(AP reg 0x01, 0x80011140)
T2814 000:313.053 - 0.170ms returns 0
T2814 000:313.058 JLINK_CORESIGHT_ReadAPDPReg(AP reg 0x03)
T2814 000:313.256   Value=0x00000002
T2814 000:313.260 - 0.201ms returns 0
T2814 000:313.263 JLINK_CORESIGHT_WriteAPDPReg(AP reg 0x00, 0x80000002)
T2814 000:313.410 - 0.146ms returns 0
T2814 000:313.414 JLINK_CORESIGHT_WriteAPDPReg(AP reg 0x01, 0x80011120)
T2814 000:313.590 - 0.176ms returns 0
T2814 000:313.594 JLINK_CORESIGHT_WriteAPDPReg(AP reg 0x03, 0x00000055)
T2814 000:313.908 - 0.314ms returns 0
T2814 000:313.914 JLINK_CORESIGHT_WriteAPDPReg(AP reg 0x00, 0x80000002)
T2814 000:314.095 - 0.181ms returns 0
T2814 000:314.101 JLINK_CORESIGHT_WriteAPDPReg(AP reg 0x01, 0x80011140)
T2814 000:314.318 - 0.217ms returns 0
T2814 000:314.323 JLINK_CORESIGHT_ReadAPDPReg(AP reg 0x03)
T2814 000:314.527   Value=0x00000002
T2814 000:314.532 - 0.208ms returns 0
T2814 000:314.535 JLINK_CORESIGHT_ReadAPDPReg(AP reg 0x03)
T2814 000:314.746   Value=0x00000002
T2814 000:314.750 - 0.214ms returns 0
T2814 000:314.754 JLINK_CORESIGHT_ReadAPDPReg(AP reg 0x03)
T2814 000:314.954   Value=0x00000002
T2814 000:314.958 - 0.204ms returns 0
T2814 000:314.961 JLINK_CORESIGHT_ReadAPDPReg(AP reg 0x03)
T2814 000:315.183   Value=0x00000002
T2814 000:315.187 - 0.225ms returns 0
T2814 000:315.190 JLINK_CORESIGHT_ReadAPDPReg(AP reg 0x03)
T2814 000:315.405   Value=0x00000002
T2814 000:315.410 - 0.219ms returns 0
T2814 000:315.414 JLINK_CORESIGHT_ReadAPDPReg(AP reg 0x03)
T2814 000:315.627   Value=0x00000002
T2814 000:315.635 - 0.221ms returns 0
T2814 000:315.640 JLINK_CORESIGHT_ReadAPDPReg(AP reg 0x03)
T2814 000:315.846   Value=0x00000002
T2814 000:315.850 - 0.210ms returns 0
T2814 000:315.855 JLINK_CORESIGHT_ReadAPDPReg(AP reg 0x03)
T2814 000:316.060   Value=0x00000002
T2814 000:316.064 - 0.209ms returns 0
T2814 000:316.068 JLINK_CORESIGHT_ReadAPDPReg(AP reg 0x03)
T2814 000:316.350   Value=0x00000002
T2814 000:316.354 - 0.285ms returns 0
T2814 000:316.358 JLINK_CORESIGHT_ReadAPDPReg(AP reg 0x03)
T2814 000:316.565   Value=0x00000002
T2814 000:316.569 - 0.211ms returns 0
T2814 000:316.573 JLINK_CORESIGHT_ReadAPDPReg(AP reg 0x03)
T2814 000:316.780   Value=0x00000002
T2814 000:316.784 - 0.211ms returns 0
T2814 000:316.787 JLINK_CORESIGHT_ReadAPDPReg(AP reg 0x03)
T2814 000:316.990   Value=0x00000002
T2814 000:316.994 - 0.206ms returns 0
T2814 000:316.997 JLINK_CORESIGHT_ReadAPDPReg(AP reg 0x03)
T2814 000:317.183   Value=0x00000002
T2814 000:317.187 - 0.189ms returns 0
T2814 000:317.190 JLINK_CORESIGHT_ReadAPDPReg(AP reg 0x03)
T2814 000:317.396   Value=0x00000002
T2814 000:317.400 - 0.209ms returns 0
T2814 000:317.403 JLINK_CORESIGHT_ReadAPDPReg(AP reg 0x03)
T2814 000:317.615   Value=0x00000002
T2814 000:317.619 - 0.215ms returns 0
T2814 000:317.622 JLINK_CORESIGHT_ReadAPDPReg(AP reg 0x03)
T2814 000:317.826   Value=0x00000002
T2814 000:317.830 - 0.207ms returns 0
T2814 000:317.833 JLINK_CORESIGHT_ReadAPDPReg(AP reg 0x03)
T2814 000:318.034   Value=0x00000002
T2814 000:318.038 - 0.204ms returns 0
T2814 000:318.042 JLINK_CORESIGHT_ReadAPDPReg(AP reg 0x03)
T2814 000:318.249   Value=0x00000002
T2814 000:318.253 - 0.211ms returns 0
T2814 000:318.256 JLINK_CORESIGHT_ReadAPDPReg(AP reg 0x03)
T2814 000:318.465   Value=0x00000002
T2814 000:318.469 - 0.212ms returns 0
T2814 000:318.472 JLINK_CORESIGHT_ReadAPDPReg(AP reg 0x03)
T2814 000:318.683   Value=0x00000002
T2814 000:318.687 - 0.215ms returns 0
T2814 000:318.691 JLINK_CORESIGHT_ReadAPDPReg(AP reg 0x03)
T2814 000:318.902   Value=0x00000002
T2814 000:318.909 - 0.218ms returns 0
T2814 000:318.913 JLINK_CORESIGHT_ReadAPDPReg(AP reg 0x03)
T2814 000:319.187   Value=0x00000002
T2814 000:319.191 - 0.278ms returns 0
T2814 000:319.195 JLINK_CORESIGHT_ReadAPDPReg(AP reg 0x03)
T2814 000:319.397   Value=0x00000002
T2814 000:319.401 - 0.206ms returns 0
T2814 000:319.405 JLINK_CORESIGHT_ReadAPDPReg(AP reg 0x03)
T2814 000:319.615   Value=0x00000002
T2814 000:319.619 - 0.214ms returns 0
T2814 000:319.623 JLINK_CORESIGHT_ReadAPDPReg(AP reg 0x03)
T2814 000:319.834   Value=0x00000002
T2814 000:319.838 - 0.215ms returns 0
T2814 000:319.842 JLINK_CORESIGHT_ReadAPDPReg(AP reg 0x03)
T2814 000:320.052   Value=0x00000002
T2814 000:320.056 - 0.214ms returns 0
T2814 000:320.060 JLINK_CORESIGHT_ReadAPDPReg(AP reg 0x03)
T2814 000:320.255   Value=0x00000002
T2814 000:320.259 - 0.199ms returns 0
T2814 000:320.262 JLINK_CORESIGHT_ReadAPDPReg(AP reg 0x03)
T2814 000:320.472   Value=0x00000002
T2814 000:320.476 - 0.213ms returns 0
T2814 000:320.480 JLINK_CORESIGHT_ReadAPDPReg(AP reg 0x03)
T2814 000:320.709   Value=0x00000002
T2814 000:320.713 - 0.233ms returns 0
T2814 000:320.716 JLINK_CORESIGHT_ReadAPDPReg(AP reg 0x03)
T2814 000:320.922   Value=0x00000002
T2814 000:320.926 - 0.209ms returns 0
T2814 000:320.929 JLINK_CORESIGHT_ReadAPDPReg(AP reg 0x03)
T2814 000:321.187   Value=0x00000002
T2814 000:321.190 - 0.261ms returns 0
T2814 000:321.194 JLINK_CORESIGHT_ReadAPDPReg(AP reg 0x03)
T2814 000:321.396   Value=0x00000002
T2814 000:321.400 - 0.206ms returns 0
T2814 000:321.404 JLINK_CORESIGHT_ReadAPDPReg(AP reg 0x03)
T2814 000:321.617   Value=0x00000002
T2814 000:321.621 - 0.217ms returns 0
T2814 000:322.068 JLINK_CORESIGHT_ReadAPDPReg(AP reg 0x03)
T2814 000:322.346   Value=0x00000002
T2814 000:322.354 - 0.286ms returns 0
T2814 000:322.359 JLINK_CORESIGHT_ReadAPDPReg(AP reg 0x03)
T2814 000:322.563   Value=0x00000002
T2814 000:322.567 - 0.208ms returns 0
T2814 000:322.571 JLINK_CORESIGHT_ReadAPDPReg(AP reg 0x03)
T2814 000:322.778   Value=0x00000002
T2814 000:322.782 - 0.211ms returns 0
T2814 000:322.786 JLINK_CORESIGHT_ReadAPDPReg(AP reg 0x03)
T2814 000:322.996   Value=0x00000002
T2814 000:323.000 - 0.214ms returns 0
T2814 000:323.004 JLINK_CORESIGHT_ReadAPDPReg(AP reg 0x03)
T2814 000:323.218   Value=0x00000002
T2814 000:323.222 - 0.218ms returns 0
T2814 000:323.225 JLINK_CORESIGHT_ReadAPDPReg(AP reg 0x03)
T2814 000:323.433   Value=0x00000002
T2814 000:323.437 - 0.211ms returns 0
T2814 000:323.441 JLINK_CORESIGHT_ReadAPDPReg(AP reg 0x03)
T2814 000:323.652   Value=0x00000002
T2814 000:323.656 - 0.215ms returns 0
T2814 000:323.659 JLINK_CORESIGHT_ReadAPDPReg(AP reg 0x03)
T2814 000:323.865   Value=0x00000002
T2814 000:323.869 - 0.209ms returns 0
T2814 000:323.873 JLINK_CORESIGHT_ReadAPDPReg(AP reg 0x03)
T2814 000:324.080   Value=0x00000002
T2814 000:324.084 - 0.211ms returns 0
T2814 000:324.088 JLINK_CORESIGHT_ReadAPDPReg(AP reg 0x03)
T2814 000:324.292   Value=0x00000002
T2814 000:324.296 - 0.208ms returns 0
T2814 000:324.300 JLINK_CORESIGHT_ReadAPDPReg(AP reg 0x03)
T2814 000:324.508   Value=0x00000002
T2814 000:324.511 - 0.211ms returns 0
T2814 000:324.515 JLINK_CORESIGHT_ReadAPDPReg(AP reg 0x03)
T2814 000:324.722   Value=0x00000002
T2814 000:324.726 - 0.210ms returns 0
T2814 000:324.729 JLINK_CORESIGHT_ReadAPDPReg(AP reg 0x03)
T2814 000:324.933   Value=0x00000002
T2814 000:324.937 - 0.207ms returns 0
T2814 000:324.941 JLINK_CORESIGHT_ReadAPDPReg(AP reg 0x03)
T2814 000:325.196   Value=0x00000002
T2814 000:325.202 - 0.261ms returns 0
T2814 000:325.207 JLINK_CORESIGHT_ReadAPDPReg(AP reg 0x03)
T2814 000:325.413   Value=0x00000000
T2814 000:325.419 - 0.211ms returns 0
T2814 000:325.423 JLINK_CORESIGHT_WriteAPDPReg(AP reg 0x00, 0x80000002)
T2814 000:325.656 - 0.232ms returns 0
T2814 000:325.665 JLINK_CORESIGHT_WriteAPDPReg(AP reg 0x01, 0x80011130)
T2814 000:325.841 - 0.175ms returns 0
T2814 000:325.845 JLINK_CORESIGHT_ReadAPDPReg(AP reg 0x03)
T2814 000:326.047   Value=0x000000C6
T2814 000:326.051 - 0.206ms returns 0
T2814 000:326.064 JLINK_CORESIGHT_WriteAPDPReg(AP reg 0x00, 0x80000002)
T2814 000:326.224 - 0.160ms returns 0
T2814 000:326.228 JLINK_CORESIGHT_WriteAPDPReg(AP reg 0x01, 0x80011140)
T2814 000:326.402 - 0.174ms returns 0
T2814 000:326.406 JLINK_CORESIGHT_ReadAPDPReg(AP reg 0x03)
T2814 000:326.607   Value=0x00000002
T2814 000:326.611 - 0.204ms returns 0
T2814 000:326.615 JLINK_CORESIGHT_WriteAPDPReg(AP reg 0x00, 0x80000002)
T2814 000:326.791 - 0.176ms returns 0
T2814 000:326.795 JLINK_CORESIGHT_WriteAPDPReg(AP reg 0x01, 0x80011120)
T2814 000:326.966 - 0.171ms returns 0
T2814 000:326.970 JLINK_CORESIGHT_WriteAPDPReg(AP reg 0x03, 0x3A010001)
T2814 000:327.193 - 0.223ms returns 0
T2814 000:327.200 JLINK_CORESIGHT_WriteAPDPReg(AP reg 0x00, 0x80000002)
T2814 000:327.353 - 0.152ms returns 0
T2814 000:327.359 JLINK_CORESIGHT_WriteAPDPReg(AP reg 0x01, 0x80011140)
T2814 000:327.550 - 0.190ms returns 0
T2814 000:327.557 JLINK_CORESIGHT_ReadAPDPReg(AP reg 0x03)
T2814 000:327.783   Value=0x00000002
T2814 000:327.792 - 0.234ms returns 0
T2814 000:327.797 JLINK_CORESIGHT_WriteAPDPReg(AP reg 0x00, 0x80000002)
T2814 000:327.974 - 0.177ms returns 0
T2814 000:327.978 JLINK_CORESIGHT_WriteAPDPReg(AP reg 0x01, 0x80011120)
T2814 000:328.187 - 0.208ms returns 0
T2814 000:328.191 JLINK_CORESIGHT_WriteAPDPReg(AP reg 0x03, 0x000003C5)
T2814 000:328.364 - 0.173ms returns 0
T2814 000:328.368 JLINK_CORESIGHT_WriteAPDPReg(AP reg 0x00, 0x80000002)
T2814 000:328.541 - 0.173ms returns 0
T2814 000:328.545 JLINK_CORESIGHT_WriteAPDPReg(AP reg 0x01, 0x80011140)
T2814 000:328.717 - 0.172ms returns 0
T2814 000:328.721 JLINK_CORESIGHT_ReadAPDPReg(AP reg 0x03)
T2814 000:328.927   Value=0x00000002
T2814 000:328.931 - 0.210ms returns 0
T2814 000:328.935 JLINK_CORESIGHT_ReadAPDPReg(AP reg 0x03)
T2814 000:329.193   Value=0x00000002
T2814 000:329.204 - 0.268ms returns 0
T2814 000:329.210 JLINK_CORESIGHT_ReadAPDPReg(AP reg 0x03)
T2814 000:329.451   Value=0x00000002
T2814 000:329.457 - 0.247ms returns 0
T2814 000:329.462 JLINK_CORESIGHT_ReadAPDPReg(AP reg 0x03)
T2814 000:329.669   Value=0x00000002
T2814 000:329.676 - 0.214ms returns 0
T2814 000:329.681 JLINK_CORESIGHT_ReadAPDPReg(AP reg 0x03)
T2814 000:329.889   Value=0x00000002
T2814 000:329.894 - 0.213ms returns 0
T2814 000:329.898 JLINK_CORESIGHT_ReadAPDPReg(AP reg 0x03)
T2814 000:330.106   Value=0x00000002
T2814 000:330.111 - 0.212ms returns 0
T2814 000:330.115 JLINK_CORESIGHT_ReadAPDPReg(AP reg 0x03)
T2814 000:330.344   Value=0x00000002
T2814 000:330.348 - 0.233ms returns 0
T2814 000:330.352 JLINK_CORESIGHT_ReadAPDPReg(AP reg 0x03)
T2814 000:330.559   Value=0x00000002
T2814 000:330.563 - 0.211ms returns 0
T2814 000:330.567 JLINK_CORESIGHT_ReadAPDPReg(AP reg 0x03)
T2814 000:330.777   Value=0x00000002
T2814 000:330.781 - 0.214ms returns 0
T2814 000:330.785 JLINK_CORESIGHT_ReadAPDPReg(AP reg 0x03)
T2814 000:330.996   Value=0x00000002
T2814 000:331.000 - 0.215ms returns 0
T2814 000:331.004 JLINK_CORESIGHT_ReadAPDPReg(AP reg 0x03)
T2814 000:331.242   Value=0x00000002
T2814 000:331.247 - 0.243ms returns 0
T2814 000:331.252 JLINK_CORESIGHT_ReadAPDPReg(AP reg 0x03)
T2814 000:331.482   Value=0x00000002
T2814 000:331.503 - 0.250ms returns 0
T2814 000:331.533 JLINK_CORESIGHT_ReadAPDPReg(AP reg 0x03)
T2814 000:331.743   Value=0x00000000
T2814 000:331.748 - 0.214ms returns 0
T2814 000:331.753 JLINK_CORESIGHT_WriteAPDPReg(AP reg 0x00, 0x80000002)
T2814 000:331.928 - 0.174ms returns 0
T2814 000:331.932 JLINK_CORESIGHT_WriteAPDPReg(AP reg 0x01, 0x80011130)
T2814 000:332.102 - 0.170ms returns 0
T2814 000:332.106 JLINK_CORESIGHT_ReadAPDPReg(AP reg 0x03)
T2814 000:332.344   Value=0x3A2A0081
T2814 000:332.348 - 0.242ms returns 0
T2814 000:332.352 JLINK_CORESIGHT_WriteAPDPReg(AP reg 0x00, 0x80000002)
T2814 000:332.528 - 0.176ms returns 0
T2814 000:332.532 JLINK_CORESIGHT_WriteAPDPReg(AP reg 0x01, 0x80011140)
T2814 000:332.708 - 0.176ms returns 0
T2814 000:332.712 JLINK_CORESIGHT_ReadAPDPReg(AP reg 0x03)
T2814 000:332.915   Value=0x00000000
T2814 000:332.945 - 0.232ms returns 0
T2814 000:332.949 JLINK_CORESIGHT_WriteAPDPReg(AP reg 0x00, 0x80000002)
T2814 000:333.095 - 0.146ms returns 0
T2814 000:333.099 JLINK_CORESIGHT_WriteAPDPReg(AP reg 0x01, 0x80011130)
T2814 000:333.313 - 0.214ms returns 0
T2814 000:333.317 JLINK_CORESIGHT_ReadAPDPReg(AP reg 0x03)
T2814 000:333.521   Value=0x808D5B00
T2814 000:333.525 - 0.208ms returns 0
T2814 000:333.529 JLINK_CORESIGHT_WriteAPDPReg(AP reg 0x00, 0x80000002)
T2814 000:333.683 - 0.153ms returns 0
T2814 000:333.691 JLINK_CORESIGHT_WriteAPDPReg(AP reg 0x01, 0x80011140)
T2814 000:333.867 - 0.176ms returns 0
T2814 000:333.874 JLINK_CORESIGHT_ReadAPDPReg(AP reg 0x03)
T2814 000:334.085   Value=0x00000000
T2814 000:334.089 - 0.215ms returns 0
T2814 000:334.093 JLINK_CORESIGHT_WriteAPDPReg(AP reg 0x00, 0x80000002)
T2814 000:334.288 - 0.195ms returns 0
T2814 000:334.293 JLINK_CORESIGHT_WriteAPDPReg(AP reg 0x01, 0x80011130)
T2814 000:334.466 - 0.173ms returns 0
T2814 000:334.470 JLINK_CORESIGHT_ReadAPDPReg(AP reg 0x03)
T2814 000:334.671   Value=0x0406070A
T2814 000:334.675 - 0.205ms returns 0
T2814 000:334.679 JLINK_CORESIGHT_WriteAPDPReg(AP reg 0x00, 0x80000002)
T2814 000:334.855 - 0.176ms returns 0
T2814 000:334.859 JLINK_CORESIGHT_WriteAPDPReg(AP reg 0x01, 0x80011140)
T2814 000:335.031 - 0.172ms returns 0
T2814 000:335.035 JLINK_CORESIGHT_ReadAPDPReg(AP reg 0x03)
T2814 000:335.249   Value=0x00000000
T2814 000:335.253 - 0.218ms returns 0
T2814 000:335.257 JLINK_CORESIGHT_WriteAPDPReg(AP reg 0x00, 0x80000002)
T2814 000:335.433 - 0.176ms returns 0
T2814 000:335.437 JLINK_CORESIGHT_WriteAPDPReg(AP reg 0x01, 0x80011130)
T2814 000:335.611 - 0.173ms returns 0
T2814 000:335.614 JLINK_CORESIGHT_ReadAPDPReg(AP reg 0x03)
T2814 000:335.819   Value=0x3254540B
T2814 000:335.823 - 0.208ms returns 0
T2814 000:335.827 JLINK_CORESIGHT_WriteAPDPReg(AP reg 0x00, 0x80000002)
T2814 000:336.003 - 0.176ms returns 0
T2814 000:336.007 JLINK_CORESIGHT_WriteAPDPReg(AP reg 0x01, 0x80011140)
T2814 000:336.187 - 0.180ms returns 0
T2814 000:336.191 JLINK_CORESIGHT_ReadAPDPReg(AP reg 0x03)
T2814 000:336.396   Value=0x00000000
T2814 000:336.400 - 0.209ms returns 0
T2814 000:336.404 JLINK_CORESIGHT_WriteAPDPReg(AP reg 0x00, 0x80000002)
T2814 000:336.552 - 0.148ms returns 0
T2814 000:336.556 JLINK_CORESIGHT_WriteAPDPReg(AP reg 0x01, 0x80011130)
T2814 000:336.729 - 0.172ms returns 0
T2814 000:336.733 JLINK_CORESIGHT_ReadAPDPReg(AP reg 0x03)
T2814 000:336.934   Value=0x54BCB059
T2814 000:336.938 - 0.205ms returns 0
T2814 000:336.941 JLINK_CORESIGHT_WriteAPDPReg(AP reg 0x00, 0x80000002)
T2814 000:337.090 - 0.148ms returns 0
T2814 000:337.094 JLINK_CORESIGHT_WriteAPDPReg(AP reg 0x01, 0x80011140)
T2814 000:337.318 - 0.224ms returns 0
T2814 000:337.322 JLINK_CORESIGHT_ReadAPDPReg(AP reg 0x03)
T2814 000:337.527   Value=0x00000000
T2814 000:337.531 - 0.209ms returns 0
T2814 000:337.534 JLINK_CORESIGHT_WriteAPDPReg(AP reg 0x00, 0x80000002)
T2814 000:337.708 - 0.173ms returns 0
T2814 000:337.712 JLINK_CORESIGHT_WriteAPDPReg(AP reg 0x01, 0x80011130)
T2814 000:337.885 - 0.173ms returns 0
T2814 000:337.889 JLINK_CORESIGHT_ReadAPDPReg(AP reg 0x03)
T2814 000:338.092   Value=0x34325736
T2814 000:338.096 - 0.207ms returns 0
T2814 000:338.099 JLINK_CORESIGHT_WriteAPDPReg(AP reg 0x00, 0x80000002)
T2814 000:338.318 - 0.218ms returns 0
T2814 000:338.322 JLINK_CORESIGHT_WriteAPDPReg(AP reg 0x01, 0x80011140)
T2814 000:338.496 - 0.174ms returns 0
T2814 000:338.500 JLINK_CORESIGHT_ReadAPDPReg(AP reg 0x03)
T2814 000:338.704   Value=0x00000000
T2814 000:338.708 - 0.208ms returns 0
T2814 000:338.712 JLINK_CORESIGHT_WriteAPDPReg(AP reg 0x00, 0x80000002)
T2814 000:338.888 - 0.176ms returns 0
T2814 000:338.892 JLINK_CORESIGHT_WriteAPDPReg(AP reg 0x01, 0x80011130)
T2814 000:339.065 - 0.173ms returns 0
T2814 000:339.069 JLINK_CORESIGHT_ReadAPDPReg(AP reg 0x03)
T2814 000:339.344   Value=0x8A082D30
T2814 000:339.348 - 0.278ms returns 0
T2814 000:339.352 JLINK_CORESIGHT_WriteAPDPReg(AP reg 0x00, 0x80000002)
T2814 000:339.522 - 0.170ms returns 0
T2814 000:339.529 JLINK_CORESIGHT_WriteAPDPReg(AP reg 0x01, 0x80011140)
T2814 000:339.704 - 0.175ms returns 0
T2814 000:339.711 JLINK_CORESIGHT_ReadAPDPReg(AP reg 0x03)
T2814 000:339.918   Value=0x00000000
T2814 000:339.924 - 0.213ms returns 0
T2814 000:339.929 JLINK_CORESIGHT_WriteAPDPReg(AP reg 0x00, 0x80000002)
T2814 000:340.078 - 0.149ms returns 0
T2814 000:340.082 JLINK_CORESIGHT_WriteAPDPReg(AP reg 0x01, 0x80011130)
T2814 000:340.314 - 0.231ms returns 0
T2814 000:340.318 JLINK_CORESIGHT_ReadAPDPReg(AP reg 0x03)
T2814 000:340.520   Value=0x4B375276
T2814 000:340.524 - 0.206ms returns 0
T2814 000:340.528 JLINK_CORESIGHT_WriteAPDPReg(AP reg 0x00, 0x80000002)
T2814 000:340.704 - 0.176ms returns 0
T2814 000:340.708 JLINK_CORESIGHT_WriteAPDPReg(AP reg 0x01, 0x80011140)
T2814 000:340.888 - 0.180ms returns 0
T2814 000:340.892 JLINK_CORESIGHT_ReadAPDPReg(AP reg 0x03)
T2814 000:341.103   Value=0x00000000
T2814 000:341.107 - 0.215ms returns 0
T2814 000:341.111 JLINK_CORESIGHT_WriteAPDPReg(AP reg 0x00, 0x80000002)
T2814 000:341.288 - 0.177ms returns 0
T2814 000:341.292 JLINK_CORESIGHT_WriteAPDPReg(AP reg 0x01, 0x80011130)
T2814 000:341.465 - 0.173ms returns 0
T2814 000:341.469 JLINK_CORESIGHT_ReadAPDPReg(AP reg 0x03)
T2814 000:341.672   Value=0x31503841
T2814 000:341.676 - 0.207ms returns 0
T2814 000:341.680 JLINK_CORESIGHT_WriteAPDPReg(AP reg 0x00, 0x80000002)
T2814 000:341.856 - 0.176ms returns 0
T2814 000:341.860 JLINK_CORESIGHT_WriteAPDPReg(AP reg 0x01, 0x80011140)
T2814 000:342.031 - 0.171ms returns 0
T2814 000:342.035 JLINK_CORESIGHT_ReadAPDPReg(AP reg 0x03)
T2814 000:342.249   Value=0x00000000
T2814 000:342.253 - 0.217ms returns 0
T2814 000:342.257 JLINK_CORESIGHT_WriteAPDPReg(AP reg 0x00, 0x80000002)
T2814 000:342.433 - 0.176ms returns 0
T2814 000:342.437 JLINK_CORESIGHT_WriteAPDPReg(AP reg 0x01, 0x80011130)
T2814 000:342.583 - 0.145ms returns 0
T2814 000:342.587 JLINK_CORESIGHT_ReadAPDPReg(AP reg 0x03)
T2814 000:342.791   Value=0x434C464B
T2814 000:342.795 - 0.208ms returns 0
T2814 000:342.798 JLINK_CORESIGHT_WriteAPDPReg(AP reg 0x00, 0x80000002)
T2814 000:342.965 - 0.166ms returns 0
T2814 000:342.969 JLINK_CORESIGHT_WriteAPDPReg(AP reg 0x01, 0x80011140)
T2814 000:343.183 - 0.214ms returns 0
T2814 000:343.187 JLINK_CORESIGHT_ReadAPDPReg(AP reg 0x03)
T2814 000:343.390   Value=0x00000000
T2814 000:343.394 - 0.206ms returns 0
T2814 000:343.397 JLINK_CORESIGHT_WriteAPDPReg(AP reg 0x00, 0x80000002)
T2814 000:343.575 - 0.178ms returns 0
T2814 000:343.581 JLINK_CORESIGHT_WriteAPDPReg(AP reg 0x01, 0x80011130)
T2814 000:343.758 - 0.176ms returns 0
T2814 000:343.762 JLINK_CORESIGHT_ReadAPDPReg(AP reg 0x03)
T2814 000:343.999   Value=0x20204341
T2814 000:344.003 - 0.240ms returns 0
T2814 000:344.006 JLINK_CORESIGHT_WriteAPDPReg(AP reg 0x00, 0x80000002)
T2814 000:344.187 - 0.180ms returns 0
T2814 000:344.191 JLINK_CORESIGHT_WriteAPDPReg(AP reg 0x01, 0x80011140)
T2814 000:344.364 - 0.173ms returns 0
T2814 000:344.368 JLINK_CORESIGHT_ReadAPDPReg(AP reg 0x03)
T2814 000:344.701   Value=0x00000000
T2814 000:344.707 - 0.338ms returns 0
T2814 000:344.711 JLINK_CORESIGHT_WriteAPDPReg(AP reg 0x00, 0x80000002)
T2814 000:344.911 - 0.199ms returns 0
T2814 000:344.917 JLINK_CORESIGHT_WriteAPDPReg(AP reg 0x01, 0x80011130)
T2814 000:345.070 - 0.153ms returns 0
T2814 000:345.075 JLINK_CORESIGHT_ReadAPDPReg(AP reg 0x03)
T2814 000:345.351   Value=0x0003F120
T2814 000:345.408 - 0.332ms returns 0
T2814 000:345.451 JLINK_CORESIGHT_WriteAPDPReg(AP reg 0x00, 0x80000002)
T2814 000:345.815 - 0.356ms returns 0
T2814 000:345.879 JLINK_CORESIGHT_WriteAPDPReg(AP reg 0x01, 0x80011140)
T2814 000:346.194 - 0.315ms returns 0
T2814 000:346.205 JLINK_CORESIGHT_ReadAPDPReg(AP reg 0x03)
T2814 000:346.417   Value=0x00000002
T2814 000:346.421 - 0.216ms returns 0
T2814 000:346.425 JLINK_CORESIGHT_WriteAPDPReg(AP reg 0x00, 0x80000002)
T2814 000:346.623 - 0.198ms returns 0
T2814 000:346.627 JLINK_CORESIGHT_WriteAPDPReg(AP reg 0x01, 0x80011120)
T2814 000:346.788 - 0.160ms returns 0
T2814 000:346.794 JLINK_CORESIGHT_WriteAPDPReg(AP reg 0x03, 0x39020001)
T2814 000:346.966 - 0.172ms returns 0
T2814 000:346.971 JLINK_CORESIGHT_WriteAPDPReg(AP reg 0x00, 0x80000002)
T2814 000:347.184 - 0.213ms returns 0
T2814 000:347.191 JLINK_CORESIGHT_WriteAPDPReg(AP reg 0x01, 0x80011140)
T2814 000:347.364 - 0.173ms returns 0
T2814 000:347.370 JLINK_CORESIGHT_ReadAPDPReg(AP reg 0x03)
T2814 000:347.571   Value=0x00000002
T2814 000:347.575 - 0.205ms returns 0
T2814 000:347.580 JLINK_CORESIGHT_WriteAPDPReg(AP reg 0x00, 0x80000002)
T2814 000:347.724 - 0.144ms returns 0
T2814 000:347.730 JLINK_CORESIGHT_WriteAPDPReg(AP reg 0x01, 0x80011120)
T2814 000:347.899 - 0.169ms returns 0
T2814 000:347.904 JLINK_CORESIGHT_WriteAPDPReg(AP reg 0x03, 0x0003B312)
T2814 000:348.074 - 0.169ms returns 0
T2814 000:348.079 JLINK_CORESIGHT_WriteAPDPReg(AP reg 0x00, 0x80000002)
T2814 000:348.313 - 0.233ms returns 0
T2814 000:348.318 JLINK_CORESIGHT_WriteAPDPReg(AP reg 0x01, 0x80011140)
T2814 000:348.490 - 0.171ms returns 0
T2814 000:348.495 JLINK_CORESIGHT_ReadAPDPReg(AP reg 0x03)
T2814 000:348.696   Value=0x00000000
T2814 000:348.700 - 0.204ms returns 0
T2814 000:348.705 JLINK_CORESIGHT_WriteAPDPReg(AP reg 0x00, 0x80000002)
T2814 000:348.911 - 0.206ms returns 0
T2814 000:348.916 JLINK_CORESIGHT_WriteAPDPReg(AP reg 0x01, 0x80011130)
T2814 000:349.094 - 0.178ms returns 0
T2814 000:349.099 JLINK_CORESIGHT_ReadAPDPReg(AP reg 0x03)
T2814 000:349.349   Value=0xB90A0081
T2814 000:349.353 - 0.254ms returns 0
T2814 000:349.358 JLINK_CORESIGHT_WriteAPDPReg(AP reg 0x00, 0x80000002)
T2814 000:349.533 - 0.175ms returns 0
T2814 000:349.538 JLINK_CORESIGHT_WriteAPDPReg(AP reg 0x01, 0x80011140)
T2814 000:349.708 - 0.169ms returns 0
T2814 000:349.713 JLINK_CORESIGHT_ReadAPDPReg(AP reg 0x03)
T2814 000:349.914   Value=0x00000000
T2814 000:349.918 - 0.205ms returns 0
T2814 000:349.923 JLINK_CORESIGHT_WriteAPDPReg(AP reg 0x00, 0x80000002)
T2814 000:350.099 - 0.175ms returns 0
T2814 000:350.104 JLINK_CORESIGHT_WriteAPDPReg(AP reg 0x01, 0x80011130)
T2814 000:350.313 - 0.209ms returns 0
T2814 000:350.318 JLINK_CORESIGHT_ReadAPDPReg(AP reg 0x03)
T2814 000:350.521   Value=0xFFFFFFC0
T2814 000:350.526 - 0.207ms returns 0
T2814 000:350.531 JLINK_CORESIGHT_WriteAPDPReg(AP reg 0x00, 0x80000002)
T2814 000:350.678 - 0.147ms returns 0
T2814 000:350.683 JLINK_CORESIGHT_WriteAPDPReg(AP reg 0x01, 0x80011140)
T2814 000:350.852 - 0.169ms returns 0
T2814 000:350.857 JLINK_CORESIGHT_ReadAPDPReg(AP reg 0x03)
T2814 000:351.058   Value=0x00000000
T2814 000:351.063 - 0.205ms returns 0
T2814 000:351.067 JLINK_CORESIGHT_WriteAPDPReg(AP reg 0x00, 0x80000002)
T2814 000:351.224 - 0.157ms returns 0
T2814 000:351.230 JLINK_CORESIGHT_WriteAPDPReg(AP reg 0x01, 0x80011130)
T2814 000:351.408 - 0.178ms returns 0
T2814 000:351.414 JLINK_CORESIGHT_ReadAPDPReg(AP reg 0x03)
T2814 000:351.615   Value=0xFFFFFFFF
T2814 000:351.619 - 0.205ms returns 0
T2814 000:351.623 JLINK_CORESIGHT_WriteAPDPReg(AP reg 0x00, 0x80000002)
T2814 000:351.769 - 0.145ms returns 0
T2814 000:351.782 JLINK_CORESIGHT_WriteAPDPReg(AP reg 0x01, 0x80011140)
T2814 000:351.962 - 0.180ms returns 0
T2814 000:351.971 JLINK_CORESIGHT_ReadAPDPReg(AP reg 0x03)
T2814 000:352.188   Value=0x00000000
T2814 000:352.192 - 0.221ms returns 0
T2814 000:352.198 JLINK_CORESIGHT_WriteAPDPReg(AP reg 0x00, 0x80000002)
T2814 000:352.371 - 0.174ms returns 0
T2814 000:352.377 JLINK_CORESIGHT_WriteAPDPReg(AP reg 0x01, 0x80011130)
T2814 000:352.546 - 0.169ms returns 0
T2814 000:352.552 JLINK_CORESIGHT_ReadAPDPReg(AP reg 0x03)
T2814 000:352.752   Value=0x000385FF
T2814 000:352.756 - 0.204ms returns 0
T2814 000:353.062 JLINK_CORESIGHT_WriteAPDPReg(AP reg 0x00, 0x80000002)
T2814 000:353.219 - 0.156ms returns 0
T2814 000:353.223 JLINK_CORESIGHT_WriteAPDPReg(AP reg 0x01, 0x80011140)
T2814 000:353.396 - 0.173ms returns 0
T2814 000:353.400 JLINK_CORESIGHT_ReadAPDPReg(AP reg 0x03)
T2814 000:353.604   Value=0x00000002
T2814 000:353.608 - 0.208ms returns 0
T2814 000:353.612 JLINK_CORESIGHT_WriteAPDPReg(AP reg 0x00, 0x80000002)
T2814 000:353.757 - 0.145ms returns 0
T2814 000:353.762 JLINK_CORESIGHT_WriteAPDPReg(AP reg 0x01, 0x80011120)
T2814 000:353.936 - 0.174ms returns 0
T2814 000:353.940 JLINK_CORESIGHT_WriteAPDPReg(AP reg 0x03, 0x2C010001)
T2814 000:354.187 - 0.247ms returns 0
T2814 000:354.191 JLINK_CORESIGHT_WriteAPDPReg(AP reg 0x00, 0x80000002)
T2814 000:354.333 - 0.142ms returns 0
T2814 000:354.337 JLINK_CORESIGHT_WriteAPDPReg(AP reg 0x01, 0x80011140)
T2814 000:354.508 - 0.171ms returns 0
T2814 000:354.512 JLINK_CORESIGHT_ReadAPDPReg(AP reg 0x03)
T2814 000:354.717   Value=0x00000002
T2814 000:354.721 - 0.209ms returns 0
T2814 000:354.725 JLINK_CORESIGHT_WriteAPDPReg(AP reg 0x00, 0x80000002)
T2814 000:354.901 - 0.176ms returns 0
T2814 000:354.905 JLINK_CORESIGHT_WriteAPDPReg(AP reg 0x01, 0x80011120)
T2814 000:355.078 - 0.172ms returns 0
T2814 000:355.082 JLINK_CORESIGHT_WriteAPDPReg(AP reg 0x03, 0x000003D3)
T2814 000:355.313 - 0.231ms returns 0
T2814 000:355.317 JLINK_CORESIGHT_WriteAPDPReg(AP reg 0x00, 0x80000002)
T2814 000:355.490 - 0.173ms returns 0
T2814 000:355.494 JLINK_CORESIGHT_WriteAPDPReg(AP reg 0x01, 0x80011140)
T2814 000:355.666 - 0.172ms returns 0
T2814 000:355.670 JLINK_CORESIGHT_ReadAPDPReg(AP reg 0x03)
T2814 000:355.874   Value=0x00000002
T2814 000:355.878 - 0.208ms returns 0
T2814 000:355.882 JLINK_CORESIGHT_ReadAPDPReg(AP reg 0x03)
T2814 000:356.090   Value=0x00000002
T2814 000:356.094 - 0.212ms returns 0
T2814 000:356.098 JLINK_CORESIGHT_ReadAPDPReg(AP reg 0x03)
T2814 000:356.349   Value=0x00000002
T2814 000:356.353 - 0.255ms returns 0
T2814 000:356.357 JLINK_CORESIGHT_ReadAPDPReg(AP reg 0x03)
T2814 000:356.564   Value=0x00000002
T2814 000:356.568 - 0.211ms returns 0
T2814 000:356.572 JLINK_CORESIGHT_ReadAPDPReg(AP reg 0x03)
T2814 000:356.779   Value=0x00000002
T2814 000:356.783 - 0.211ms returns 0
T2814 000:356.787 JLINK_CORESIGHT_ReadAPDPReg(AP reg 0x03)
T2814 000:356.989   Value=0x00000002
T2814 000:356.993 - 0.206ms returns 0
T2814 000:356.996 JLINK_CORESIGHT_ReadAPDPReg(AP reg 0x03)
T2814 000:357.218   Value=0x00000002
T2814 000:357.222 - 0.225ms returns 0
T2814 000:357.225 JLINK_CORESIGHT_ReadAPDPReg(AP reg 0x03)
T2814 000:357.433   Value=0x00000002
T2814 000:357.437 - 0.211ms returns 0
T2814 000:357.441 JLINK_CORESIGHT_ReadAPDPReg(AP reg 0x03)
T2814 000:357.652   Value=0x00000000
T2814 000:357.656 - 0.215ms returns 0
T2814 000:357.660 JLINK_CORESIGHT_WriteAPDPReg(AP reg 0x00, 0x80000002)
T2814 000:357.810 - 0.150ms returns 0
T2814 000:357.820 JLINK_CORESIGHT_WriteAPDPReg(AP reg 0x01, 0x80011130)
T2814 000:358.023 - 0.204ms returns 0
T2814 000:358.035 JLINK_CORESIGHT_ReadAPDPReg(AP reg 0x03)
T2814 000:358.251   Value=0x2C020081
T2814 000:358.256 - 0.220ms returns 0
T2814 000:358.260 JLINK_CORESIGHT_WriteAPDPReg(AP reg 0x00, 0x80000002)
T2814 000:358.442 - 0.181ms returns 0
T2814 000:358.446 JLINK_CORESIGHT_WriteAPDPReg(AP reg 0x01, 0x80011140)
T2814 000:358.616 - 0.170ms returns 0
T2814 000:358.621 JLINK_CORESIGHT_ReadAPDPReg(AP reg 0x03)
T2814 000:358.822   Value=0x00000000
T2814 000:358.826 - 0.205ms returns 0
T2814 000:358.830 JLINK_CORESIGHT_WriteAPDPReg(AP reg 0x00, 0x80000002)
T2814 000:359.006 - 0.176ms returns 0
T2814 000:359.010 JLINK_CORESIGHT_WriteAPDPReg(AP reg 0x01, 0x80011130)
T2814 000:359.187 - 0.176ms returns 0
T2814 000:359.191 JLINK_CORESIGHT_ReadAPDPReg(AP reg 0x03)
T2814 000:359.395   Value=0x0003CE04
T2814 000:359.399 - 0.208ms returns 0
T2814 000:359.405 JLINK_CORESIGHT_WriteAPDPReg(AP reg 0x00, 0x80000002)
T2814 000:359.548 - 0.143ms returns 0
T2814 000:359.552 JLINK_CORESIGHT_WriteAPDPReg(AP reg 0x01, 0x80011140)
T2814 000:359.703 - 0.151ms returns 0
T2814 000:359.707 JLINK_CORESIGHT_ReadAPDPReg(AP reg 0x03)
T2814 000:359.910   Value=0x00000002
T2814 000:359.914 - 0.207ms returns 0
T2814 000:359.918 JLINK_CORESIGHT_WriteAPDPReg(AP reg 0x00, 0x80000002)
T2814 000:360.090 - 0.172ms returns 0
T2814 000:360.094 JLINK_CORESIGHT_WriteAPDPReg(AP reg 0x01, 0x80011120)
T2814 000:360.315 - 0.220ms returns 0
T2814 000:360.321 JLINK_CORESIGHT_WriteAPDPReg(AP reg 0x03, 0x73010001)
T2814 000:360.471 - 0.149ms returns 0
T2814 000:360.477 JLINK_CORESIGHT_WriteAPDPReg(AP reg 0x00, 0x80000002)
T2814 000:360.658 - 0.181ms returns 0
T2814 000:360.662 JLINK_CORESIGHT_WriteAPDPReg(AP reg 0x01, 0x80011140)
T2814 000:360.833 - 0.170ms returns 0
T2814 000:360.844 JLINK_CORESIGHT_ReadAPDPReg(AP reg 0x03)
T2814 000:361.054   Value=0x00000002
T2814 000:361.058 - 0.214ms returns 0
T2814 000:361.062 JLINK_CORESIGHT_WriteAPDPReg(AP reg 0x00, 0x80000002)
T2814 000:361.219 - 0.156ms returns 0
T2814 000:361.226 JLINK_CORESIGHT_WriteAPDPReg(AP reg 0x01, 0x80011120)
T2814 000:361.370 - 0.144ms returns 0
T2814 000:361.374 JLINK_CORESIGHT_WriteAPDPReg(AP reg 0x03, 0x0000038C)
T2814 000:361.548 - 0.173ms returns 0
T2814 000:361.554 JLINK_CORESIGHT_WriteAPDPReg(AP reg 0x00, 0x80000002)
T2814 000:361.700 - 0.145ms returns 0
T2814 000:361.704 JLINK_CORESIGHT_WriteAPDPReg(AP reg 0x01, 0x80011140)
T2814 000:361.874 - 0.169ms returns 0
T2814 000:361.878 JLINK_CORESIGHT_ReadAPDPReg(AP reg 0x03)
T2814 000:362.085   Value=0x00000000
T2814 000:362.093 - 0.214ms returns 0
T2814 000:362.098 JLINK_CORESIGHT_WriteAPDPReg(AP reg 0x00, 0x80000002)
T2814 000:362.289 - 0.191ms returns 0
T2814 000:362.295 JLINK_CORESIGHT_WriteAPDPReg(AP reg 0x01, 0x80011130)
T2814 000:362.473 - 0.178ms returns 0
T2814 000:362.477 JLINK_CORESIGHT_ReadAPDPReg(AP reg 0x03)
T2814 000:362.678   Value=0x73020081
T2814 000:362.682 - 0.205ms returns 0
T2814 000:362.686 JLINK_CORESIGHT_WriteAPDPReg(AP reg 0x00, 0x80000002)
T2814 000:362.834 - 0.148ms returns 0
T2814 000:362.838 JLINK_CORESIGHT_WriteAPDPReg(AP reg 0x01, 0x80011140)
T2814 000:362.990 - 0.152ms returns 0
T2814 000:362.994 JLINK_CORESIGHT_ReadAPDPReg(AP reg 0x03)
T2814 000:363.218   Value=0x00000000
T2814 000:363.222 - 0.227ms returns 0
T2814 000:363.226 JLINK_CORESIGHT_WriteAPDPReg(AP reg 0x00, 0x80000002)
T2814 000:363.371 - 0.145ms returns 0
T2814 000:363.375 JLINK_CORESIGHT_WriteAPDPReg(AP reg 0x01, 0x80011130)
T2814 000:363.547 - 0.172ms returns 0
T2814 000:363.551 JLINK_CORESIGHT_ReadAPDPReg(AP reg 0x03)
T2814 000:363.755   Value=0x00038902
T2814 000:363.759 - 0.208ms returns 0
T2814 000:363.764 JLINK_CORESIGHT_WriteAPDPReg(AP reg 0x00, 0x80000002)
T2814 000:363.913 - 0.149ms returns 0
T2814 000:363.919 JLINK_CORESIGHT_WriteAPDPReg(AP reg 0x01, 0x80011140)
T2814 000:364.191 - 0.272ms returns 0
T2814 000:364.197 JLINK_CORESIGHT_ReadAPDPReg(AP reg 0x03)
T2814 000:364.407   Value=0x00000002
T2814 000:364.411 - 0.213ms returns 0
T2814 000:364.415 JLINK_CORESIGHT_WriteAPDPReg(AP reg 0x00, 0x80000002)
T2814 000:364.560 - 0.145ms returns 0
T2814 000:364.564 JLINK_CORESIGHT_WriteAPDPReg(AP reg 0x01, 0x80011120)
T2814 000:364.740 - 0.176ms returns 0
T2814 000:364.744 JLINK_CORESIGHT_WriteAPDPReg(AP reg 0x03, 0x75010001)
T2814 000:364.919 - 0.174ms returns 0
T2814 000:364.923 JLINK_CORESIGHT_WriteAPDPReg(AP reg 0x00, 0x80000002)
T2814 000:365.095 - 0.172ms returns 0
T2814 000:365.099 JLINK_CORESIGHT_WriteAPDPReg(AP reg 0x01, 0x80011140)
T2814 000:365.288 - 0.189ms returns 0
T2814 000:365.292 JLINK_CORESIGHT_ReadAPDPReg(AP reg 0x03)
T2814 000:365.496   Value=0x00000002
T2814 000:365.500 - 0.208ms returns 0
T2814 000:365.504 JLINK_CORESIGHT_WriteAPDPReg(AP reg 0x00, 0x80000002)
T2814 000:365.649 - 0.145ms returns 0
T2814 000:365.653 JLINK_CORESIGHT_WriteAPDPReg(AP reg 0x01, 0x80011120)
T2814 000:365.827 - 0.174ms returns 0
T2814 000:365.831 JLINK_CORESIGHT_WriteAPDPReg(AP reg 0x03, 0x0000038A)
T2814 000:366.002 - 0.170ms returns 0
T2814 000:366.006 JLINK_CORESIGHT_WriteAPDPReg(AP reg 0x00, 0x80000002)
T2814 000:366.187 - 0.181ms returns 0
T2814 000:366.191 JLINK_CORESIGHT_WriteAPDPReg(AP reg 0x01, 0x80011140)
T2814 000:366.364 - 0.173ms returns 0
T2814 000:366.368 JLINK_CORESIGHT_ReadAPDPReg(AP reg 0x03)
T2814 000:366.570   Value=0x00000002
T2814 000:366.574 - 0.205ms returns 0
T2814 000:366.578 JLINK_CORESIGHT_ReadAPDPReg(AP reg 0x03)
T2814 000:366.785   Value=0x00000002
T2814 000:366.790 - 0.212ms returns 0
T2814 000:366.794 JLINK_CORESIGHT_ReadAPDPReg(AP reg 0x03)
T2814 000:367.001   Value=0x00000002
T2814 000:367.005 - 0.211ms returns 0
T2814 000:367.008 JLINK_CORESIGHT_ReadAPDPReg(AP reg 0x03)
T2814 000:367.243   Value=0x00000000
T2814 000:367.248 - 0.239ms returns 0
T2814 000:367.252 JLINK_CORESIGHT_WriteAPDPReg(AP reg 0x00, 0x80000002)
T2814 000:367.431 - 0.179ms returns 0
T2814 000:367.487 JLINK_CORESIGHT_WriteAPDPReg(AP reg 0x01, 0x80011130)
T2814 000:367.675 - 0.188ms returns 0
T2814 000:367.681 JLINK_CORESIGHT_ReadAPDPReg(AP reg 0x03)
T2814 000:367.888   Value=0x75020081
T2814 000:367.892 - 0.210ms returns 0
T2814 000:367.896 JLINK_CORESIGHT_WriteAPDPReg(AP reg 0x00, 0x80000002)
T2814 000:368.042 - 0.146ms returns 0
T2814 000:368.049 JLINK_CORESIGHT_WriteAPDPReg(AP reg 0x01, 0x80011140)
T2814 000:368.193 - 0.145ms returns 0
T2814 000:368.198 JLINK_CORESIGHT_ReadAPDPReg(AP reg 0x03)
T2814 000:368.402   Value=0x00000000
T2814 000:368.406 - 0.207ms returns 0
T2814 000:368.410 JLINK_CORESIGHT_WriteAPDPReg(AP reg 0x00, 0x80000002)
T2814 000:368.583 - 0.173ms returns 0
T2814 000:368.587 JLINK_CORESIGHT_WriteAPDPReg(AP reg 0x01, 0x80011130)
T2814 000:368.761 - 0.174ms returns 0
T2814 000:368.765 JLINK_CORESIGHT_ReadAPDPReg(AP reg 0x03)
T2814 000:368.968   Value=0x00038702
T2814 000:368.972 - 0.206ms returns 0
T2814 000:368.978 JLINK_CORESIGHT_WriteAPDPReg(AP reg 0x00, 0x80000002)
T2814 000:369.193 - 0.214ms returns 0
T2814 000:369.197 JLINK_CORESIGHT_WriteAPDPReg(AP reg 0x01, 0x80011140)
T2814 000:369.374 - 0.176ms returns 0
T2814 000:369.380 JLINK_CORESIGHT_ReadAPDPReg(AP reg 0x03)
T2814 000:369.638   Value=0x00000002
T2814 000:369.645 - 0.265ms returns 0
T2814 000:369.650 JLINK_CORESIGHT_WriteAPDPReg(AP reg 0x00, 0x80000002)
T2814 000:369.794 - 0.144ms returns 0
T2814 000:369.798 JLINK_CORESIGHT_WriteAPDPReg(AP reg 0x01, 0x80011120)
T2814 000:369.970 - 0.172ms returns 0
T2814 000:369.975 JLINK_CORESIGHT_WriteAPDPReg(AP reg 0x03, 0x4F010001)
T2814 000:370.189 - 0.215ms returns 0
T2814 000:370.194 JLINK_CORESIGHT_WriteAPDPReg(AP reg 0x00, 0x80000002)
T2814 000:370.369 - 0.175ms returns 0
T2814 000:370.376 JLINK_CORESIGHT_WriteAPDPReg(AP reg 0x01, 0x80011140)
T2814 000:370.553 - 0.177ms returns 0
T2814 000:370.558 JLINK_CORESIGHT_ReadAPDPReg(AP reg 0x03)
T2814 000:370.786   Value=0x00000002
T2814 000:370.790 - 0.231ms returns 0
T2814 000:370.794 JLINK_CORESIGHT_WriteAPDPReg(AP reg 0x00, 0x80000002)
T2814 000:370.969 - 0.175ms returns 0
T2814 000:370.973 JLINK_CORESIGHT_WriteAPDPReg(AP reg 0x01, 0x80011120)
T2814 000:371.188 - 0.215ms returns 0
T2814 000:371.192 JLINK_CORESIGHT_WriteAPDPReg(AP reg 0x03, 0x000003B0)
T2814 000:371.365 - 0.173ms returns 0
T2814 000:371.369 JLINK_CORESIGHT_WriteAPDPReg(AP reg 0x00, 0x80000002)
T2814 000:371.542 - 0.173ms returns 0
T2814 000:371.546 JLINK_CORESIGHT_WriteAPDPReg(AP reg 0x01, 0x80011140)
T2814 000:371.720 - 0.174ms returns 0
T2814 000:371.724 JLINK_CORESIGHT_ReadAPDPReg(AP reg 0x03)
T2814 000:371.928   Value=0x00000002
T2814 000:371.932 - 0.208ms returns 0
T2814 000:371.936 JLINK_CORESIGHT_ReadAPDPReg(AP reg 0x03)
T2814 000:372.187   Value=0x00000002
T2814 000:372.191 - 0.255ms returns 0
T2814 000:372.195 JLINK_CORESIGHT_ReadAPDPReg(AP reg 0x03)
T2814 000:372.402   Value=0x00000002
T2814 000:372.406 - 0.211ms returns 0
T2814 000:372.410 JLINK_CORESIGHT_ReadAPDPReg(AP reg 0x03)
T2814 000:372.621   Value=0x00000002
T2814 000:372.625 - 0.215ms returns 0
T2814 000:372.629 JLINK_CORESIGHT_ReadAPDPReg(AP reg 0x03)
T2814 000:372.840   Value=0x00000002
T2814 000:372.844 - 0.215ms returns 0
T2814 000:372.848 JLINK_CORESIGHT_ReadAPDPReg(AP reg 0x03)
T2814 000:373.058   Value=0x00000002
T2814 000:373.062 - 0.214ms returns 0
T2814 000:373.066 JLINK_CORESIGHT_ReadAPDPReg(AP reg 0x03)
T2814 000:373.255   Value=0x00000002
T2814 000:373.259 - 0.193ms returns 0
T2814 000:373.263 JLINK_CORESIGHT_ReadAPDPReg(AP reg 0x03)
T2814 000:373.472   Value=0x00000002
T2814 000:373.480 - 0.217ms returns 0
T2814 000:373.483 JLINK_CORESIGHT_ReadAPDPReg(AP reg 0x03)
T2814 000:373.687   Value=0x00000000
T2814 000:373.691 - 0.208ms returns 0
T2814 000:373.695 JLINK_CORESIGHT_WriteAPDPReg(AP reg 0x00, 0x80000002)
T2814 000:373.871 - 0.176ms returns 0
T2814 000:373.875 JLINK_CORESIGHT_WriteAPDPReg(AP reg 0x01, 0x80011130)
T2814 000:374.024 - 0.149ms returns 0
T2814 000:374.028 JLINK_CORESIGHT_ReadAPDPReg(AP reg 0x03)
T2814 000:374.249   Value=0x4F0B0081
T2814 000:374.253 - 0.225ms returns 0
T2814 000:374.257 JLINK_CORESIGHT_WriteAPDPReg(AP reg 0x00, 0x80000002)
T2814 000:374.427 - 0.170ms returns 0
T2814 000:374.431 JLINK_CORESIGHT_WriteAPDPReg(AP reg 0x01, 0x80011140)
T2814 000:374.602 - 0.171ms returns 0
T2814 000:374.606 JLINK_CORESIGHT_ReadAPDPReg(AP reg 0x03)
T2814 000:374.811   Value=0x00000000
T2814 000:374.815 - 0.209ms returns 0
T2814 000:374.819 JLINK_CORESIGHT_WriteAPDPReg(AP reg 0x00, 0x80000002)
T2814 000:374.965 - 0.146ms returns 0
T2814 000:374.969 JLINK_CORESIGHT_WriteAPDPReg(AP reg 0x01, 0x80011130)
T2814 000:375.183 - 0.214ms returns 0
T2814 000:375.187 JLINK_CORESIGHT_ReadAPDPReg(AP reg 0x03)
T2814 000:375.390   Value=0xE0020000
T2814 000:375.394 - 0.207ms returns 0
T2814 000:375.398 JLINK_CORESIGHT_WriteAPDPReg(AP reg 0x00, 0x80000002)
T2814 000:375.651 - 0.253ms returns 0
T2814 000:375.658 JLINK_CORESIGHT_WriteAPDPReg(AP reg 0x01, 0x80011140)
T2814 000:375.812 - 0.154ms returns 0
T2814 000:375.819 JLINK_CORESIGHT_ReadAPDPReg(AP reg 0x03)
T2814 000:376.031   Value=0x00000000
T2814 000:376.041 - 0.221ms returns 0
T2814 000:376.046 JLINK_CORESIGHT_WriteAPDPReg(AP reg 0x00, 0x80000002)
T2814 000:376.221 - 0.175ms returns 0
T2814 000:376.229 JLINK_CORESIGHT_WriteAPDPReg(AP reg 0x01, 0x80011130)
T2814 000:376.376 - 0.146ms returns 0
T2814 000:376.380 JLINK_CORESIGHT_ReadAPDPReg(AP reg 0x03)
T2814 000:376.584   Value=0x00000000
T2814 000:376.588 - 0.209ms returns 0
T2814 000:376.592 JLINK_CORESIGHT_WriteAPDPReg(AP reg 0x00, 0x80000002)
T2814 000:376.741 - 0.148ms returns 0
T2814 000:376.745 JLINK_CORESIGHT_WriteAPDPReg(AP reg 0x01, 0x80011140)
T2814 000:376.916 - 0.171ms returns 0
T2814 000:376.920 JLINK_CORESIGHT_ReadAPDPReg(AP reg 0x03)
T2814 000:377.194   Value=0x00000000
T2814 000:377.201 - 0.280ms returns 0
T2814 000:377.206 JLINK_CORESIGHT_WriteAPDPReg(AP reg 0x00, 0x80000002)
T2814 000:377.386 - 0.180ms returns 0
T2814 000:377.392 JLINK_CORESIGHT_WriteAPDPReg(AP reg 0x01, 0x80011130)
T2814 000:377.623 - 0.230ms returns 0
T2814 000:377.628 JLINK_CORESIGHT_ReadAPDPReg(AP reg 0x03)
T2814 000:377.841   Value=0x03C40000
T2814 000:377.845 - 0.217ms returns 0
T2814 000:378.194 JLINK_CORESIGHT_ReadAPDPReg(DP reg 0x01)
T2814 000:378.372   Value=0xF0000F40
T2814 000:378.375 - 0.181ms returns 0
T2814 000:378.379 JLINK_CORESIGHT_WriteAPDPReg(DP reg 0x01, 0xA0000F40)
T2814 000:378.524 - 0.145ms returns 0
T2814 000:378.528 JLINK_CORESIGHT_ReadAPDPReg(DP reg 0x01)
T2814 000:378.698   Value=0x00000F40
T2814 000:378.702 - 0.173ms returns 0
T2814 000:378.706 JLINK_ClrRESET()
T2814 000:378.851 - 0.145ms 
T2814 000:480.816 JLINK_Close()
T2814 000:498.737 - 17.919ms
T2814 000:498.759   
T2814 000:498.762   Closed
