T1B7C 000:000.742   SEGGER J-Link V8.74 Log File
T1B7C 000:000.834   DLL Compiled: Sep 30 2025 12:11:23
T1B7C 000:000.838   Logging started @ 2026-01-04 12:04
T1B7C 000:000.842   Process: C:\Users\Andrew\.eclipse\com.renesas.platform_466585854\DebugComp\RA\e2-server-gdb.exe
T1B7C 000:000.849 - 0.845ms 
T1B7C 000:000.859 JLINK_GetDLLVersion()
T1B7C 000:000.863 - 0.004ms returns 87400
T1B7C 000:002.678 JLINK_OpenEx(...)
T1B7C 000:011.287   Firmware: J-Link OB-RA4M2 compiled Dec 10 2025 15:52:53
T1B7C 000:015.833   Firmware: J-Link OB-RA4M2 compiled Dec 10 2025 15:52:53
T1B7C 000:030.596   Hardware: V1.00
T1B7C 000:030.621   S/N: 1087985393
T1B7C 000:030.626   OEM: SEGGER
T1B7C 000:030.631   Feature(s): None
T1B7C 000:031.141   Bootloader: 2021 May 14
T1B7C 000:031.856   USB speed mode: Full speed (12 MBit/s)
T1B7C 000:032.215   TELNET listener socket opened on port 19021
T1B7C 000:032.308   WEBSRV WEBSRV_Init(): Starting webserver thread(s)
T1B7C 000:032.357   WEBSRV Failed to put socket into listener state (port 19080)
T1B7C 000:032.431   WEBSRV Webserver running on local port 19081
T1B7C 000:032.515   Looking for J-Link GUI Server exe at: C:\Users\Andrew\.eclipse\com.renesas.platform_466585854\DebugComp\RA\ARM\Segger_v8.74.0\JLinkGUIServer.exe
T1B7C 000:032.577   Looking for J-Link GUI Server exe at: C:\Program Files\SEGGER\JLink_V896\JLinkGUIServer.exe
T1B7C 000:032.598   Forking J-Link GUI Server: C:\Program Files\SEGGER\JLink_V896\JLinkGUIServer.exe
T1B7C 000:035.020   J-Link GUI Server info: "J-Link GUI server V8.96 "
T1B7C 000:035.434 - 32.732ms returns "O.K."
T1B7C 000:035.771 JLINK_TIF_Select(JLINKARM_TIF_SWD)
T1B7C 000:036.806 - 1.037ms returns 0x00
T1B7C 000:036.827 JLINK_ClrRESET()
T1B7C 000:037.081 - 0.253ms 
T1B7C 000:088.157 JLINK_SetSpeed(1500)
T1B7C 000:088.362 - 0.211ms 
T1B7C 000:088.402 JLINK_CORESIGHT_Configure(PerformTIFInit=0)
T1B7C 000:088.907 - 0.508ms returns 0
T1B7C 000:088.938 JLINK_CORESIGHT_ReadAPDPReg(DP reg 0x00)
T1B7C 000:089.172   Value=0x6BA02477
T1B7C 000:089.179 - 0.242ms returns 0
T1B7C 000:089.192 JLINK_CORESIGHT_WriteAPDPReg(DP reg 0x00, 0x0000001F)
T1B7C 000:089.614 - 0.422ms returns 0
T1B7C 000:089.633 JLINK_CORESIGHT_ReadAPDPReg(DP reg 0x00)
T1B7C 000:089.900   Value=0x6BA02477
T1B7C 000:089.906 - 0.273ms returns 0
T1B7C 000:089.919 JLINK_CORESIGHT_WriteAPDPReg(DP reg 0x02, 0x00000000)
T1B7C 000:090.091 - 0.172ms returns 0
T1B7C 000:090.103 JLINK_CORESIGHT_WriteAPDPReg(DP reg 0x01, 0x50000000)
T1B7C 000:090.294 - 0.190ms returns 0
T1B7C 000:090.310 JLINK_CORESIGHT_ReadAPDPReg(DP reg 0x01)
T1B7C 000:090.507   Value=0xF0000000
T1B7C 000:090.513 - 0.203ms returns 0
T1B7C 000:090.525 JLINK_CORESIGHT_WriteAPDPReg(DP reg 0x00, 0x0000001F)
T1B7C 000:090.697 - 0.172ms returns 0
T1B7C 000:090.709 JLINK_CORESIGHT_ReadAPDPReg(DP reg 0x00)
T1B7C 000:090.900   Value=0x6BA02477
T1B7C 000:090.906 - 0.197ms returns 0
T1B7C 000:090.918 JLINK_CORESIGHT_WriteAPDPReg(DP reg 0x01, 0x54000000)
T1B7C 000:092.005 - 1.087ms returns 0
T1B7C 000:092.018 JLINK_CORESIGHT_WriteAPDPReg(DP reg 0x01, 0x50000F00)
T1B7C 000:092.216 - 0.197ms returns 0
T1B7C 000:092.228 JLINK_CORESIGHT_WriteAPDPReg(DP reg 0x02, 0x01000000)
T1B7C 000:092.418 - 0.191ms returns 0
T1B7C 000:092.430 JLINK_CORESIGHT_WriteAPDPReg(AP reg 0x00, 0x80000002)
T1B7C 000:092.600 - 0.170ms returns 0
T1B7C 000:092.612 JLINK_CORESIGHT_WriteAPDPReg(AP reg 0x01, 0x80011100)
T1B7C 000:092.793 - 0.181ms returns 0
T1B7C 000:092.805 JLINK_CORESIGHT_WriteAPDPReg(AP reg 0x03, 0x000000A5)
T1B7C 000:093.028 - 0.223ms returns 0
T1B7C 000:093.047 JLINK_CORESIGHT_WriteAPDPReg(AP reg 0x00, 0x80000002)
T1B7C 000:093.239 - 0.192ms returns 0
T1B7C 000:093.251 JLINK_CORESIGHT_WriteAPDPReg(AP reg 0x01, 0x80011100)
T1B7C 000:093.422 - 0.170ms returns 0
T1B7C 000:093.434 JLINK_CORESIGHT_ReadAPDPReg(AP reg 0x03)
T1B7C 000:093.654   Value=0x000000A5
T1B7C 000:093.660 - 0.226ms returns 0
T1B7C 000:093.671 JLINK_ClrTMS()
T1B7C 000:093.727 - 0.055ms 
T1B7C 000:098.965 JLINK_SetTCK()
T1B7C 000:099.157 - 0.193ms returns 0
T1B7C 000:104.379 JLINK_SetRESET()
T1B7C 000:104.693 - 0.312ms 
T1B7C 000:306.249 JLINK_CORESIGHT_WriteAPDPReg(AP reg 0x00, 0x80000002)
T1B7C 000:306.606 - 0.356ms returns 0
T1B7C 000:306.650 JLINK_CORESIGHT_WriteAPDPReg(AP reg 0x01, 0x80011100)
T1B7C 000:306.932 - 0.283ms returns 0
T1B7C 000:306.969 JLINK_CORESIGHT_ReadAPDPReg(AP reg 0x03)
T1B7C 000:307.295   failed
T1B7C 000:307.313 - 0.344ms returns -1
T1B7C 000:307.433 JLINK_ClrRESET()
T1B7C 000:307.717 - 0.283ms 
T1B7C 000:357.882 JLINK_SetSpeed(1500)
T1B7C 000:358.176 - 0.296ms 
T1B7C 000:358.238 JLINK_CORESIGHT_Configure(PerformTIFInit=0)
T1B7C 000:358.683 - 0.444ms returns 0
T1B7C 000:358.705 JLINK_CORESIGHT_ReadAPDPReg(DP reg 0x00)
T1B7C 000:359.041   Value=0x6BA02477
T1B7C 000:359.052 - 0.347ms returns 0
T1B7C 000:359.072 JLINK_CORESIGHT_WriteAPDPReg(DP reg 0x00, 0x0000001F)
T1B7C 000:359.327 - 0.255ms returns 0
T1B7C 000:359.347 JLINK_CORESIGHT_ReadAPDPReg(DP reg 0x00)
T1B7C 000:359.661   Value=0x6BA02477
T1B7C 000:359.671 - 0.323ms returns 0
T1B7C 000:359.691 JLINK_CORESIGHT_WriteAPDPReg(DP reg 0x02, 0x00000000)
T1B7C 000:360.013 - 0.322ms returns 0
T1B7C 000:360.034 JLINK_CORESIGHT_WriteAPDPReg(DP reg 0x01, 0x50000000)
T1B7C 000:360.303 - 0.269ms returns 0
T1B7C 000:360.325 JLINK_CORESIGHT_ReadAPDPReg(DP reg 0x01)
T1B7C 000:360.603   Value=0xF0000000
T1B7C 000:360.614 - 0.289ms returns 0
T1B7C 000:360.634 JLINK_CORESIGHT_WriteAPDPReg(DP reg 0x00, 0x0000001F)
T1B7C 000:360.905 - 0.271ms returns 0
T1B7C 000:360.927 JLINK_CORESIGHT_ReadAPDPReg(DP reg 0x00)
T1B7C 000:361.212   Value=0x6BA02477
T1B7C 000:361.223 - 0.296ms returns 0
T1B7C 000:361.243 JLINK_CORESIGHT_WriteAPDPReg(DP reg 0x01, 0x54000000)
T1B7C 000:361.585 - 0.341ms returns 0
T1B7C 000:361.647 JLINK_CORESIGHT_WriteAPDPReg(DP reg 0x01, 0x50000F00)
T1B7C 000:361.908 - 0.261ms returns 0
T1B7C 000:361.941 JLINK_CORESIGHT_WriteAPDPReg(DP reg 0x02, 0x01000000)
T1B7C 000:362.252 - 0.310ms returns 0
T1B7C 000:362.273 JLINK_CORESIGHT_WriteAPDPReg(AP reg 0x00, 0x80000002)
T1B7C 000:362.516 - 0.243ms returns 0
T1B7C 000:362.537 JLINK_CORESIGHT_WriteAPDPReg(AP reg 0x01, 0x80011100)
T1B7C 000:362.905 - 0.368ms returns 0
T1B7C 000:362.926 JLINK_CORESIGHT_WriteAPDPReg(AP reg 0x03, 0x000000A5)
T1B7C 000:363.118 - 0.191ms returns 0
T1B7C 000:363.139 JLINK_CORESIGHT_WriteAPDPReg(AP reg 0x00, 0x80000002)
T1B7C 000:363.350 - 0.211ms returns 0
T1B7C 000:363.369 JLINK_CORESIGHT_WriteAPDPReg(AP reg 0x01, 0x80011100)
T1B7C 000:363.654 - 0.285ms returns 0
T1B7C 000:363.673 JLINK_CORESIGHT_ReadAPDPReg(AP reg 0x03)
T1B7C 000:363.927   Value=0x000000A5
T1B7C 000:363.937 - 0.263ms returns 0
T1B7C 000:363.954 JLINK_ClrTMS()
T1B7C 000:364.022 - 0.067ms 
T1B7C 000:369.400 JLINK_SetTCK()
T1B7C 000:369.656 - 0.257ms returns 0
T1B7C 000:375.457 JLINK_SetRESET()
T1B7C 000:375.747 - 0.289ms 
T1B7C 000:576.332 JLINK_CORESIGHT_WriteAPDPReg(AP reg 0x00, 0x80000002)
T1B7C 000:577.048 - 0.715ms returns 0
T1B7C 000:577.164 JLINK_CORESIGHT_WriteAPDPReg(AP reg 0x01, 0x80011100)
T1B7C 000:577.527 - 0.363ms returns 0
T1B7C 000:577.625 JLINK_CORESIGHT_ReadAPDPReg(AP reg 0x03)
T1B7C 000:579.966   failed
T1B7C 000:580.001 - 2.376ms returns -1
T1B7C 000:580.489 JLINK_CORESIGHT_ReadAPDPReg(DP reg 0x01)
T1B7C 000:582.280   Value=0xF0000F00
T1B7C 000:582.310 - 1.821ms returns 0
T1B7C 000:582.360 JLINK_CORESIGHT_WriteAPDPReg(DP reg 0x01, 0xA0000F00)
T1B7C 000:582.638 - 0.277ms returns 0
T1B7C 000:582.702 JLINK_CORESIGHT_ReadAPDPReg(DP reg 0x01)
T1B7C 000:583.131   Value=0x00000F00
T1B7C 000:583.159 - 0.456ms returns 0
T1B7C 000:583.203 JLINK_ClrRESET()
T1B7C 000:583.687 - 0.483ms 
T1B7C 000:692.862 JLINK_Close()
T1B7C 000:694.576 - 1.714ms
T1B7C 000:694.597   
T1B7C 000:694.602   Closed
