T3244 000:001.134   SEGGER J-Link V9.14a Log File
T3244 000:001.270   DLL Compiled: Jan 28 2026 17:11:52
T3244 000:001.274   Logging started @ 2026-06-10 09:01
T3244 000:001.277   Process: C:\Users\kout\.eclipse\com.renesas.platform_583169726\DebugComp\RA\e2-server-gdb.exe
T3244 000:001.285 - 1.281ms 
T3244 000:001.295 JLINK_GetDLLVersion()
T3244 000:001.298 - 0.003ms returns 91401
T3244 000:003.240 JLINK_OpenEx(...)
T3244 000:009.820   Firmware: J-Link OB-RA4M2 compiled Dec 10 2025 15:52:53
T3244 000:010.958   Firmware: J-Link OB-RA4M2 compiled Dec 10 2025 15:52:53
T3244 000:022.642   Hardware: V1.00
T3244 000:022.655   S/N: 1086258950
T3244 000:022.659   OEM: SEGGER
T3244 000:022.665   Feature(s): None
T3244 000:024.663   Bootloader: 2021 May 14
T3244 000:025.247   USB speed mode: Full speed (12 MBit/s)
T3244 000:025.609   TELNET listener socket opened on port 19021
T3244 000:025.793   WEBSRV WEBSRV_Init(): Starting webserver thread(s)
T3244 000:025.901   WEBSRV Webserver running on local port 19080
T3244 000:026.050   Looking for J-Link GUI Server exe at: C:\Users\kout\.eclipse\com.renesas.platform_583169726\DebugComp\RA\ARM\Segger_v9.14.1\JLinkGUIServer.exe
T3244 000:026.147   Looking for J-Link GUI Server exe at: C:\Program Files\SEGGER\JLink_V942\JLinkGUIServer.exe
T3244 000:026.185   Forking J-Link GUI Server: C:\Program Files\SEGGER\JLink_V942\JLinkGUIServer.exe
T3244 000:044.432   J-Link GUI Server info: "J-Link GUI server V9.42 "
T3244 000:045.978 - 42.735ms returns "O.K."
T3244 000:046.037 JLINK_TIF_Select(JLINKARM_TIF_SWD)
T3244 000:046.786 - 0.748ms returns 0x00
T3244 000:046.805 JLINK_ClrRESET()
T3244 000:046.996 - 0.191ms 
T3244 000:097.830 JLINK_SetSpeed(1500)
T3244 000:097.979 - 0.167ms 
T3244 000:097.995 JLINK_CORESIGHT_Configure(PerformTIFInit=0)
T3244 000:098.493 - 0.500ms returns 0
T3244 000:098.512 JLINK_CORESIGHT_ReadAPDPReg(DP reg 0x00)
T3244 000:098.878   Value=0x6BA02477
T3244 000:098.883 - 0.372ms returns 0
T3244 000:098.888 JLINK_CORESIGHT_WriteAPDPReg(DP reg 0x00, 0x0000001F)
T3244 000:099.161 - 0.272ms returns 0
T3244 000:099.166 JLINK_CORESIGHT_ReadAPDPReg(DP reg 0x00)
T3244 000:099.436   Value=0x6BA02477
T3244 000:099.440 - 0.274ms returns 0
T3244 000:099.444 JLINK_CORESIGHT_WriteAPDPReg(DP reg 0x02, 0x00000000)
T3244 000:099.705 - 0.260ms returns 0
T3244 000:099.709 JLINK_CORESIGHT_WriteAPDPReg(DP reg 0x01, 0x50000000)
T3244 000:099.978 - 0.268ms returns 0
T3244 000:099.983 JLINK_CORESIGHT_ReadAPDPReg(DP reg 0x01)
T3244 000:100.159   Value=0xF0000040
T3244 000:100.164 - 0.180ms returns 0
T3244 000:100.168 JLINK_CORESIGHT_WriteAPDPReg(DP reg 0x00, 0x0000001F)
T3244 000:100.409 - 0.241ms returns 0
T3244 000:100.413 JLINK_CORESIGHT_ReadAPDPReg(DP reg 0x00)
T3244 000:100.638   Value=0x6BA02477
T3244 000:100.642 - 0.229ms returns 0
T3244 000:100.645 JLINK_CORESIGHT_WriteAPDPReg(DP reg 0x01, 0x54000000)
T3244 000:100.869 - 0.223ms returns 0
T3244 000:100.873 JLINK_CORESIGHT_WriteAPDPReg(DP reg 0x01, 0x50000F00)
T3244 000:101.073 - 0.199ms returns 0
T3244 000:101.079 JLINK_CORESIGHT_WriteAPDPReg(DP reg 0x02, 0x01000000)
T3244 000:101.332 - 0.253ms returns 0
T3244 000:101.337 JLINK_CORESIGHT_WriteAPDPReg(AP reg 0x00, 0x80000002)
T3244 000:101.536 - 0.198ms returns 0
T3244 000:101.540 JLINK_CORESIGHT_WriteAPDPReg(AP reg 0x01, 0x80011100)
T3244 000:101.791 - 0.250ms returns 0
T3244 000:101.796 JLINK_CORESIGHT_WriteAPDPReg(AP reg 0x03, 0x000000A5)
T3244 000:102.063 - 0.267ms returns 0
T3244 000:102.067 JLINK_CORESIGHT_WriteAPDPReg(AP reg 0x00, 0x80000002)
T3244 000:102.342 - 0.275ms returns 0
T3244 000:102.347 JLINK_CORESIGHT_WriteAPDPReg(AP reg 0x01, 0x80011100)
T3244 000:102.548 - 0.201ms returns 0
T3244 000:102.552 JLINK_CORESIGHT_ReadAPDPReg(AP reg 0x03)
T3244 000:102.877   Value=0x000000A5
T3244 000:102.881 - 0.329ms returns 0
T3244 000:102.885 JLINK_ClrTMS()
T3244 000:102.936 - 0.050ms 
T3244 000:108.207 JLINK_SetTCK()
T3244 000:108.268 - 0.060ms returns 0
T3244 000:113.734 JLINK_SetRESET()
T3244 000:113.925 - 0.189ms 
T3244 000:314.637 JLINK_CORESIGHT_WriteAPDPReg(AP reg 0x00, 0x80000002)
T3244 000:315.004 - 0.366ms returns 0
T3244 000:315.016 JLINK_CORESIGHT_WriteAPDPReg(AP reg 0x01, 0x80011100)
T3244 000:315.574 - 0.557ms returns 0
T3244 000:315.595 JLINK_CORESIGHT_ReadAPDPReg(AP reg 0x03)
T3244 000:315.887   Value=0x00000000
T3244 000:315.898 - 0.302ms returns 0
T3244 000:315.904 JLINK_CORESIGHT_WriteAPDPReg(AP reg 0x00, 0x80000002)
T3244 000:316.160 - 0.255ms returns 0
T3244 000:316.165 JLINK_CORESIGHT_WriteAPDPReg(AP reg 0x01, 0x80011140)
T3244 000:316.438 - 0.274ms returns 0
T3244 000:316.443 JLINK_CORESIGHT_ReadAPDPReg(AP reg 0x03)
T3244 000:316.734   Value=0x00000002
T3244 000:316.738 - 0.295ms returns 0
T3244 000:316.742 JLINK_CORESIGHT_WriteAPDPReg(AP reg 0x00, 0x80000002)
T3244 000:317.034 - 0.292ms returns 0
T3244 000:317.038 JLINK_CORESIGHT_WriteAPDPReg(AP reg 0x01, 0x80011120)
T3244 000:317.298 - 0.260ms returns 0
T3244 000:317.302 JLINK_CORESIGHT_WriteAPDPReg(AP reg 0x03, 0x00000055)
T3244 000:317.524 - 0.221ms returns 0
T3244 000:317.528 JLINK_CORESIGHT_WriteAPDPReg(AP reg 0x00, 0x80000002)
T3244 000:317.799 - 0.271ms returns 0
T3244 000:317.803 JLINK_CORESIGHT_WriteAPDPReg(AP reg 0x01, 0x80011140)
T3244 000:318.102 - 0.299ms returns 0
T3244 000:318.106 JLINK_CORESIGHT_ReadAPDPReg(AP reg 0x03)
T3244 000:318.421   Value=0x00000002
T3244 000:318.425 - 0.319ms returns 0
T3244 000:318.429 JLINK_CORESIGHT_ReadAPDPReg(AP reg 0x03)
T3244 000:318.784   Value=0x00000002
T3244 000:318.788 - 0.358ms returns 0
T3244 000:318.791 JLINK_CORESIGHT_ReadAPDPReg(AP reg 0x03)
T3244 000:319.084   Value=0x00000002
T3244 000:319.088 - 0.296ms returns 0
T3244 000:319.092 JLINK_CORESIGHT_ReadAPDPReg(AP reg 0x03)
T3244 000:319.352   Value=0x00000002
T3244 000:319.364 - 0.272ms returns 0
T3244 000:319.370 JLINK_CORESIGHT_ReadAPDPReg(AP reg 0x03)
T3244 000:319.608   Value=0x00000002
T3244 000:319.612 - 0.242ms returns 0
T3244 000:319.616 JLINK_CORESIGHT_ReadAPDPReg(AP reg 0x03)
T3244 000:319.913   Value=0x00000002
T3244 000:319.917 - 0.301ms returns 0
T3244 000:319.921 JLINK_CORESIGHT_ReadAPDPReg(AP reg 0x03)
T3244 000:320.209   Value=0x00000002
T3244 000:320.219 - 0.297ms returns 0
T3244 000:320.224 JLINK_CORESIGHT_ReadAPDPReg(AP reg 0x03)
T3244 000:320.436   Value=0x00000002
T3244 000:320.440 - 0.216ms returns 0
T3244 000:320.444 JLINK_CORESIGHT_ReadAPDPReg(AP reg 0x03)
T3244 000:320.728   Value=0x00000002
T3244 000:320.732 - 0.288ms returns 0
T3244 000:320.736 JLINK_CORESIGHT_ReadAPDPReg(AP reg 0x03)
T3244 000:320.936   Value=0x00000002
T3244 000:320.940 - 0.204ms returns 0
T3244 000:320.943 JLINK_CORESIGHT_ReadAPDPReg(AP reg 0x03)
T3244 000:321.229   Value=0x00000002
T3244 000:321.233 - 0.289ms returns 0
T3244 000:321.237 JLINK_CORESIGHT_ReadAPDPReg(AP reg 0x03)
T3244 000:321.478   Value=0x00000002
T3244 000:321.482 - 0.245ms returns 0
T3244 000:321.485 JLINK_CORESIGHT_ReadAPDPReg(AP reg 0x03)
T3244 000:321.685   Value=0x00000002
T3244 000:321.689 - 0.203ms returns 0
T3244 000:321.693 JLINK_CORESIGHT_ReadAPDPReg(AP reg 0x03)
T3244 000:321.978   Value=0x00000002
T3244 000:321.982 - 0.289ms returns 0
T3244 000:321.986 JLINK_CORESIGHT_ReadAPDPReg(AP reg 0x03)
T3244 000:322.210   Value=0x00000002
T3244 000:322.214 - 0.228ms returns 0
T3244 000:322.217 JLINK_CORESIGHT_ReadAPDPReg(AP reg 0x03)
T3244 000:322.455   Value=0x00000002
T3244 000:322.459 - 0.241ms returns 0
T3244 000:322.462 JLINK_CORESIGHT_ReadAPDPReg(AP reg 0x03)
T3244 000:322.703   Value=0x00000002
T3244 000:322.707 - 0.245ms returns 0
T3244 000:322.711 JLINK_CORESIGHT_ReadAPDPReg(AP reg 0x03)
T3244 000:323.001   Value=0x00000002
T3244 000:323.005 - 0.294ms returns 0
T3244 000:323.009 JLINK_CORESIGHT_ReadAPDPReg(AP reg 0x03)
T3244 000:323.205   Value=0x00000002
T3244 000:323.209 - 0.200ms returns 0
T3244 000:323.213 JLINK_CORESIGHT_ReadAPDPReg(AP reg 0x03)
T3244 000:323.501   Value=0x00000002
T3244 000:323.505 - 0.292ms returns 0
T3244 000:323.509 JLINK_CORESIGHT_ReadAPDPReg(AP reg 0x03)
T3244 000:323.762   Value=0x00000002
T3244 000:323.772 - 0.263ms returns 0
T3244 000:323.776 JLINK_CORESIGHT_ReadAPDPReg(AP reg 0x03)
T3244 000:324.060   Value=0x00000002
T3244 000:324.064 - 0.288ms returns 0
T3244 000:324.067 JLINK_CORESIGHT_ReadAPDPReg(AP reg 0x03)
T3244 000:324.342   Value=0x00000002
T3244 000:324.346 - 0.278ms returns 0
T3244 000:324.349 JLINK_CORESIGHT_ReadAPDPReg(AP reg 0x03)
T3244 000:324.627   Value=0x00000002
T3244 000:324.631 - 0.281ms returns 0
T3244 000:324.634 JLINK_CORESIGHT_ReadAPDPReg(AP reg 0x03)
T3244 000:324.919   Value=0x00000002
T3244 000:324.926 - 0.291ms returns 0
T3244 000:324.931 JLINK_CORESIGHT_ReadAPDPReg(AP reg 0x03)
T3244 000:325.207   Value=0x00000002
T3244 000:325.214 - 0.283ms returns 0
T3244 000:325.219 JLINK_CORESIGHT_ReadAPDPReg(AP reg 0x03)
T3244 000:325.507   Value=0x00000002
T3244 000:325.512 - 0.293ms returns 0
T3244 000:325.517 JLINK_CORESIGHT_ReadAPDPReg(AP reg 0x03)
T3244 000:325.810   Value=0x00000002
T3244 000:325.820 - 0.303ms returns 0
T3244 000:325.826 JLINK_CORESIGHT_ReadAPDPReg(AP reg 0x03)
T3244 000:326.068   Value=0x00000002
T3244 000:326.073 - 0.248ms returns 0
T3244 000:326.081 JLINK_CORESIGHT_ReadAPDPReg(AP reg 0x03)
T3244 000:326.378   Value=0x00000002
T3244 000:326.382 - 0.300ms returns 0
T3244 000:326.388 JLINK_CORESIGHT_ReadAPDPReg(AP reg 0x03)
T3244 000:326.660   Value=0x00000002
T3244 000:326.664 - 0.275ms returns 0
T3244 000:326.669 JLINK_CORESIGHT_ReadAPDPReg(AP reg 0x03)
T3244 000:326.955   Value=0x00000002
T3244 000:326.959 - 0.289ms returns 0
T3244 000:326.964 JLINK_CORESIGHT_ReadAPDPReg(AP reg 0x03)
T3244 000:327.167   Value=0x00000002
T3244 000:327.171 - 0.207ms returns 0
T3244 000:327.176 JLINK_CORESIGHT_ReadAPDPReg(AP reg 0x03)
T3244 000:327.412   Value=0x00000002
T3244 000:327.416 - 0.240ms returns 0
T3244 000:327.421 JLINK_CORESIGHT_ReadAPDPReg(AP reg 0x03)
T3244 000:327.617   Value=0x00000002
T3244 000:327.621 - 0.200ms returns 0
T3244 000:327.626 JLINK_CORESIGHT_ReadAPDPReg(AP reg 0x03)
T3244 000:327.864   Value=0x00000002
T3244 000:327.868 - 0.241ms returns 0
T3244 000:327.872 JLINK_CORESIGHT_ReadAPDPReg(AP reg 0x03)
T3244 000:328.159   Value=0x00000002
T3244 000:328.163 - 0.290ms returns 0
T3244 000:328.168 JLINK_CORESIGHT_ReadAPDPReg(AP reg 0x03)
T3244 000:328.365   Value=0x00000002
T3244 000:328.369 - 0.201ms returns 0
T3244 000:328.374 JLINK_CORESIGHT_ReadAPDPReg(AP reg 0x03)
T3244 000:328.659   Value=0x00000002
T3244 000:328.663 - 0.288ms returns 0
T3244 000:328.668 JLINK_CORESIGHT_ReadAPDPReg(AP reg 0x03)
T3244 000:328.865   Value=0x00000000
T3244 000:328.869 - 0.201ms returns 0
T3244 000:328.875 JLINK_CORESIGHT_WriteAPDPReg(AP reg 0x00, 0x80000002)
T3244 000:329.159 - 0.284ms returns 0
T3244 000:329.164 JLINK_CORESIGHT_WriteAPDPReg(AP reg 0x01, 0x80011130)
T3244 000:329.364 - 0.200ms returns 0
T3244 000:329.370 JLINK_CORESIGHT_ReadAPDPReg(AP reg 0x03)
T3244 000:329.649   Value=0x000000C6
T3244 000:329.653 - 0.283ms returns 0
T3244 000:330.043 JLINK_CORESIGHT_WriteAPDPReg(AP reg 0x00, 0x80000002)
T3244 000:330.274 - 0.232ms returns 0
T3244 000:330.278 JLINK_CORESIGHT_WriteAPDPReg(AP reg 0x01, 0x80011140)
T3244 000:330.478 - 0.200ms returns 0
T3244 000:330.482 JLINK_CORESIGHT_ReadAPDPReg(AP reg 0x03)
T3244 000:330.727   Value=0x00000002
T3244 000:330.731 - 0.249ms returns 0
T3244 000:330.735 JLINK_CORESIGHT_WriteAPDPReg(AP reg 0x00, 0x80000002)
T3244 000:330.923 - 0.188ms returns 0
T3244 000:330.927 JLINK_CORESIGHT_WriteAPDPReg(AP reg 0x01, 0x80011120)
T3244 000:331.165 - 0.238ms returns 0
T3244 000:331.169 JLINK_CORESIGHT_WriteAPDPReg(AP reg 0x03, 0x3A010001)
T3244 000:331.411 - 0.241ms returns 0
T3244 000:331.415 JLINK_CORESIGHT_WriteAPDPReg(AP reg 0x00, 0x80000002)
T3244 000:331.617 - 0.201ms returns 0
T3244 000:331.624 JLINK_CORESIGHT_WriteAPDPReg(AP reg 0x01, 0x80011140)
T3244 000:331.866 - 0.241ms returns 0
T3244 000:331.875 JLINK_CORESIGHT_ReadAPDPReg(AP reg 0x03)
T3244 000:332.081   Value=0x00000002
T3244 000:332.086 - 0.211ms returns 0
T3244 000:332.090 JLINK_CORESIGHT_WriteAPDPReg(AP reg 0x00, 0x80000002)
T3244 000:332.320 - 0.230ms returns 0
T3244 000:332.324 JLINK_CORESIGHT_WriteAPDPReg(AP reg 0x01, 0x80011120)
T3244 000:332.525 - 0.200ms returns 0
T3244 000:332.529 JLINK_CORESIGHT_WriteAPDPReg(AP reg 0x03, 0x000003C5)
T3244 000:332.728 - 0.200ms returns 0
T3244 000:332.733 JLINK_CORESIGHT_WriteAPDPReg(AP reg 0x00, 0x80000002)
T3244 000:332.955 - 0.222ms returns 0
T3244 000:332.959 JLINK_CORESIGHT_WriteAPDPReg(AP reg 0x01, 0x80011140)
T3244 000:333.159 - 0.200ms returns 0
T3244 000:333.163 JLINK_CORESIGHT_ReadAPDPReg(AP reg 0x03)
T3244 000:333.398   Value=0x00000002
T3244 000:333.402 - 0.239ms returns 0
T3244 000:333.406 JLINK_CORESIGHT_ReadAPDPReg(AP reg 0x03)
T3244 000:333.684   Value=0x00000002
T3244 000:333.688 - 0.282ms returns 0
T3244 000:333.692 JLINK_CORESIGHT_ReadAPDPReg(AP reg 0x03)
T3244 000:333.978   Value=0x00000002
T3244 000:333.982 - 0.290ms returns 0
T3244 000:333.986 JLINK_CORESIGHT_ReadAPDPReg(AP reg 0x03)
T3244 000:334.216   Value=0x00000002
T3244 000:334.220 - 0.234ms returns 0
T3244 000:334.223 JLINK_CORESIGHT_ReadAPDPReg(AP reg 0x03)
T3244 000:334.534   Value=0x00000002
T3244 000:334.538 - 0.315ms returns 0
T3244 000:334.542 JLINK_CORESIGHT_ReadAPDPReg(AP reg 0x03)
T3244 000:334.810   Value=0x00000002
T3244 000:334.814 - 0.272ms returns 0
T3244 000:334.818 JLINK_CORESIGHT_ReadAPDPReg(AP reg 0x03)
T3244 000:335.170   Value=0x00000002
T3244 000:335.174 - 0.355ms returns 0
T3244 000:335.177 JLINK_CORESIGHT_ReadAPDPReg(AP reg 0x03)
T3244 000:335.423   Value=0x00000000
T3244 000:335.427 - 0.249ms returns 0
T3244 000:335.430 JLINK_CORESIGHT_WriteAPDPReg(AP reg 0x00, 0x80000002)
T3244 000:335.670 - 0.240ms returns 0
T3244 000:335.674 JLINK_CORESIGHT_WriteAPDPReg(AP reg 0x01, 0x80011130)
T3244 000:335.934 - 0.260ms returns 0
T3244 000:335.938 JLINK_CORESIGHT_ReadAPDPReg(AP reg 0x03)
T3244 000:336.229   Value=0x3A2A0081
T3244 000:336.233 - 0.295ms returns 0
T3244 000:336.237 JLINK_CORESIGHT_WriteAPDPReg(AP reg 0x00, 0x80000002)
T3244 000:336.500 - 0.263ms returns 0
T3244 000:336.504 JLINK_CORESIGHT_WriteAPDPReg(AP reg 0x01, 0x80011140)
T3244 000:336.762 - 0.258ms returns 0
T3244 000:336.766 JLINK_CORESIGHT_ReadAPDPReg(AP reg 0x03)
T3244 000:337.081   Value=0x00000000
T3244 000:337.085 - 0.318ms returns 0
T3244 000:337.088 JLINK_CORESIGHT_WriteAPDPReg(AP reg 0x00, 0x80000002)
T3244 000:337.330 - 0.241ms returns 0
T3244 000:337.333 JLINK_CORESIGHT_WriteAPDPReg(AP reg 0x01, 0x80011130)
T3244 000:337.605 - 0.272ms returns 0
T3244 000:337.611 JLINK_CORESIGHT_ReadAPDPReg(AP reg 0x03)
T3244 000:337.876   Value=0x808D5B00
T3244 000:337.885 - 0.274ms returns 0
T3244 000:337.891 JLINK_CORESIGHT_WriteAPDPReg(AP reg 0x00, 0x80000002)
T3244 000:338.165 - 0.274ms returns 0
T3244 000:338.171 JLINK_CORESIGHT_WriteAPDPReg(AP reg 0x01, 0x80011140)
T3244 000:338.396 - 0.225ms returns 0
T3244 000:338.400 JLINK_CORESIGHT_ReadAPDPReg(AP reg 0x03)
T3244 000:338.647   Value=0x00000000
T3244 000:338.651 - 0.251ms returns 0
T3244 000:338.655 JLINK_CORESIGHT_WriteAPDPReg(AP reg 0x00, 0x80000002)
T3244 000:338.890 - 0.235ms returns 0
T3244 000:338.894 JLINK_CORESIGHT_WriteAPDPReg(AP reg 0x01, 0x80011130)
T3244 000:339.160 - 0.265ms returns 0
T3244 000:339.164 JLINK_CORESIGHT_ReadAPDPReg(AP reg 0x03)
T3244 000:339.469   Value=0x0406070A
T3244 000:339.473 - 0.309ms returns 0
T3244 000:339.477 JLINK_CORESIGHT_WriteAPDPReg(AP reg 0x00, 0x80000002)
T3244 000:339.727 - 0.250ms returns 0
T3244 000:339.731 JLINK_CORESIGHT_WriteAPDPReg(AP reg 0x01, 0x80011140)
T3244 000:339.935 - 0.203ms returns 0
T3244 000:339.956 JLINK_CORESIGHT_ReadAPDPReg(AP reg 0x03)
T3244 000:340.264   Value=0x00000000
T3244 000:340.271 - 0.314ms returns 0
T3244 000:340.275 JLINK_CORESIGHT_WriteAPDPReg(AP reg 0x00, 0x80000002)
T3244 000:340.514 - 0.239ms returns 0
T3244 000:340.518 JLINK_CORESIGHT_WriteAPDPReg(AP reg 0x01, 0x80011130)
T3244 000:340.752 - 0.233ms returns 0
T3244 000:340.755 JLINK_CORESIGHT_ReadAPDPReg(AP reg 0x03)
T3244 000:341.048   Value=0x3254540B
T3244 000:341.083 - 0.327ms returns 0
T3244 000:341.086 JLINK_CORESIGHT_WriteAPDPReg(AP reg 0x00, 0x80000002)
T3244 000:341.330 - 0.243ms returns 0
T3244 000:341.334 JLINK_CORESIGHT_WriteAPDPReg(AP reg 0x01, 0x80011140)
T3244 000:341.533 - 0.199ms returns 0
T3244 000:341.537 JLINK_CORESIGHT_ReadAPDPReg(AP reg 0x03)
T3244 000:341.828   Value=0x00000000
T3244 000:341.832 - 0.294ms returns 0
T3244 000:341.836 JLINK_CORESIGHT_WriteAPDPReg(AP reg 0x00, 0x80000002)
T3244 000:342.022 - 0.186ms returns 0
T3244 000:342.026 JLINK_CORESIGHT_WriteAPDPReg(AP reg 0x01, 0x80011130)
T3244 000:342.329 - 0.303ms returns 0
T3244 000:342.333 JLINK_CORESIGHT_ReadAPDPReg(AP reg 0x03)
T3244 000:342.584   Value=0x54BCB059
T3244 000:342.588 - 0.255ms returns 0
T3244 000:342.592 JLINK_CORESIGHT_WriteAPDPReg(AP reg 0x00, 0x80000002)
T3244 000:342.785 - 0.193ms returns 0
T3244 000:342.789 JLINK_CORESIGHT_WriteAPDPReg(AP reg 0x01, 0x80011140)
T3244 000:343.033 - 0.244ms returns 0
T3244 000:343.037 JLINK_CORESIGHT_ReadAPDPReg(AP reg 0x03)
T3244 000:343.367   Value=0x00000000
T3244 000:343.371 - 0.334ms returns 0
T3244 000:343.375 JLINK_CORESIGHT_WriteAPDPReg(AP reg 0x00, 0x80000002)
T3244 000:343.595 - 0.219ms returns 0
T3244 000:343.599 JLINK_CORESIGHT_WriteAPDPReg(AP reg 0x01, 0x80011130)
T3244 000:343.834 - 0.235ms returns 0
T3244 000:343.838 JLINK_CORESIGHT_ReadAPDPReg(AP reg 0x03)
T3244 000:344.168   Value=0x34325736
T3244 000:344.172 - 0.334ms returns 0
T3244 000:344.176 JLINK_CORESIGHT_WriteAPDPReg(AP reg 0x00, 0x80000002)
T3244 000:344.462 - 0.285ms returns 0
T3244 000:344.466 JLINK_CORESIGHT_WriteAPDPReg(AP reg 0x01, 0x80011140)
T3244 000:344.650 - 0.184ms returns 0
T3244 000:344.654 JLINK_CORESIGHT_ReadAPDPReg(AP reg 0x03)
T3244 000:344.960   Value=0x00000000
T3244 000:344.964 - 0.310ms returns 0
T3244 000:344.968 JLINK_CORESIGHT_WriteAPDPReg(AP reg 0x00, 0x80000002)
T3244 000:345.168 - 0.200ms returns 0
T3244 000:345.179 JLINK_CORESIGHT_WriteAPDPReg(AP reg 0x01, 0x80011130)
T3244 000:345.401 - 0.222ms returns 0
T3244 000:345.406 JLINK_CORESIGHT_ReadAPDPReg(AP reg 0x03)
T3244 000:345.608   Value=0x8A082D30
T3244 000:345.612 - 0.206ms returns 0
T3244 000:345.616 JLINK_CORESIGHT_WriteAPDPReg(AP reg 0x00, 0x80000002)
T3244 000:345.832 - 0.216ms returns 0
T3244 000:345.836 JLINK_CORESIGHT_WriteAPDPReg(AP reg 0x01, 0x80011140)
T3244 000:346.169 - 0.332ms returns 0
T3244 000:346.173 JLINK_CORESIGHT_ReadAPDPReg(AP reg 0x03)
T3244 000:346.409   Value=0x00000000
T3244 000:346.414 - 0.241ms returns 0
T3244 000:346.417 JLINK_CORESIGHT_WriteAPDPReg(AP reg 0x00, 0x80000002)
T3244 000:346.606 - 0.189ms returns 0
T3244 000:346.610 JLINK_CORESIGHT_WriteAPDPReg(AP reg 0x01, 0x80011130)
T3244 000:346.877 - 0.266ms returns 0
T3244 000:346.881 JLINK_CORESIGHT_ReadAPDPReg(AP reg 0x03)
T3244 000:347.171   Value=0x4B375276
T3244 000:347.175 - 0.294ms returns 0
T3244 000:347.178 JLINK_CORESIGHT_WriteAPDPReg(AP reg 0x00, 0x80000002)
T3244 000:347.454 - 0.275ms returns 0
T3244 000:347.458 JLINK_CORESIGHT_WriteAPDPReg(AP reg 0x01, 0x80011140)
T3244 000:347.704 - 0.246ms returns 0
T3244 000:347.708 JLINK_CORESIGHT_ReadAPDPReg(AP reg 0x03)
T3244 000:348.001   Value=0x00000000
T3244 000:348.005 - 0.297ms returns 0
T3244 000:348.009 JLINK_CORESIGHT_WriteAPDPReg(AP reg 0x00, 0x80000002)
T3244 000:348.211 - 0.202ms returns 0
T3244 000:348.215 JLINK_CORESIGHT_WriteAPDPReg(AP reg 0x01, 0x80011130)
T3244 000:348.438 - 0.223ms returns 0
T3244 000:348.442 JLINK_CORESIGHT_ReadAPDPReg(AP reg 0x03)
T3244 000:348.710   Value=0x31503841
T3244 000:348.714 - 0.271ms returns 0
T3244 000:348.717 JLINK_CORESIGHT_WriteAPDPReg(AP reg 0x00, 0x80000002)
T3244 000:348.910 - 0.193ms returns 0
T3244 000:348.914 JLINK_CORESIGHT_WriteAPDPReg(AP reg 0x01, 0x80011140)
T3244 000:349.163 - 0.248ms returns 0
T3244 000:349.167 JLINK_CORESIGHT_ReadAPDPReg(AP reg 0x03)
T3244 000:349.455   Value=0x00000000
T3244 000:349.459 - 0.292ms returns 0
T3244 000:349.463 JLINK_CORESIGHT_WriteAPDPReg(AP reg 0x00, 0x80000002)
T3244 000:349.651 - 0.188ms returns 0
T3244 000:349.656 JLINK_CORESIGHT_WriteAPDPReg(AP reg 0x01, 0x80011130)
T3244 000:349.894 - 0.237ms returns 0
T3244 000:349.899 JLINK_CORESIGHT_ReadAPDPReg(AP reg 0x03)
T3244 000:350.210   Value=0x434C464B
T3244 000:350.214 - 0.315ms returns 0
T3244 000:350.220 JLINK_CORESIGHT_WriteAPDPReg(AP reg 0x00, 0x80000002)
T3244 000:350.418 - 0.198ms returns 0
T3244 000:350.422 JLINK_CORESIGHT_WriteAPDPReg(AP reg 0x01, 0x80011140)
T3244 000:350.660 - 0.238ms returns 0
T3244 000:350.664 JLINK_CORESIGHT_ReadAPDPReg(AP reg 0x03)
T3244 000:350.959   Value=0x00000000
T3244 000:350.963 - 0.299ms returns 0
T3244 000:350.967 JLINK_CORESIGHT_WriteAPDPReg(AP reg 0x00, 0x80000002)
T3244 000:351.166 - 0.198ms returns 0
T3244 000:351.176 JLINK_CORESIGHT_WriteAPDPReg(AP reg 0x01, 0x80011130)
T3244 000:351.400 - 0.224ms returns 0
T3244 000:351.405 JLINK_CORESIGHT_ReadAPDPReg(AP reg 0x03)
T3244 000:351.709   Value=0x20204341
T3244 000:351.713 - 0.308ms returns 0
T3244 000:351.717 JLINK_CORESIGHT_WriteAPDPReg(AP reg 0x00, 0x80000002)
T3244 000:351.938 - 0.221ms returns 0
T3244 000:351.942 JLINK_CORESIGHT_WriteAPDPReg(AP reg 0x01, 0x80011140)
T3244 000:352.205 - 0.263ms returns 0
T3244 000:352.209 JLINK_CORESIGHT_ReadAPDPReg(AP reg 0x03)
T3244 000:352.453   Value=0x00000000
T3244 000:352.457 - 0.248ms returns 0
T3244 000:352.460 JLINK_CORESIGHT_WriteAPDPReg(AP reg 0x00, 0x80000002)
T3244 000:352.734 - 0.273ms returns 0
T3244 000:352.738 JLINK_CORESIGHT_WriteAPDPReg(AP reg 0x01, 0x80011130)
T3244 000:352.922 - 0.184ms returns 0
T3244 000:352.926 JLINK_CORESIGHT_ReadAPDPReg(AP reg 0x03)
T3244 000:353.207   Value=0x0003F120
T3244 000:353.211 - 0.284ms returns 0
T3244 000:353.256 JLINK_CORESIGHT_WriteAPDPReg(AP reg 0x00, 0x80000002)
T3244 000:353.442 - 0.187ms returns 0
T3244 000:353.446 JLINK_CORESIGHT_WriteAPDPReg(AP reg 0x01, 0x80011140)
T3244 000:353.682 - 0.236ms returns 0
T3244 000:353.686 JLINK_CORESIGHT_ReadAPDPReg(AP reg 0x03)
T3244 000:353.978   Value=0x00000002
T3244 000:353.982 - 0.295ms returns 0
T3244 000:353.986 JLINK_CORESIGHT_WriteAPDPReg(AP reg 0x00, 0x80000002)
T3244 000:354.213 - 0.227ms returns 0
T3244 000:354.217 JLINK_CORESIGHT_WriteAPDPReg(AP reg 0x01, 0x80011120)
T3244 000:354.435 - 0.218ms returns 0
T3244 000:354.439 JLINK_CORESIGHT_WriteAPDPReg(AP reg 0x03, 0x39020001)
T3244 000:354.704 - 0.265ms returns 0
T3244 000:354.711 JLINK_CORESIGHT_WriteAPDPReg(AP reg 0x00, 0x80000002)
T3244 000:354.900 - 0.189ms returns 0
T3244 000:354.906 JLINK_CORESIGHT_WriteAPDPReg(AP reg 0x01, 0x80011140)
T3244 000:355.162 - 0.255ms returns 0
T3244 000:355.167 JLINK_CORESIGHT_ReadAPDPReg(AP reg 0x03)
T3244 000:355.453   Value=0x00000002
T3244 000:355.457 - 0.289ms returns 0
T3244 000:355.462 JLINK_CORESIGHT_WriteAPDPReg(AP reg 0x00, 0x80000002)
T3244 000:356.041 - 0.579ms returns 0
T3244 000:356.063 JLINK_CORESIGHT_WriteAPDPReg(AP reg 0x01, 0x80011120)
T3244 000:356.306 - 0.242ms returns 0
T3244 000:356.320 JLINK_CORESIGHT_WriteAPDPReg(AP reg 0x03, 0x0003B312)
T3244 000:356.563 - 0.242ms returns 0
T3244 000:356.571 JLINK_CORESIGHT_WriteAPDPReg(AP reg 0x00, 0x80000002)
T3244 000:356.817 - 0.245ms returns 0
T3244 000:356.827 JLINK_CORESIGHT_WriteAPDPReg(AP reg 0x01, 0x80011140)
T3244 000:357.165 - 0.337ms returns 0
T3244 000:357.175 JLINK_CORESIGHT_ReadAPDPReg(AP reg 0x03)
T3244 000:357.421   Value=0x00000000
T3244 000:357.430 - 0.255ms returns 0
T3244 000:357.438 JLINK_CORESIGHT_WriteAPDPReg(AP reg 0x00, 0x80000002)
T3244 000:357.705 - 0.267ms returns 0
T3244 000:357.711 JLINK_CORESIGHT_WriteAPDPReg(AP reg 0x01, 0x80011130)
T3244 000:357.901 - 0.190ms returns 0
T3244 000:357.906 JLINK_CORESIGHT_ReadAPDPReg(AP reg 0x03)
T3244 000:358.210   Value=0xB90A0081
T3244 000:358.214 - 0.307ms returns 0
T3244 000:358.219 JLINK_CORESIGHT_WriteAPDPReg(AP reg 0x00, 0x80000002)
T3244 000:358.455 - 0.235ms returns 0
T3244 000:358.460 JLINK_CORESIGHT_WriteAPDPReg(AP reg 0x01, 0x80011140)
T3244 000:358.727 - 0.267ms returns 0
T3244 000:358.732 JLINK_CORESIGHT_ReadAPDPReg(AP reg 0x03)
T3244 000:359.002   Value=0x00000000
T3244 000:359.006 - 0.273ms returns 0
T3244 000:359.011 JLINK_CORESIGHT_WriteAPDPReg(AP reg 0x00, 0x80000002)
T3244 000:359.321 - 0.310ms returns 0
T3244 000:359.327 JLINK_CORESIGHT_WriteAPDPReg(AP reg 0x01, 0x80011130)
T3244 000:359.585 - 0.258ms returns 0
T3244 000:359.590 JLINK_CORESIGHT_ReadAPDPReg(AP reg 0x03)
T3244 000:359.844   Value=0xFFFFFFC0
T3244 000:359.848 - 0.258ms returns 0
T3244 000:359.853 JLINK_CORESIGHT_WriteAPDPReg(AP reg 0x00, 0x80000002)
T3244 000:360.023 - 0.170ms returns 0
T3244 000:360.029 JLINK_CORESIGHT_WriteAPDPReg(AP reg 0x01, 0x80011140)
T3244 000:360.285 - 0.256ms returns 0
T3244 000:360.290 JLINK_CORESIGHT_ReadAPDPReg(AP reg 0x03)
T3244 000:360.561   Value=0x00000000
T3244 000:360.565 - 0.274ms returns 0
T3244 000:360.570 JLINK_CORESIGHT_WriteAPDPReg(AP reg 0x00, 0x80000002)
T3244 000:360.829 - 0.259ms returns 0
T3244 000:360.835 JLINK_CORESIGHT_WriteAPDPReg(AP reg 0x01, 0x80011130)
T3244 000:361.033 - 0.198ms returns 0
T3244 000:361.039 JLINK_CORESIGHT_ReadAPDPReg(AP reg 0x03)
T3244 000:361.367   Value=0xFFFFFFFF
T3244 000:361.371 - 0.332ms returns 0
T3244 000:361.377 JLINK_CORESIGHT_WriteAPDPReg(AP reg 0x00, 0x80000002)
T3244 000:361.574 - 0.197ms returns 0
T3244 000:361.579 JLINK_CORESIGHT_WriteAPDPReg(AP reg 0x01, 0x80011140)
T3244 000:361.815 - 0.236ms returns 0
T3244 000:361.823 JLINK_CORESIGHT_ReadAPDPReg(AP reg 0x03)
T3244 000:362.172   Value=0x00000000
T3244 000:362.177 - 0.354ms returns 0
T3244 000:362.183 JLINK_CORESIGHT_WriteAPDPReg(AP reg 0x00, 0x80000002)
T3244 000:362.418 - 0.234ms returns 0
T3244 000:362.424 JLINK_CORESIGHT_WriteAPDPReg(AP reg 0x01, 0x80011130)
T3244 000:362.661 - 0.236ms returns 0
T3244 000:362.666 JLINK_CORESIGHT_ReadAPDPReg(AP reg 0x03)
T3244 000:362.959   Value=0x000385FF
T3244 000:362.964 - 0.297ms returns 0
T3244 000:363.354 JLINK_CORESIGHT_WriteAPDPReg(AP reg 0x00, 0x80000002)
T3244 000:363.571 - 0.218ms returns 0
T3244 000:363.575 JLINK_CORESIGHT_WriteAPDPReg(AP reg 0x01, 0x80011140)
T3244 000:363.837 - 0.262ms returns 0
T3244 000:363.841 JLINK_CORESIGHT_ReadAPDPReg(AP reg 0x03)
T3244 000:364.168   Value=0x00000002
T3244 000:364.172 - 0.331ms returns 0
T3244 000:364.176 JLINK_CORESIGHT_WriteAPDPReg(AP reg 0x00, 0x80000002)
T3244 000:364.376 - 0.200ms returns 0
T3244 000:364.380 JLINK_CORESIGHT_WriteAPDPReg(AP reg 0x01, 0x80011120)
T3244 000:364.579 - 0.199ms returns 0
T3244 000:364.583 JLINK_CORESIGHT_WriteAPDPReg(AP reg 0x03, 0x2C010001)
T3244 000:364.785 - 0.201ms returns 0
T3244 000:364.789 JLINK_CORESIGHT_WriteAPDPReg(AP reg 0x00, 0x80000002)
T3244 000:364.987 - 0.198ms returns 0
T3244 000:364.991 JLINK_CORESIGHT_WriteAPDPReg(AP reg 0x01, 0x80011140)
T3244 000:365.275 - 0.283ms returns 0
T3244 000:365.279 JLINK_CORESIGHT_ReadAPDPReg(AP reg 0x03)
T3244 000:365.585   Value=0x00000002
T3244 000:365.589 - 0.310ms returns 0
T3244 000:365.592 JLINK_CORESIGHT_WriteAPDPReg(AP reg 0x00, 0x80000002)
T3244 000:365.813 - 0.220ms returns 0
T3244 000:365.817 JLINK_CORESIGHT_WriteAPDPReg(AP reg 0x01, 0x80011120)
T3244 000:366.079 - 0.262ms returns 0
T3244 000:366.083 JLINK_CORESIGHT_WriteAPDPReg(AP reg 0x03, 0x000003D3)
T3244 000:366.332 - 0.249ms returns 0
T3244 000:366.336 JLINK_CORESIGHT_WriteAPDPReg(AP reg 0x00, 0x80000002)
T3244 000:366.602 - 0.265ms returns 0
T3244 000:366.606 JLINK_CORESIGHT_WriteAPDPReg(AP reg 0x01, 0x80011140)
T3244 000:366.810 - 0.204ms returns 0
T3244 000:366.814 JLINK_CORESIGHT_ReadAPDPReg(AP reg 0x03)
T3244 000:367.170   Value=0x00000002
T3244 000:367.174 - 0.360ms returns 0
T3244 000:367.178 JLINK_CORESIGHT_ReadAPDPReg(AP reg 0x03)
T3244 000:367.410   Value=0x00000002
T3244 000:367.414 - 0.235ms returns 0
T3244 000:367.417 JLINK_CORESIGHT_ReadAPDPReg(AP reg 0x03)
T3244 000:367.713   Value=0x00000002
T3244 000:367.717 - 0.299ms returns 0
T3244 000:367.721 JLINK_CORESIGHT_ReadAPDPReg(AP reg 0x03)
T3244 000:367.971   Value=0x00000002
T3244 000:367.980 - 0.259ms returns 0
T3244 000:367.988 JLINK_CORESIGHT_ReadAPDPReg(AP reg 0x03)
T3244 000:368.325   Value=0x00000002
T3244 000:368.334 - 0.346ms returns 0
T3244 000:368.339 JLINK_CORESIGHT_ReadAPDPReg(AP reg 0x03)
T3244 000:368.549   Value=0x00000002
T3244 000:368.554 - 0.214ms returns 0
T3244 000:368.557 JLINK_CORESIGHT_ReadAPDPReg(AP reg 0x03)
T3244 000:368.797   Value=0x00000002
T3244 000:368.801 - 0.243ms returns 0
T3244 000:368.805 JLINK_CORESIGHT_ReadAPDPReg(AP reg 0x03)
T3244 000:369.083   Value=0x00000002
T3244 000:369.087 - 0.282ms returns 0
T3244 000:369.091 JLINK_CORESIGHT_ReadAPDPReg(AP reg 0x03)
T3244 000:369.341   Value=0x00000002
T3244 000:369.345 - 0.254ms returns 0
T3244 000:369.349 JLINK_CORESIGHT_ReadAPDPReg(AP reg 0x03)
T3244 000:369.626   Value=0x00000002
T3244 000:369.630 - 0.281ms returns 0
T3244 000:369.634 JLINK_CORESIGHT_ReadAPDPReg(AP reg 0x03)
T3244 000:369.923   Value=0x00000002
T3244 000:369.927 - 0.293ms returns 0
T3244 000:369.931 JLINK_CORESIGHT_ReadAPDPReg(AP reg 0x03)
T3244 000:370.160   Value=0x00000002
T3244 000:370.164 - 0.233ms returns 0
T3244 000:370.168 JLINK_CORESIGHT_ReadAPDPReg(AP reg 0x03)
T3244 000:370.455   Value=0x00000002
T3244 000:370.459 - 0.291ms returns 0
T3244 000:370.462 JLINK_CORESIGHT_ReadAPDPReg(AP reg 0x03)
T3244 000:370.756   Value=0x00000002
T3244 000:370.760 - 0.298ms returns 0
T3244 000:370.764 JLINK_CORESIGHT_ReadAPDPReg(AP reg 0x03)
T3244 000:371.107   Value=0x00000000
T3244 000:371.113 - 0.349ms returns 0
T3244 000:371.118 JLINK_CORESIGHT_WriteAPDPReg(AP reg 0x00, 0x80000002)
T3244 000:371.359 - 0.241ms returns 0
T3244 000:371.368 JLINK_CORESIGHT_WriteAPDPReg(AP reg 0x01, 0x80011130)
T3244 000:371.568 - 0.200ms returns 0
T3244 000:371.573 JLINK_CORESIGHT_ReadAPDPReg(AP reg 0x03)
T3244 000:371.864   Value=0x2C020081
T3244 000:371.872 - 0.299ms returns 0
T3244 000:371.877 JLINK_CORESIGHT_WriteAPDPReg(AP reg 0x00, 0x80000002)
T3244 000:372.070 - 0.193ms returns 0
T3244 000:372.074 JLINK_CORESIGHT_WriteAPDPReg(AP reg 0x01, 0x80011140)
T3244 000:372.293 - 0.218ms returns 0
T3244 000:372.297 JLINK_CORESIGHT_ReadAPDPReg(AP reg 0x03)
T3244 000:372.565   Value=0x00000000
T3244 000:372.569 - 0.272ms returns 0
T3244 000:372.573 JLINK_CORESIGHT_WriteAPDPReg(AP reg 0x00, 0x80000002)
T3244 000:372.830 - 0.257ms returns 0
T3244 000:372.834 JLINK_CORESIGHT_WriteAPDPReg(AP reg 0x01, 0x80011130)
T3244 000:373.058 - 0.224ms returns 0
T3244 000:373.062 JLINK_CORESIGHT_ReadAPDPReg(AP reg 0x03)
T3244 000:373.366   Value=0x0003CE04
T3244 000:373.370 - 0.308ms returns 0
T3244 000:373.376 JLINK_CORESIGHT_WriteAPDPReg(AP reg 0x00, 0x80000002)
T3244 000:373.595 - 0.219ms returns 0
T3244 000:373.599 JLINK_CORESIGHT_WriteAPDPReg(AP reg 0x01, 0x80011140)
T3244 000:373.861 - 0.262ms returns 0
T3244 000:373.865 JLINK_CORESIGHT_ReadAPDPReg(AP reg 0x03)
T3244 000:374.173   Value=0x00000002
T3244 000:374.178 - 0.313ms returns 0
T3244 000:374.184 JLINK_CORESIGHT_WriteAPDPReg(AP reg 0x00, 0x80000002)
T3244 000:374.403 - 0.219ms returns 0
T3244 000:374.409 JLINK_CORESIGHT_WriteAPDPReg(AP reg 0x01, 0x80011120)
T3244 000:374.690 - 0.280ms returns 0
T3244 000:374.699 JLINK_CORESIGHT_WriteAPDPReg(AP reg 0x03, 0x73010001)
T3244 000:374.874 - 0.175ms returns 0
T3244 000:374.878 JLINK_CORESIGHT_WriteAPDPReg(AP reg 0x00, 0x80000002)
T3244 000:375.079 - 0.201ms returns 0
T3244 000:375.083 JLINK_CORESIGHT_WriteAPDPReg(AP reg 0x01, 0x80011140)
T3244 000:375.316 - 0.232ms returns 0
T3244 000:375.321 JLINK_CORESIGHT_ReadAPDPReg(AP reg 0x03)
T3244 000:375.607   Value=0x00000002
T3244 000:375.611 - 0.290ms returns 0
T3244 000:375.615 JLINK_CORESIGHT_WriteAPDPReg(AP reg 0x00, 0x80000002)
T3244 000:375.810 - 0.195ms returns 0
T3244 000:375.814 JLINK_CORESIGHT_WriteAPDPReg(AP reg 0x01, 0x80011120)
T3244 000:376.079 - 0.265ms returns 0
T3244 000:376.084 JLINK_CORESIGHT_WriteAPDPReg(AP reg 0x03, 0x0000038C)
T3244 000:376.299 - 0.215ms returns 0
T3244 000:376.304 JLINK_CORESIGHT_WriteAPDPReg(AP reg 0x00, 0x80000002)
T3244 000:376.565 - 0.260ms returns 0
T3244 000:376.594 JLINK_CORESIGHT_WriteAPDPReg(AP reg 0x01, 0x80011140)
T3244 000:376.787 - 0.193ms returns 0
T3244 000:376.791 JLINK_CORESIGHT_ReadAPDPReg(AP reg 0x03)
T3244 000:377.078   Value=0x00000002
T3244 000:377.082 - 0.291ms returns 0
T3244 000:377.086 JLINK_CORESIGHT_ReadAPDPReg(AP reg 0x03)
T3244 000:377.362   Value=0x00000002
T3244 000:377.366 - 0.280ms returns 0
T3244 000:377.370 JLINK_CORESIGHT_ReadAPDPReg(AP reg 0x03)
T3244 000:377.686   Value=0x00000002
T3244 000:377.690 - 0.319ms returns 0
T3244 000:377.693 JLINK_CORESIGHT_ReadAPDPReg(AP reg 0x03)
T3244 000:377.956   Value=0x00000002
T3244 000:377.960 - 0.267ms returns 0
T3244 000:377.964 JLINK_CORESIGHT_ReadAPDPReg(AP reg 0x03)
T3244 000:378.262   Value=0x00000002
T3244 000:378.266 - 0.302ms returns 0
T3244 000:378.270 JLINK_CORESIGHT_ReadAPDPReg(AP reg 0x03)
T3244 000:378.560   Value=0x00000002
T3244 000:378.564 - 0.294ms returns 0
T3244 000:378.568 JLINK_CORESIGHT_ReadAPDPReg(AP reg 0x03)
T3244 000:378.853   Value=0x00000002
T3244 000:378.857 - 0.289ms returns 0
T3244 000:378.861 JLINK_CORESIGHT_ReadAPDPReg(AP reg 0x03)
T3244 000:379.087   Value=0x00000002
T3244 000:379.091 - 0.230ms returns 0
T3244 000:379.094 JLINK_CORESIGHT_ReadAPDPReg(AP reg 0x03)
T3244 000:379.350   Value=0x00000002
T3244 000:379.354 - 0.259ms returns 0
T3244 000:379.357 JLINK_CORESIGHT_ReadAPDPReg(AP reg 0x03)
T3244 000:379.637   Value=0x00000000
T3244 000:379.641 - 0.283ms returns 0
T3244 000:379.645 JLINK_CORESIGHT_WriteAPDPReg(AP reg 0x00, 0x80000002)
T3244 000:379.878 - 0.233ms returns 0
T3244 000:379.882 JLINK_CORESIGHT_WriteAPDPReg(AP reg 0x01, 0x80011130)
T3244 000:380.171 - 0.289ms returns 0
T3244 000:380.175 JLINK_CORESIGHT_ReadAPDPReg(AP reg 0x03)
T3244 000:380.455   Value=0x73020081
T3244 000:380.459 - 0.284ms returns 0
T3244 000:380.463 JLINK_CORESIGHT_WriteAPDPReg(AP reg 0x00, 0x80000002)
T3244 000:380.658 - 0.195ms returns 0
T3244 000:380.662 JLINK_CORESIGHT_WriteAPDPReg(AP reg 0x01, 0x80011140)
T3244 000:380.879 - 0.216ms returns 0
T3244 000:380.883 JLINK_CORESIGHT_ReadAPDPReg(AP reg 0x03)
T3244 000:381.193   Value=0x00000000
T3244 000:381.197 - 0.314ms returns 0
T3244 000:381.200 JLINK_CORESIGHT_WriteAPDPReg(AP reg 0x00, 0x80000002)
T3244 000:381.424 - 0.223ms returns 0
T3244 000:381.428 JLINK_CORESIGHT_WriteAPDPReg(AP reg 0x01, 0x80011130)
T3244 000:381.664 - 0.236ms returns 0
T3244 000:381.668 JLINK_CORESIGHT_ReadAPDPReg(AP reg 0x03)
T3244 000:381.955   Value=0x00038902
T3244 000:381.959 - 0.290ms returns 0
T3244 000:381.963 JLINK_CORESIGHT_WriteAPDPReg(AP reg 0x00, 0x80000002)
T3244 000:382.162 - 0.199ms returns 0
T3244 000:382.170 JLINK_CORESIGHT_WriteAPDPReg(AP reg 0x01, 0x80011140)
T3244 000:382.438 - 0.267ms returns 0
T3244 000:382.444 JLINK_CORESIGHT_ReadAPDPReg(AP reg 0x03)
T3244 000:382.689   Value=0x00000002
T3244 000:382.694 - 0.249ms returns 0
T3244 000:382.697 JLINK_CORESIGHT_WriteAPDPReg(AP reg 0x00, 0x80000002)
T3244 000:382.958 - 0.260ms returns 0
T3244 000:382.962 JLINK_CORESIGHT_WriteAPDPReg(AP reg 0x01, 0x80011120)
T3244 000:383.161 - 0.198ms returns 0
T3244 000:383.166 JLINK_CORESIGHT_WriteAPDPReg(AP reg 0x03, 0x75010001)
T3244 000:383.339 - 0.173ms returns 0
T3244 000:383.344 JLINK_CORESIGHT_WriteAPDPReg(AP reg 0x00, 0x80000002)
T3244 000:383.513 - 0.169ms returns 0
T3244 000:383.517 JLINK_CORESIGHT_WriteAPDPReg(AP reg 0x01, 0x80011140)
T3244 000:383.784 - 0.267ms returns 0
T3244 000:383.789 JLINK_CORESIGHT_ReadAPDPReg(AP reg 0x03)
T3244 000:384.078   Value=0x00000002
T3244 000:384.082 - 0.293ms returns 0
T3244 000:384.086 JLINK_CORESIGHT_WriteAPDPReg(AP reg 0x00, 0x80000002)
T3244 000:384.353 - 0.267ms returns 0
T3244 000:384.357 JLINK_CORESIGHT_WriteAPDPReg(AP reg 0x01, 0x80011120)
T3244 000:384.535 - 0.177ms returns 0
T3244 000:384.539 JLINK_CORESIGHT_WriteAPDPReg(AP reg 0x03, 0x0000038A)
T3244 000:384.763 - 0.224ms returns 0
T3244 000:384.767 JLINK_CORESIGHT_WriteAPDPReg(AP reg 0x00, 0x80000002)
T3244 000:384.964 - 0.196ms returns 0
T3244 000:384.968 JLINK_CORESIGHT_WriteAPDPReg(AP reg 0x01, 0x80011140)
T3244 000:385.160 - 0.192ms returns 0
T3244 000:385.165 JLINK_CORESIGHT_ReadAPDPReg(AP reg 0x03)
T3244 000:385.453   Value=0x00000002
T3244 000:385.457 - 0.291ms returns 0
T3244 000:385.460 JLINK_CORESIGHT_ReadAPDPReg(AP reg 0x03)
T3244 000:385.690   Value=0x00000002
T3244 000:385.694 - 0.233ms returns 0
T3244 000:385.697 JLINK_CORESIGHT_ReadAPDPReg(AP reg 0x03)
T3244 000:385.979   Value=0x00000002
T3244 000:385.983 - 0.286ms returns 0
T3244 000:385.987 JLINK_CORESIGHT_ReadAPDPReg(AP reg 0x03)
T3244 000:386.221   Value=0x00000002
T3244 000:386.227 - 0.239ms returns 0
T3244 000:386.231 JLINK_CORESIGHT_ReadAPDPReg(AP reg 0x03)
T3244 000:386.470   Value=0x00000002
T3244 000:386.477 - 0.246ms returns 0
T3244 000:386.482 JLINK_CORESIGHT_ReadAPDPReg(AP reg 0x03)
T3244 000:386.686   Value=0x00000002
T3244 000:386.690 - 0.207ms returns 0
T3244 000:386.694 JLINK_CORESIGHT_ReadAPDPReg(AP reg 0x03)
T3244 000:386.978   Value=0x00000002
T3244 000:386.982 - 0.288ms returns 0
T3244 000:386.986 JLINK_CORESIGHT_ReadAPDPReg(AP reg 0x03)
T3244 000:387.212   Value=0x00000002
T3244 000:387.218 - 0.231ms returns 0
T3244 000:387.222 JLINK_CORESIGHT_ReadAPDPReg(AP reg 0x03)
T3244 000:387.479   Value=0x00000002
T3244 000:387.484 - 0.262ms returns 0
T3244 000:387.488 JLINK_CORESIGHT_ReadAPDPReg(AP reg 0x03)
T3244 000:387.728   Value=0x00000002
T3244 000:387.732 - 0.244ms returns 0
T3244 000:387.736 JLINK_CORESIGHT_ReadAPDPReg(AP reg 0x03)
T3244 000:387.935   Value=0x00000002
T3244 000:387.939 - 0.203ms returns 0
T3244 000:387.943 JLINK_CORESIGHT_ReadAPDPReg(AP reg 0x03)
T3244 000:388.230   Value=0x00000000
T3244 000:388.235 - 0.292ms returns 0
T3244 000:388.243 JLINK_CORESIGHT_WriteAPDPReg(AP reg 0x00, 0x80000002)
T3244 000:388.463 - 0.221ms returns 0
T3244 000:388.470 JLINK_CORESIGHT_WriteAPDPReg(AP reg 0x01, 0x80011130)
T3244 000:388.660 - 0.190ms returns 0
T3244 000:388.665 JLINK_CORESIGHT_ReadAPDPReg(AP reg 0x03)
T3244 000:388.959   Value=0x75020081
T3244 000:388.963 - 0.298ms returns 0
T3244 000:388.969 JLINK_CORESIGHT_WriteAPDPReg(AP reg 0x00, 0x80000002)
T3244 000:389.159 - 0.189ms returns 0
T3244 000:389.164 JLINK_CORESIGHT_WriteAPDPReg(AP reg 0x01, 0x80011140)
T3244 000:389.410 - 0.246ms returns 0
T3244 000:389.415 JLINK_CORESIGHT_ReadAPDPReg(AP reg 0x03)
T3244 000:389.710   Value=0x00000000
T3244 000:389.714 - 0.298ms returns 0
T3244 000:389.720 JLINK_CORESIGHT_WriteAPDPReg(AP reg 0x00, 0x80000002)
T3244 000:389.887 - 0.167ms returns 0
T3244 000:389.892 JLINK_CORESIGHT_WriteAPDPReg(AP reg 0x01, 0x80011130)
T3244 000:390.171 - 0.278ms returns 0
T3244 000:390.176 JLINK_CORESIGHT_ReadAPDPReg(AP reg 0x03)
T3244 000:390.455   Value=0x00038702
T3244 000:390.459 - 0.283ms returns 0
T3244 000:390.788 JLINK_CORESIGHT_WriteAPDPReg(AP reg 0x00, 0x80000002)
T3244 000:390.981 - 0.195ms returns 0
T3244 000:390.985 JLINK_CORESIGHT_WriteAPDPReg(AP reg 0x01, 0x80011140)
T3244 000:391.158 - 0.173ms returns 0
T3244 000:391.162 JLINK_CORESIGHT_ReadAPDPReg(AP reg 0x03)
T3244 000:391.398   Value=0x00000002
T3244 000:391.402 - 0.240ms returns 0
T3244 000:391.406 JLINK_CORESIGHT_WriteAPDPReg(AP reg 0x00, 0x80000002)
T3244 000:391.639 - 0.233ms returns 0
T3244 000:391.643 JLINK_CORESIGHT_WriteAPDPReg(AP reg 0x01, 0x80011120)
T3244 000:391.910 - 0.266ms returns 0
T3244 000:391.914 JLINK_CORESIGHT_WriteAPDPReg(AP reg 0x03, 0x4F010001)
T3244 000:392.159 - 0.245ms returns 0
T3244 000:392.164 JLINK_CORESIGHT_WriteAPDPReg(AP reg 0x00, 0x80000002)
T3244 000:392.329 - 0.165ms returns 0
T3244 000:392.333 JLINK_CORESIGHT_WriteAPDPReg(AP reg 0x01, 0x80011140)
T3244 000:392.525 - 0.192ms returns 0
T3244 000:392.529 JLINK_CORESIGHT_ReadAPDPReg(AP reg 0x03)
T3244 000:392.835   Value=0x00000002
T3244 000:392.839 - 0.309ms returns 0
T3244 000:392.843 JLINK_CORESIGHT_WriteAPDPReg(AP reg 0x00, 0x80000002)
T3244 000:393.035 - 0.192ms returns 0
T3244 000:393.039 JLINK_CORESIGHT_WriteAPDPReg(AP reg 0x01, 0x80011120)
T3244 000:393.332 - 0.293ms returns 0
T3244 000:393.338 JLINK_CORESIGHT_WriteAPDPReg(AP reg 0x03, 0x000003B0)
T3244 000:393.602 - 0.263ms returns 0
T3244 000:393.606 JLINK_CORESIGHT_WriteAPDPReg(AP reg 0x00, 0x80000002)
T3244 000:393.811 - 0.205ms returns 0
T3244 000:393.815 JLINK_CORESIGHT_WriteAPDPReg(AP reg 0x01, 0x80011140)
T3244 000:394.079 - 0.263ms returns 0
T3244 000:394.083 JLINK_CORESIGHT_ReadAPDPReg(AP reg 0x03)
T3244 000:394.367   Value=0x00000002
T3244 000:394.371 - 0.288ms returns 0
T3244 000:394.375 JLINK_CORESIGHT_ReadAPDPReg(AP reg 0x03)
T3244 000:394.609   Value=0x00000002
T3244 000:394.613 - 0.238ms returns 0
T3244 000:394.616 JLINK_CORESIGHT_ReadAPDPReg(AP reg 0x03)
T3244 000:394.909   Value=0x00000002
T3244 000:394.913 - 0.296ms returns 0
T3244 000:394.916 JLINK_CORESIGHT_ReadAPDPReg(AP reg 0x03)
T3244 000:395.169   Value=0x00000002
T3244 000:395.173 - 0.257ms returns 0
T3244 000:395.177 JLINK_CORESIGHT_ReadAPDPReg(AP reg 0x03)
T3244 000:395.411   Value=0x00000002
T3244 000:395.415 - 0.238ms returns 0
T3244 000:395.418 JLINK_CORESIGHT_ReadAPDPReg(AP reg 0x03)
T3244 000:395.709   Value=0x00000002
T3244 000:395.713 - 0.294ms returns 0
T3244 000:395.717 JLINK_CORESIGHT_ReadAPDPReg(AP reg 0x03)
T3244 000:395.940   Value=0x00000002
T3244 000:395.944 - 0.227ms returns 0
T3244 000:395.948 JLINK_CORESIGHT_ReadAPDPReg(AP reg 0x03)
T3244 000:396.213   Value=0x00000002
T3244 000:396.217 - 0.269ms returns 0
T3244 000:396.220 JLINK_CORESIGHT_ReadAPDPReg(AP reg 0x03)
T3244 000:396.499   Value=0x00000002
T3244 000:396.503 - 0.282ms returns 0
T3244 000:396.506 JLINK_CORESIGHT_ReadAPDPReg(AP reg 0x03)
T3244 000:396.808   Value=0x00000002
T3244 000:396.812 - 0.306ms returns 0
T3244 000:396.816 JLINK_CORESIGHT_ReadAPDPReg(AP reg 0x03)
T3244 000:397.062   Value=0x00000000
T3244 000:397.066 - 0.250ms returns 0
T3244 000:397.070 JLINK_CORESIGHT_WriteAPDPReg(AP reg 0x00, 0x80000002)
T3244 000:397.332 - 0.262ms returns 0
T3244 000:397.336 JLINK_CORESIGHT_WriteAPDPReg(AP reg 0x01, 0x80011130)
T3244 000:397.602 - 0.265ms returns 0
T3244 000:397.606 JLINK_CORESIGHT_ReadAPDPReg(AP reg 0x03)
T3244 000:397.834   Value=0x4F0B0081
T3244 000:397.838 - 0.232ms returns 0
T3244 000:397.842 JLINK_CORESIGHT_WriteAPDPReg(AP reg 0x00, 0x80000002)
T3244 000:398.035 - 0.193ms returns 0
T3244 000:398.039 JLINK_CORESIGHT_WriteAPDPReg(AP reg 0x01, 0x80011140)
T3244 000:398.298 - 0.259ms returns 0
T3244 000:398.302 JLINK_CORESIGHT_ReadAPDPReg(AP reg 0x03)
T3244 000:398.589   Value=0x00000000
T3244 000:398.593 - 0.290ms returns 0
T3244 000:398.597 JLINK_CORESIGHT_WriteAPDPReg(AP reg 0x00, 0x80000002)
T3244 000:398.785 - 0.189ms returns 0
T3244 000:398.789 JLINK_CORESIGHT_WriteAPDPReg(AP reg 0x01, 0x80011130)
T3244 000:399.060 - 0.270ms returns 0
T3244 000:399.064 JLINK_CORESIGHT_ReadAPDPReg(AP reg 0x03)
T3244 000:399.366   Value=0xA0000000
T3244 000:399.370 - 0.306ms returns 0
T3244 000:399.374 JLINK_CORESIGHT_WriteAPDPReg(AP reg 0x00, 0x80000002)
T3244 000:399.535 - 0.161ms returns 0
T3244 000:399.539 JLINK_CORESIGHT_WriteAPDPReg(AP reg 0x01, 0x80011140)
T3244 000:399.783 - 0.244ms returns 0
T3244 000:399.787 JLINK_CORESIGHT_ReadAPDPReg(AP reg 0x03)
T3244 000:400.084   Value=0x00000000
T3244 000:400.088 - 0.300ms returns 0
T3244 000:400.092 JLINK_CORESIGHT_WriteAPDPReg(AP reg 0x00, 0x80000002)
T3244 000:400.307 - 0.215ms returns 0
T3244 000:400.311 JLINK_CORESIGHT_WriteAPDPReg(AP reg 0x01, 0x80011130)
T3244 000:400.579 - 0.268ms returns 0
T3244 000:400.583 JLINK_CORESIGHT_ReadAPDPReg(AP reg 0x03)
T3244 000:400.844   Value=0x00000000
T3244 000:400.848 - 0.265ms returns 0
T3244 000:400.852 JLINK_CORESIGHT_WriteAPDPReg(AP reg 0x00, 0x80000002)
T3244 000:401.013 - 0.161ms returns 0
T3244 000:401.017 JLINK_CORESIGHT_WriteAPDPReg(AP reg 0x01, 0x80011140)
T3244 000:401.298 - 0.281ms returns 0
T3244 000:401.302 JLINK_CORESIGHT_ReadAPDPReg(AP reg 0x03)
T3244 000:401.583   Value=0x00000000
T3244 000:401.587 - 0.284ms returns 0
T3244 000:401.590 JLINK_CORESIGHT_WriteAPDPReg(AP reg 0x00, 0x80000002)
T3244 000:402.134 - 0.543ms returns 0
T3244 000:402.148 JLINK_CORESIGHT_WriteAPDPReg(AP reg 0x01, 0x80011130)
T3244 000:402.610 - 0.461ms returns 0
T3244 000:402.693 JLINK_CORESIGHT_ReadAPDPReg(AP reg 0x03)
T3244 000:403.076   Value=0x03060000
T3244 000:403.083 - 0.390ms returns 0
T3244 000:403.148 JLINK_CORESIGHT_ReadAPDPReg(DP reg 0x01)
T3244 000:403.320   Value=0xF0000F40
T3244 000:403.325 - 0.177ms returns 0
T3244 000:403.329 JLINK_CORESIGHT_WriteAPDPReg(DP reg 0x01, 0xA0000F40)
T3244 000:403.582 - 0.253ms returns 0
T3244 000:403.587 JLINK_CORESIGHT_ReadAPDPReg(DP reg 0x01)
T3244 000:403.785   Value=0x00000F40
T3244 000:403.790 - 0.202ms returns 0
T3244 000:403.794 JLINK_ClrRESET()
T3244 000:404.042 - 0.248ms 
T3244 000:514.529 JLINK_Close()
T3244 000:524.994 - 10.464ms
T3244 000:525.169   
T3244 000:525.172   Closed
