     VMA      LMA     Size Align Out     In      Symbol
       0        0        0     1 RAM_START = 0x22000000
       0        0        0     1 RAM_LENGTH = 0x001d4000
       0        0        0     1 FLASH_START = 0x02000000
       0        0        0     1 FLASH_LENGTH = 0x00100000
       0        0        0     1 DATA_FLASH_START = 0x27000000
       0        0        0     1 DATA_FLASH_LENGTH = 0x00000000
       0        0        0     1 SDRAM_START = 0x68000000
       0        0        0     1 SDRAM_LENGTH = 0x08000000
       0        0        0     1 OSPI0_CS0_START = 0x80000000
       0        0        0     1 OSPI0_CS0_LENGTH = 0x10000000
       0        0        0     1 OSPI0_CS1_START = 0x90000000
       0        0        0     1 OSPI0_CS1_LENGTH = 0x10000000
       0        0        0     1 OSPI1_CS0_START = 0x70000000
       0        0        0     1 OSPI1_CS0_LENGTH = 0x08000000
       0        0        0     1 OSPI1_CS1_START = 0x78000000
       0        0        0     1 OSPI1_CS1_LENGTH = 0x08000000
       0        0        0     1 OPTION_SETTING_OFS0_START = 0x02c9f040
       0        0        0     1 OPTION_SETTING_OFS0_LENGTH = 0x00000004
       0        0        0     1 OPTION_SETTING_OFS2_START = 0x02c9f044
       0        0        0     1 OPTION_SETTING_OFS2_LENGTH = 0x00000004
       0        0        0     1 OPTION_SETTING_SAS_START = 0x02c9f074
       0        0        0     1 OPTION_SETTING_SAS_LENGTH = 0x00000004
       0        0        0     1 OPTION_SETTING_OFS1_START = 0x12c9f4c0
       0        0        0     1 OPTION_SETTING_OFS1_LENGTH = 0x00000004
       0        0        0     1 OPTION_SETTING_OFS1_SEC_START = 0x02c9f0c0
       0        0        0     1 OPTION_SETTING_OFS1_SEC_LENGTH = 0x00000004
       0        0        0     1 OPTION_SETTING_OFS1_SEL_START = 0x02c9f120
       0        0        0     1 OPTION_SETTING_OFS1_SEL_LENGTH = 0x00000004
       0        0        0     1 OPTION_SETTING_OFS3_START = 0x12c9f4c4
       0        0        0     1 OPTION_SETTING_OFS3_LENGTH = 0x00000004
       0        0        0     1 OPTION_SETTING_OFS3_SEC_START = 0x02c9f0c4
       0        0        0     1 OPTION_SETTING_OFS3_SEC_LENGTH = 0x00000004
       0        0        0     1 OPTION_SETTING_OFS3_SEL_START = 0x02c9f124
       0        0        0     1 OPTION_SETTING_OFS3_SEL_LENGTH = 0x00000004
       0        0        0     1 OPTION_SETTING_BPS_START = 0x12c9f600
       0        0        0     1 OPTION_SETTING_BPS_LENGTH = 0x00000080
       0        0        0     1 OPTION_SETTING_BPS_SEC_START = 0x02c9f200
       0        0        0     1 OPTION_SETTING_BPS_SEC_LENGTH = 0x00000080
       0        0        0     1 OPTION_SETTING_OTP_FSBLCTRL0_START = 0x02e07600
       0        0        0     1 OPTION_SETTING_OTP_FSBLCTRL0_LENGTH = 0x00000004
       0        0        0     1 OPTION_SETTING_OTP_FSBLCTRL1_START = 0x02e07604
       0        0        0     1 OPTION_SETTING_OTP_FSBLCTRL1_LENGTH = 0x00000004
       0        0        0     1 OPTION_SETTING_OTP_FSBLCTRL2_START = 0x02e07608
       0        0        0     1 OPTION_SETTING_OTP_FSBLCTRL2_LENGTH = 0x00000004
       0        0        0     1 OPTION_SETTING_OTP_SAMR_START = 0x02e07614
       0        0        0     1 OPTION_SETTING_OTP_SAMR_LENGTH = 0x00000004
       0        0        0     1 OPTION_SETTING_OTP_SACC00_START = 0x02e07620
       0        0        0     1 OPTION_SETTING_OTP_SACC00_LENGTH = 0x00000004
       0        0        0     1 OPTION_SETTING_OTP_SACC10_START = 0x02e07630
       0        0        0     1 OPTION_SETTING_OTP_SACC10_LENGTH = 0x00000004
       0        0        0     1 OPTION_SETTING_OTP_SACC01_START = 0x02e07640
       0        0        0     1 OPTION_SETTING_OTP_SACC01_LENGTH = 0x00000004
       0        0        0     1 OPTION_SETTING_OTP_SACC11_START = 0x02e07650
       0        0        0     1 OPTION_SETTING_OTP_SACC11_LENGTH = 0x00000004
       0        0        0     1 OPTION_SETTING_OTP_SACC02_START = 0x02e07660
       0        0        0     1 OPTION_SETTING_OTP_SACC02_LENGTH = 0x00000004
       0        0        0     1 OPTION_SETTING_OTP_SACC12_START = 0x02e07670
       0        0        0     1 OPTION_SETTING_OTP_SACC12_LENGTH = 0x00000004
       0        0        0     1 OPTION_SETTING_OTP_SACC03_START = 0x02e07680
       0        0        0     1 OPTION_SETTING_OTP_SACC03_LENGTH = 0x00000004
       0        0        0     1 OPTION_SETTING_OTP_SACC13_START = 0x02e07690
       0        0        0     1 OPTION_SETTING_OTP_SACC13_LENGTH = 0x00000004
       0        0        0     1 OPTION_SETTING_OTP_PBPS_SEC_START = 0x02e17700
       0        0        0     1 OPTION_SETTING_OTP_PBPS_SEC_LENGTH = 0x00000080
       0        0        0     1 OPTION_SETTING_OTP_PBPS_START = 0x12e17780
       0        0        0     1 OPTION_SETTING_OTP_PBPS_LENGTH = 0x00000080
       0        0        0     1 OPTION_SETTING_OTP_ZHUK_START = 0x02e17920
       0        0        0     1 OPTION_SETTING_OTP_ZHUK_LENGTH = 0x00000004
       0        0        0     1 ITCM_START = 0x00000000
       0        0        0     1 ITCM_LENGTH = 0x00020000
       0        0        0     1 DTCM_START = 0x20000000
       0        0        0     1 DTCM_LENGTH = 0x00020000
90000000 90000000        0     1 .ospi0_cs1.startof
90000000 90000000        0     1         __ddsc_OSPI0_CS1_START = .
68000000 68000000        0     1 .sdram.startof
68000000 68000000        0     1         __ddsc_SDRAM_START = .
68000000 68000000        0     1 __sdram_from_ospi0_cs1$$
68000000 68000000        0     1         __sdram_from_ospi0_cs1$$Base = .
68000000 68000000        0     1         __sdram_from_ospi0_cs1$$Load = LOADADDR(__sdram_from_ospi0_cs1$$)
68000000 68000000        0     1         __sdram_from_ospi0_cs1$$Limit = .
80000000 80000000        0     1 .ospi0_cs0.startof
80000000 80000000        0     1         __ddsc_OSPI0_CS0_START = .
80000000 80000000        0     1 __ospi0_cs0_from_ospi0_cs1$$
80000000 80000000        0     1         __ospi0_cs0_from_ospi0_cs1$$Base = .
80000000 80000000        0     1         __ospi0_cs0_from_ospi0_cs1$$Load = LOADADDR(__ospi0_cs0_from_ospi0_cs1$$)
80000000 80000000        0     1         __ospi0_cs0_from_ospi0_cs1$$Limit = .
70000000 70000000        0     1 .ospi1_cs0.startof
70000000 70000000        0     1         __ddsc_OSPI1_CS0_START = .
70000000 70000000        0     1 __ospi1_cs0_from_ospi0_cs1$$
70000000 70000000        0     1         __ospi1_cs0_from_ospi0_cs1$$Base = .
70000000 70000000        0     1         __ospi1_cs0_from_ospi0_cs1$$Load = LOADADDR(__ospi1_cs0_from_ospi0_cs1$$)
70000000 70000000        0     1         __ospi1_cs0_from_ospi0_cs1$$Limit = .
       0        0        0     1 .itcm.startof
       0        0        0     1         __ddsc_ITCM_START = .
       0        0        0     1 __itcm_from_ospi0_cs1$$
       0        0        0     1         __itcm_from_ospi0_cs1$$Base = .
       0        0        0     1         __itcm_from_ospi0_cs1$$Load = LOADADDR(__itcm_from_ospi0_cs1$$)
       0        0        0     1         __itcm_from_ospi0_cs1$$Limit = .
20000000 20000000        0     1 .dtcm.startof
20000000 20000000        0     1         __ddsc_DTCM_START = .
20000000 20000000        0     1 __dtcm_from_ospi0_cs1$$
20000000 20000000        0     1         __dtcm_from_ospi0_cs1$$Base = .
20000000 20000000        0     1         __dtcm_from_ospi0_cs1$$Load = LOADADDR(__dtcm_from_ospi0_cs1$$)
20000000 20000000        0     1         __dtcm_from_ospi0_cs1$$Limit = .
22000000 22000000        0     1 .ram.startof
22000000 22000000        0     1         __ddsc_RAM_START = .
22000000 22000000        0     1 __ram_dtc_vector$$
22000000 22000000        0     1         __ram_dtc_vector$$Base = .
22000000 22000000        0     1         __ram_dtc_vector$$Limit = .
22000000 22000000        0     1 __ram_from_ospi0_cs1$$
22000000 22000000        0     1         __ram_from_ospi0_cs1$$Base = .
22000000 22000000        0     1         __ram_from_ospi0_cs1$$Load = LOADADDR(__ram_from_ospi0_cs1$$)
22000000 22000000        0     1         __ram_from_ospi0_cs1$$Limit = .
90000000 90000000        0     1 __ospi0_cs1_readonly$$
90000000 90000000        0     1         __ospi0_cs1_readonly$$Base = .
90000000 90000000        0     1         __ospi0_cs1_readonly$$Limit = .
90000000 90000000        0     1 __ospi0_cs1_noinit$$
90000000 90000000        0     1         __ospi0_cs1_noinit$$Base = .
90000000 90000000        0     1         __ospi0_cs1_noinit$$Limit = .
90000000 90000000        0     1 .ospi0_cs1.endof
90000000 90000000        0     1         __ddsc_OSPI0_CS1_END = .
78000000 78000000        0     1 .ospi1_cs1.startof
78000000 78000000        0     1         __ddsc_OSPI1_CS1_START = .
68000000 68000000        0     1 __sdram_from_ospi1_cs1$$
68000000 68000000        0     1         __sdram_from_ospi1_cs1$$Base = .
68000000 68000000        0     1         __sdram_from_ospi1_cs1$$Load = LOADADDR(__sdram_from_ospi1_cs1$$)
68000000 68000000        0     1         __sdram_from_ospi1_cs1$$Limit = .
80000000 80000000        0     1 __ospi0_cs0_from_ospi1_cs1$$
80000000 80000000        0     1         __ospi0_cs0_from_ospi1_cs1$$Base = .
80000000 80000000        0     1         __ospi0_cs0_from_ospi1_cs1$$Load = LOADADDR(__ospi0_cs0_from_ospi1_cs1$$)
80000000 80000000        0     1         __ospi0_cs0_from_ospi1_cs1$$Limit = .
70000000 70000000        0     1 __ospi1_cs0_from_ospi1_cs1$$
70000000 70000000        0     1         __ospi1_cs0_from_ospi1_cs1$$Base = .
70000000 70000000        0     1         __ospi1_cs0_from_ospi1_cs1$$Load = LOADADDR(__ospi1_cs0_from_ospi1_cs1$$)
70000000 70000000        0     1         __ospi1_cs0_from_ospi1_cs1$$Limit = .
       0        0        0     1 __itcm_from_ospi1_cs1$$
       0        0        0     1         __itcm_from_ospi1_cs1$$Base = .
       0        0        0     1         __itcm_from_ospi1_cs1$$Load = LOADADDR(__itcm_from_ospi1_cs1$$)
       0        0        0     1         __itcm_from_ospi1_cs1$$Limit = .
20000000 20000000        0     1 __dtcm_from_ospi1_cs1$$
20000000 20000000        0     1         __dtcm_from_ospi1_cs1$$Base = .
20000000 20000000        0     1         __dtcm_from_ospi1_cs1$$Load = LOADADDR(__dtcm_from_ospi1_cs1$$)
20000000 20000000        0     1         __dtcm_from_ospi1_cs1$$Limit = .
22000000 22000000        0     1 __ram_from_ospi1_cs1$$
22000000 22000000        0     1         __ram_from_ospi1_cs1$$Base = .
22000000 22000000        0     1         __ram_from_ospi1_cs1$$Load = LOADADDR(__ram_from_ospi1_cs1$$)
22000000 22000000        0     1         __ram_from_ospi1_cs1$$Limit = .
78000000 78000000        0     1 __ospi1_cs1_readonly$$
78000000 78000000        0     1         __ospi1_cs1_readonly$$Base = .
78000000 78000000        0     1         __ospi1_cs1_readonly$$Limit = .
78000000 78000000        0     1 __ospi1_cs1_noinit$$
78000000 78000000        0     1         __ospi1_cs1_noinit$$Base = .
78000000 78000000        0     1         __ospi1_cs1_noinit$$Limit = .
78000000 78000000        0     1 .ospi1_cs1.endof
78000000 78000000        0     1         __ddsc_OSPI1_CS1_END = .
27000000 27000000        0     1 .data_flash.startof
27000000 27000000        0     1         __ddsc_DATA_FLASH_START = .
68000000 68000000        0     1 __sdram_from_data_flash$$
68000000 68000000        0     1         __sdram_from_data_flash$$Base = .
68000000 68000000        0     1         __sdram_from_data_flash$$Load = LOADADDR(__sdram_from_data_flash$$)
68000000 68000000        0     1         __sdram_from_data_flash$$Limit = .
80000000 80000000        0     1 __ospi0_cs0_from_data_flash$$
80000000 80000000        0     1         __ospi0_cs0_from_data_flash$$Base = .
80000000 80000000        0     1         __ospi0_cs0_from_data_flash$$Load = LOADADDR(__ospi0_cs0_from_data_flash$$)
80000000 80000000        0     1         __ospi0_cs0_from_data_flash$$Limit = .
70000000 70000000        0     1 __ospi1_cs0_from_data_flash$$
70000000 70000000        0     1         __ospi1_cs0_from_data_flash$$Base = .
70000000 70000000        0     1         __ospi1_cs0_from_data_flash$$Load = LOADADDR(__ospi1_cs0_from_data_flash$$)
70000000 70000000        0     1         __ospi1_cs0_from_data_flash$$Limit = .
       0        0        0     1 __itcm_from_data_flash$$
       0        0        0     1         __itcm_from_data_flash$$Base = .
       0        0        0     1         __itcm_from_data_flash$$Load = LOADADDR(__itcm_from_data_flash$$)
       0        0        0     1         __itcm_from_data_flash$$Limit = .
20000000 20000000        0     1 __dtcm_from_data_flash$$
20000000 20000000        0     1         __dtcm_from_data_flash$$Base = .
20000000 20000000        0     1         __dtcm_from_data_flash$$Load = LOADADDR(__dtcm_from_data_flash$$)
20000000 20000000        0     1         __dtcm_from_data_flash$$Limit = .
22000000 22000000        0     1 __ram_from_data_flash$$
22000000 22000000        0     1         __ram_from_data_flash$$Base = .
22000000 22000000        0     1         __ram_from_data_flash$$Load = LOADADDR(__ram_from_data_flash$$)
22000000 22000000        0     1         __ram_from_data_flash$$Limit = .
27000000 27000000        0     1 __data_flash_readonly$$
27000000 27000000        0     1         __data_flash_readonly$$Base = .
27000000 27000000        0     1         __data_flash_readonly$$Limit = .
27000000 27000000        0     1 __data_flash_noinit$$
27000000 27000000        0     1         __data_flash_noinit$$Base = .
27000000 27000000        0     1         __data_flash_noinit$$Limit = .
27000000 27000000        0     1 .data_flash.endof
27000000 27000000        0     1         __ddsc_DATA_FLASH_END = .
 2000000  2000000        0     1 .flash.startof
 2000000  2000000        0     1         __ddsc_FLASH_START = .
 2000000  2000000       6c     4 __flash_vectors$$
 2000000  2000000        0     1         __flash_vectors$$Base = .
 2000000  2000000        0     1         _VECTORS = .
 2000000  2000000       40     4         ./ra/fsp/src/bsp/cmsis/Device/RENESAS/Source/startup.o:(.fixed_vectors)
 2000000  2000000       40     1                 __Vectors
 2000040  2000040       2c     4         ./ra_gen/vector_data.o:(.application_vectors)
 2000040  2000040       2c     1                 g_vector_table
 200006c  200006c        0     1         __flash_vectors$$Limit = .
 200006c  200006c        0     1 __flash_noinit$$
 200006c  200006c        0     1         __flash_noinit$$Base = .
 200006c  200006c        0     1         __flash_noinit$$Limit = .
68000000 68000000        0     1 __sdram_from_flash$$
68000000 68000000        0     1         __sdram_from_flash$$Base = .
68000000 68000000        0     1         __sdram_from_flash$$Load = LOADADDR(__sdram_from_flash$$)
68000000 68000000        0     1         __sdram_from_flash$$Limit = .
68000000 68000000        0     1 __sdram_noinit_nocache$$
68000000 68000000        0     1         __sdram_noinit_nocache$$Base = .
68000000 68000000        0     1         __sdram_noinit_nocache$$Limit = .
68000000 68000000        0     1 __sdram_zero_nocache$$
68000000 68000000        0     1         __sdram_zero_nocache$$Base = .
68000000 68000000        0     1         . = ALIGN(32)
68000000 68000000        0     1         __sdram_zero_nocache$$Limit = .
68000000 68000000   73b0e0    32 __sdram_noinit$$
68000000 68000000        0     1         __sdram_noinit$$Base = .
68000000 68000000    4b000    32         ./src/hal_entry.o:(.sdram_noinit)
68000000 68000000    25800     1                 g_frame
68025800 68025800    25800     1                 g_disp
6804b000 6804b000     4498    32         ./code/ruhmi/sub_0000_command_stream.o:(.sdram_noinit)
6804b000 6804b000     4498     1                 sub_0000_command_stream
6804f4a0 6804f4a0    d8000    32         ./code/ruhmi/sub_0000_invoke.o:(.sdram_noinit)
6804f4a0 6804f4a0    d8000     1                 sub_0000_arena
681274a0 681274a0   602090    32         ./code/ruhmi/sub_0000_model_data.o:(.sdram_noinit)
681274a0 681274a0   602090     1                 sub_0000_model_data
68729540 68729540      954    32         ./code/ruhmi/sub_0002_command_stream.o:(.sdram_noinit)
68729540 68729540      954     1                 sub_0002_command_stream
68729ea0 68729ea0     42c0    32         ./code/ruhmi/sub_0002_invoke.o:(.sdram_noinit)
68729ea0 68729ea0     42c0     1                 sub_0002_arena
6872e160 6872e160      a70    32         ./code/ruhmi/sub_0002_model_data.o:(.sdram_noinit)
6872e160 6872e160      a70     1                 sub_0002_model_data
6872ebe0 6872ebe0      1e8    32         ./code/ruhmi/sub_0004_command_stream.o:(.sdram_noinit)
6872ebe0 6872ebe0      1e8     1                 sub_0004_command_stream
6872ede0 6872ede0     c2f0    32         ./code/ruhmi/sub_0004_invoke.o:(.sdram_noinit)
6872ede0 6872ede0     c2f0     1                 sub_0004_arena
6873b0e0 6873b0e0        0    32         ./code/ruhmi/sub_0004_model_data.o:(.sdram_noinit)
6873b0e0 6873b0e0        0     1                 sub_0004_model_data
6873b0e0 6873b0e0        0     1         __sdram_noinit$$Limit = .
6873b0e0 6873b0e0        0     1 __sdram_zero$$
6873b0e0 6873b0e0        0     1         __sdram_zero$$Base = .
6873b0e0 6873b0e0        0     1         __sdram_zero$$Limit = .
6873b200 6873b200        0     1 .sdram.endof
6873b200 6873b200        0     1         __ddsc_SDRAM_END = .
80000000 80000000        0     1 __ospi0_cs0_from_flash$$
80000000 80000000        0     1         __ospi0_cs0_from_flash$$Base = .
80000000 80000000        0     1         __ospi0_cs0_from_flash$$Load = LOADADDR(__ospi0_cs0_from_flash$$)
80000000 80000000        0     1         __ospi0_cs0_from_flash$$Limit = .
80000000 80000000        0     1 __ospi0_cs0_noinit_nocache$$
80000000 80000000        0     1         __ospi0_cs0_noinit_nocache$$Base = .
80000000 80000000        0     1         __ospi0_cs0_noinit_nocache$$Limit = .
80000000 80000000        0     1 __ospi0_cs0_zero_nocache$$
80000000 80000000        0     1         __ospi0_cs0_zero_nocache$$Base = .
80000000 80000000        0     1         . = ALIGN(32)
80000000 80000000        0     1         __ospi0_cs0_zero_nocache$$Limit = .
80000000 80000000        0     1 __ospi0_cs0_noinit$$
80000000 80000000        0     1         __ospi0_cs0_noinit$$Base = .
80000000 80000000        0     1         __ospi0_cs0_noinit$$Limit = .
80000000 80000000        0     1 __ospi0_cs0_zero$$
80000000 80000000        0     1         __ospi0_cs0_zero$$Base = .
80000000 80000000        0     1         __ospi0_cs0_zero$$Limit = .
80000000 80000000        0     1 .ospi0_cs0.endof
80000000 80000000        0     1         __ddsc_OSPI0_CS0_END = .
70000000 70000000        0     1 __ospi1_cs0_from_flash$$
70000000 70000000        0     1         __ospi1_cs0_from_flash$$Base = .
70000000 70000000        0     1         __ospi1_cs0_from_flash$$Load = LOADADDR(__ospi1_cs0_from_flash$$)
70000000 70000000        0     1         __ospi1_cs0_from_flash$$Limit = .
70000000 70000000        0     1 __ospi1_cs0_noinit_nocache$$
70000000 70000000        0     1         __ospi1_cs0_noinit_nocache$$Base = .
70000000 70000000        0     1         __ospi1_cs0_noinit_nocache$$Limit = .
70000000 70000000        0     1 __ospi1_cs0_zero_nocache$$
70000000 70000000        0     1         __ospi1_cs0_zero_nocache$$Base = .
70000000 70000000        0     1         . = ALIGN(32)
70000000 70000000        0     1         __ospi1_cs0_zero_nocache$$Limit = .
70000000 70000000        0     1 __ospi1_cs0_noinit$$
70000000 70000000        0     1         __ospi1_cs0_noinit$$Base = .
70000000 70000000        0     1         __ospi1_cs0_noinit$$Limit = .
70000000 70000000        0     1 __ospi1_cs0_zero$$
70000000 70000000        0     1         __ospi1_cs0_zero$$Base = .
70000000 70000000        0     1         __ospi1_cs0_zero$$Limit = .
70000000 70000000        0     1 .ospi1_cs0.endof
70000000 70000000        0     1         __ddsc_OSPI1_CS0_END = .
       0        0        0     1 __itcm_from_flash$$
       0        0        0     1         __itcm_from_flash$$Base = .
       0        0        0     1         __itcm_from_flash$$Load = LOADADDR(__itcm_from_flash$$)
       0        0        0     1         __itcm_from_flash$$Limit = .
       0        0        0     1 __itcm_noinit$$
       0        0        0     1         __itcm_noinit$$Base = .
       0        0        0     1         __itcm_noinit$$Limit = .
       0        0        0     1 __itcm_zero$$
       0        0        0     1         __itcm_zero$$Base = .
       0        0        0     1         __itcm_zero$$Limit = .
       0        0        0     1 .itcm.endof
       0        0        0     1         __ddsc_ITCM_END = .
20000000 20000000        0     1 __dtcm_from_flash$$
20000000 20000000        0     1         __dtcm_from_flash$$Base = .
20000000 20000000        0     1         __dtcm_from_flash$$Load = LOADADDR(__dtcm_from_flash$$)
20000000 20000000        0     1         __dtcm_from_flash$$Limit = .
20000000 20000000        0     1 __dtcm_noinit$$
20000000 20000000        0     1         __dtcm_noinit$$Base = .
20000000 20000000        0     1         __dtcm_noinit$$Limit = .
20000000 20000000        0     1 __dtcm_zero$$
20000000 20000000        0     1         __dtcm_zero$$Base = .
20000000 20000000        0     1         __dtcm_zero$$Limit = .
20000000 20000000        0     1 .dtcm.endof
20000000 20000000        0     1         __ddsc_DTCM_END = .
22000000  200006c    1b042     4 __ram_from_flash$$
22000000  200006c        0     1         __ram_from_flash$$Base = .
22000000  200006c        0     1         __ram_from_flash$$Load = LOADADDR(__ram_from_flash$$)
22000000  200006c        1     1         ./src/hal_entry.o:(.data.g_uart9_tx_done)
22000000  200006c        1     1                 g_uart9_tx_done
22000004  2000070        4     4         ./ra_gen/common_data.o:(.data.g_rm_ethosu0_ext_cfg)
22000004  2000070        4     1                 g_rm_ethosu0_ext_cfg
22000008  2000074       18     4         ./ra_gen/common_data.o:(.data.g_rm_ethosu0_ctrl)
22000008  2000074       18     1                 g_rm_ethosu0_ctrl
22000020  200008c        4     4         ./ra_gen/hal_data.o:(.data.g_uart9_baud_setting)
22000020  200008c        4     1                 g_uart9_baud_setting
22000024  2000090        7     1         ./ra_gen/hal_data.o:(.data.g_ospi0_timing_settings)
22000024  2000090        7     1                 g_ospi0_timing_settings
2200002b  2000097    1b000     1         ./code/ruhmi/model_io_data.o:(.data.model_serving_default_keras_tensor_121_0)
2200002b  2000097    1b000     1                 model_serving_default_keras_tensor_121_0
2201b02c  201b098        4     4         ./code/ruhmi/sub_0000_command_stream.o:(.data.sub_0000_command_stream_size)
2201b02c  201b098        4     1                 sub_0000_command_stream_size
2201b030  201b09c        4     4         ./code/ruhmi/sub_0000_model_data.o:(.data.sub_0000_model_data_size)
2201b030  201b09c        4     1                 sub_0000_model_data_size
2201b034  201b0a0        4     4         ./code/ruhmi/sub_0002_command_stream.o:(.data.sub_0002_command_stream_size)
2201b034  201b0a0        4     1                 sub_0002_command_stream_size
2201b038  201b0a4        4     4         ./code/ruhmi/sub_0002_model_data.o:(.data.sub_0002_model_data_size)
2201b038  201b0a4        4     1                 sub_0002_model_data_size
2201b03c  201b0a8        4     4         ./code/ruhmi/sub_0004_command_stream.o:(.data.sub_0004_command_stream_size)
2201b03c  201b0a8        4     1                 sub_0004_command_stream_size
2201b040  201b0ac        2     2         ./code/lcd.o:(.data.BACK_COLOR)
2201b040  201b0ac        2     1                 BACK_COLOR
2201b042  201b0ae        0     1         __ram_from_flash$$Limit = .
2201b060 2201b060        0     1 __ram_noinit_nocache$$
2201b060 2201b060        0     1         __ram_noinit_nocache$$Base = .
2201b060 2201b060        0     1         __ram_noinit_nocache$$Limit = .
2201b060 2201b060        0     1 __ram_zero_nocache$$
2201b060 2201b060        0     1         __ram_zero_nocache$$Base = .
2201b060 2201b060        0     1         . = ALIGN(32)
2201b060 2201b060        0     1         __ram_zero_nocache$$Limit = .
2201b060 2201b060     602c     8 __ram_noinit$$
2201b060 2201b060        0     1         __ram_noinit$$Base = .
2201b060 2201b060     2000     8         ./ra/fsp/src/bsp/cmsis/Device/RENESAS/Source/startup.o:(.bss.g_heap)
2201b060 2201b060     2000     1                 g_heap
2201d060 2201d060     4000     8         ./ra/fsp/src/bsp/cmsis/Device/RENESAS/Source/startup.o:(.bss.g_main_stack)
2201d060 2201d060     4000     1                 g_main_stack
22021060 22021060       2c     4         ./ra/fsp/src/bsp/mcu/all/bsp_clocks.o:(.ram_noinit)
22021060 22021060       2c     1                 g_clock_freq
2202108c 2202108c        0     1         __ram_noinit$$Limit = .
22021090 22021090     a17c     8 __ram_zero$$
22021090 22021090        0     1         __ram_zero$$Base = .
22021090 22021090        4     4         ./src/hal_entry.o:(.bss.hal_entry.streak)
22021090 22021090        4     1                 hal_entry.streak
22021098 22021098       48     8         ./ra_gen/common_data.o:(.bss.g_ethosu0)
22021098 22021098       48     1                 g_ethosu0
220210e0 220210e0        8     4         ./ra_gen/common_data.o:(.bss.g_ioport_ctrl)
220210e0 220210e0        8     1                 g_ioport_ctrl
220210e8 220210e8       14     4         ./ra_gen/hal_data.o:(.bss.g_ospi0_ctrl)
220210e8 220210e8       14     1                 g_ospi0_ctrl
220210fc 220210fc       34     4         ./ra_gen/hal_data.o:(.bss.g_uart9_ctrl)
220210fc 220210fc       34     1                 g_uart9_ctrl
22021130 22021130       20     4         ./ra_gen/hal_data.o:(.bss.g_ceu0_ctrl)
22021130 22021130       20     1                 g_ceu0_ctrl
22021150 22021150       40     4         ./ra_gen/hal_data.o:(.bss.g_i2c_master0_ctrl)
22021150 22021150       40     1                 g_i2c_master0_ctrl
22021190 22021190        1     1         ./ra/npu/ethos-u-core-driver/src/ethosu_driver.o:(.bss.ethosu_mutex_create.mutex_placeholder)
22021190 22021190        1     1                 ethosu_mutex_create.mutex_placeholder
22021194 22021194        4     4         ./ra/npu/ethos-u-core-driver/src/ethosu_driver.o:(.bss.ethosu_mutex)
22021194 22021194        4     1                 ethosu_mutex
22021198 22021198        4     4         ./ra/npu/ethos-u-core-driver/src/ethosu_driver.o:(.bss.ethosu_semaphore)
22021198 22021198        4     1                 ethosu_semaphore
2202119c 2202119c        4     4         ./ra/npu/ethos-u-core-driver/src/ethosu_driver.o:(.bss.registered_drivers)
2202119c 2202119c        4     1                 registered_drivers
220211a0 220211a0        4     4         ./ra/fsp/src/r_ospi_b/r_ospi_b.o:(.bss.g_ospi_b_channels_open_flags)
220211a0 220211a0        4     1                 g_ospi_b_channels_open_flags
220211a4 220211a4       54     4         ./ra/fsp/src/bsp/mcu/all/bsp_group_irq.o:(.bss.g_bsp_group_irq_sources)
220211a4 220211a4       54     1                 g_bsp_group_irq_sources
220211f8 220211f8        4     4         ./ra/fsp/src/bsp/mcu/all/bsp_io.o:(.bss.g_protect_pfswe_counter)
220211f8 220211f8        4     1                 g_protect_pfswe_counter
220211fc 220211fc       2c     4         ./ra/fsp/src/bsp/mcu/all/bsp_irq.o:(.bss.gp_renesas_isr_context)
220211fc 220211fc       2c     1                 gp_renesas_isr_context
22021228 22021228        a     2         ./ra/fsp/src/bsp/mcu/all/bsp_register_protection.o:(.bss.g_protect_counters)
22021228 22021228        a     1                 g_protect_counters
22021234 22021234        4     4         ./ra/fsp/src/bsp/mcu/all/bsp_sbrk.o:(.bss.sbrk.current_block_offset)
22021234 22021234        4     1                 sbrk.current_block_offset
22021238 22021238        4     4         ./ra/fsp/src/bsp/cmsis/Device/RENESAS/Source/system.o:(.bss.SystemCoreClock)
22021238 22021238        4     1                 SystemCoreClock
2202123c 2202123c        9     1         ./code/ruhmi/model.o:(.bss.compute_arena_sub_0001)
2202123c 2202123c        9     1                 compute_arena_sub_0001
22021248 22021248      360     4         ./code/ruhmi/model.o:(.bss.buf_functional_15_1_tf_detect_1_strided_slice_11_70373)
22021248 22021248      360     1                 buf_functional_15_1_tf_detect_1_strided_slice_11_70373
220215a8 220215a8      360     4         ./code/ruhmi/model.o:(.bss.buf_functional_15_1_tf_detect_1_strided_slice_13_70379)
220215a8 220215a8      360     1                 buf_functional_15_1_tf_detect_1_strided_slice_13_70379
22021908 22021908      360     4         ./code/ruhmi/model.o:(.bss.buf_functional_15_1_tf_detect_1_strided_slice_14_70384)
22021908 22021908      360     1                 buf_functional_15_1_tf_detect_1_strided_slice_14_70384
22021c68 22021c68       d8     4         ./code/ruhmi/model.o:(.bss.buf_functional_15_1_tf_detect_1_strided_slice_19_70355)
22021c68 22021c68       d8     1                 buf_functional_15_1_tf_detect_1_strided_slice_19_70355
22021d40 22021d40       d8     4         ./code/ruhmi/model.o:(.bss.buf_functional_15_1_tf_detect_1_strided_slice_21_70361)
22021d40 22021d40       d8     1                 buf_functional_15_1_tf_detect_1_strided_slice_21_70361
22021e18 22021e18       d8     4         ./code/ruhmi/model.o:(.bss.buf_functional_15_1_tf_detect_1_strided_slice_22_70366)
22021e18 22021e18       d8     1                 buf_functional_15_1_tf_detect_1_strided_slice_22_70366
22021ef0 22021ef0      d80     4         ./code/ruhmi/model.o:(.bss.buf_functional_15_1_tf_detect_1_strided_slice_3_70391)
22021ef0 22021ef0      d80     1                 buf_functional_15_1_tf_detect_1_strided_slice_3_70391
22022c70 22022c70      d80     4         ./code/ruhmi/model.o:(.bss.buf_functional_15_1_tf_detect_1_strided_slice_5_70397)
22022c70 22022c70      d80     1                 buf_functional_15_1_tf_detect_1_strided_slice_5_70397
220239f0 220239f0      d80     4         ./code/ruhmi/model.o:(.bss.buf_functional_15_1_tf_detect_1_strided_slice_6_70402)
220239f0 220239f0      d80     1                 buf_functional_15_1_tf_detect_1_strided_slice_6_70402
22024770 22024770     3535     1         ./code/ruhmi/model.o:(.bss.compute_arena_sub_0003)
22024770 22024770     3535     1                 compute_arena_sub_0003
22027ca8 22027ca8     2880     4         ./code/ruhmi/model.o:(.bss.buf_functional_15_1_tf_detect_1_Reshape_1_70406)
22027ca8 22027ca8     2880     1                 buf_functional_15_1_tf_detect_1_Reshape_1_70406
2202a528 2202a528      a20     4         ./code/ruhmi/model.o:(.bss.buf_functional_15_1_tf_detect_1_Reshape_3_70388)
2202a528 2202a528      a20     1                 buf_functional_15_1_tf_detect_1_Reshape_3_70388
2202af48 2202af48      288     4         ./code/ruhmi/model.o:(.bss.buf_functional_15_1_tf_detect_1_Reshape_5_70370)
2202af48 2202af48      288     1                 buf_functional_15_1_tf_detect_1_Reshape_5_70370
2202b1d0 2202b1d0        4     4         ./code/ruhmi/sub_0004_model_data.o:(.bss.sub_0004_model_data_size)
2202b1d0 2202b1d0        4     1                 sub_0004_model_data_size
2202b1d4 2202b1d4        e     2         ./code/lcd.o:(.bss.lcddev)
2202b1d4 2202b1d4        e     1                 lcddev
2202b1e2 2202b1e2        1     1         ./code/ov5640.o:(.bss.g_capture_complete)
2202b1e2 2202b1e2        1     1                 g_capture_complete
2202b1e3 2202b1e3        1     1         ./code/ov5640.o:(.bss.g_i2c_tx_complete)
2202b1e3 2202b1e3        1     1                 g_i2c_tx_complete
2202b1e4 2202b1e4        1     1         ./code/ov5640.o:(.bss.g_i2c_rx_complete)
2202b1e4 2202b1e4        1     1                 g_i2c_rx_complete
2202b1e5 2202b1e5        1     1         ./code/ov5640.o:(.bss.g_i2c_error)
2202b1e5 2202b1e5        1     1                 g_i2c_error
2202b1e6 2202b1e6        1     1         ./code/ov5640.o:(.bss.g_ceu_frame_done)
2202b1e6 2202b1e6        1     1                 g_ceu_frame_done
2202b1e8 2202b1e8       10     4         ./code/ov5640.o:(.bss.g_frame)
2202b1e8 2202b1e8       10     1                 g_frame
2202b1f8 2202b1f8        4     4         C:\\Renesas\\RA\\e2studio_v2025-12_fsp_v6.4.0\\toolchains\\llvm_arm\\ATfE-21.1.1-Windows-x86_64\\bin\\..\\lib\\clang-runtimes/arm-none-eabi/armv8.1m.main_hard_fpdp_nomve_exn_rtti_unaligned_size\\lib\libc.a(nano-malloc.c.o):(.bss.__malloc_free_list)
2202b1f8 2202b1f8        4     1                 __malloc_free_list
2202b1fc 2202b1fc        8     4         C:\\Renesas\\RA\\e2studio_v2025-12_fsp_v6.4.0\\toolchains\\llvm_arm\\ATfE-21.1.1-Windows-x86_64\\bin\\..\\lib\\clang-runtimes/arm-none-eabi/armv8.1m.main_hard_fpdp_nomve_exn_rtti_unaligned_size\\lib\libc.a(nano-malloc.c.o):(.bss..L_MergedGlobals)
2202b1fc 2202b1fc        4     1                 __malloc_sbrk_top
2202b200 2202b200        4     1                 __malloc_sbrk_start
2202b204 2202b204        1     1         C:\\Renesas\\RA\\e2studio_v2025-12_fsp_v6.4.0\\toolchains\\llvm_arm\\ATfE-21.1.1-Windows-x86_64\\bin\\..\\lib\\clang-runtimes/arm-none-eabi/armv8.1m.main_hard_fpdp_nomve_exn_rtti_unaligned_size\\lib\libc.a(libc_misc_lock.c.o):(.bss.__lock___libc_recursive_mutex)
2202b204 2202b204        1     1                 __lock___libc_recursive_mutex
2202b208 2202b208        4     4         C:\\Renesas\\RA\\e2studio_v2025-12_fsp_v6.4.0\\toolchains\\llvm_arm\\ATfE-21.1.1-Windows-x86_64\\bin\\..\\lib\\clang-runtimes/arm-none-eabi/armv8.1m.main_hard_fpdp_nomve_exn_rtti_unaligned_size\\lib\libc.a(libc_picolib_machine_arm_tls.c.o):(.bss.__tls)
2202b208 2202b208        4     1                 __tls
2202b20c 2202b20c        0     1         __ram_zero$$Limit = .
2202b20c 2202b20c        0     1 __ram_tdata$$
2202b20c 2202b20c        0     1         __ram_tdata$$Base = .
2202b20c 2202b20c        0     1         __ram_tdata$$Load = LOADADDR(__ram_tdata$$)
2202b20c 2202b20c        0     1         __ram_tdata$$Limit = .
2202b20c 2202b20c        4     4 __ram_tbss$$
2202b20c 2202b20c        0     1         __ram_tbss$$Base = .
2202b20c 2202b20c        4     4         C:\\Renesas\\RA\\e2studio_v2025-12_fsp_v6.4.0\\toolchains\\llvm_arm\\ATfE-21.1.1-Windows-x86_64\\bin\\..\\lib\\clang-runtimes/arm-none-eabi/armv8.1m.main_hard_fpdp_nomve_exn_rtti_unaligned_size\\lib\libc.a(libc_errno_errno.c.o):(.tbss.errno)
       0        0        4     1                 errno
2202b210 2202b210        0     1         __ram_tbss$$Limit = .
2202b210 2202b210        0     1 __ram_thread_stack$$
2202b210 2202b210        0     1         __ram_thread_stack$$Base = .
2202b210 2202b210        0     1         __ram_thread_stack$$Limit = .
2202b400 2202b400        0     1 .ram.endof
2202b400 2202b400        0     1         __ddsc_RAM_END = .
2202b400 2202b400        0     1 .ram.flat_nsc
2202b400 2202b400        0     1         __ddsc_RAM_NSC = .
 201b0b0  201b0b0     9d2e    16 __flash_readonly$$
 201b0b0  201b0b0        0     1         __flash_readonly$$Base = .
 201b0b0  201b0b0       16     2         ./src/hal_entry.o:(.text.user_uart9_callback)
 201b0b0  201b0b0        0     1                 $t
 201b0b1  201b0b1       16     1                 user_uart9_callback
 201b0c8  201b0c8      79c     8         ./src/hal_entry.o:(.text.hal_entry)
 201b0c8  201b0c8        0     1                 $t
 201b0c9  201b0c9      79c     1                 hal_entry
 201b868  201b868       30     8         ./src/hal_entry.o:(.text.uart_str)
 201b868  201b868        0     1                 $t
 201b869  201b869       30     1                 uart_str
 201b898  201b898       86     8         ./src/hal_entry.o:(.text.preprocess)
 201b898  201b898        0     1                 $t
 201b899  201b899       86     1                 preprocess
 201b91e  201b91e       26     2         ./src/hal_warmstart.o:(.text.R_BSP_WarmStart)
 201b91e  201b91e        0     1                 $t
 201b91f  201b91f       26     1                 R_BSP_WarmStart
 201b944  201b944        a     2         ./ra_gen/main.o:(.text.main)
 201b944  201b944        0     1                 $t
 201b945  201b945        a     1                 main
 201b94e  201b94e        2     2         ./ra/npu/ethos-u-core-driver/src/ethosu_device_u55_u65.o:(.text.ethosu_address_remap)
 201b94e  201b94e        0     1                 $t
 201b94f  201b94f        2     1                 ethosu_address_remap
 201b950  201b950       22     2         ./ra/npu/ethos-u-core-driver/src/ethosu_device_u55_u65.o:(.text.ethosu_dev_init)
 201b950  201b950        0     1                 $t
 201b951  201b951       22     1                 ethosu_dev_init
 201b978  201b978       88     8         ./ra/npu/ethos-u-core-driver/src/ethosu_device_u55_u65.o:(.text.ethosu_dev_soft_reset)
 201b978  201b978        0     1                 $t
 201b979  201b979       88     1                 ethosu_dev_soft_reset
 201ba00  201ba00       bc     8         ./ra/npu/ethos-u-core-driver/src/ethosu_device_u55_u65.o:(.text.ethosu_dev_run_command_stream)
 201ba00  201ba00        0     1                 $t
 201ba01  201ba01       bc     1                 ethosu_dev_run_command_stream
 201babc  201babc        2     2         ./ra/npu/ethos-u-core-driver/src/ethosu_device_u55_u65.o:(.text.ethosu_dev_print_err_status)
 201babc  201babc        0     1                 $t
 201babd  201babd        2     1                 ethosu_dev_print_err_status
 201babe  201babe       36     2         ./ra/npu/ethos-u-core-driver/src/ethosu_device_u55_u65.o:(.text.ethosu_dev_handle_interrupt)
 201babe  201babe        0     1                 $t
 201babf  201babf       36     1                 ethosu_dev_handle_interrupt
 201baf4  201baf4       32     2         ./ra/npu/ethos-u-core-driver/src/ethosu_device_u55_u65.o:(.text.ethosu_dev_set_clock_and_power)
 201baf4  201baf4        0     1                 $t
 201baf5  201baf5       32     1                 ethosu_dev_set_clock_and_power
 201bb26  201bb26       52     2         ./ra/npu/ethos-u-core-driver/src/ethosu_device_u55_u65.o:(.text.ethosu_dev_verify_optimizer_config)
 201bb26  201bb26        0     1                 $t
 201bb27  201bb27       52     1                 ethosu_dev_verify_optimizer_config
 201bb78  201bb78        a     2         ./ra/npu/ethos-u-core-driver/src/ethosu_driver.o:(.text.ethosu_mutex_create)
 201bb78  201bb78        0     1                 $t
 201bb79  201bb79        a     1                 ethosu_mutex_create
 201bb82  201bb82        4     2         ./ra/npu/ethos-u-core-driver/src/ethosu_driver.o:(.text.ethosu_mutex_lock)
 201bb82  201bb82        0     1                 $t
 201bb83  201bb83        4     1                 ethosu_mutex_lock
 201bb86  201bb86        4     2         ./ra/npu/ethos-u-core-driver/src/ethosu_driver.o:(.text.ethosu_mutex_unlock)
 201bb86  201bb86        0     1                 $t
 201bb87  201bb87        4     1                 ethosu_mutex_unlock
 201bb8a  201bb8a       10     2         ./ra/npu/ethos-u-core-driver/src/ethosu_driver.o:(.text.ethosu_semaphore_create)
 201bb8a  201bb8a        0     1                 $t
 201bb8b  201bb8b       10     1                 ethosu_semaphore_create
 201bba0  201bba0       18     8         ./ra/npu/ethos-u-core-driver/src/ethosu_driver.o:(.text.ethosu_semaphore_take)
 201bba0  201bba0        0     1                 $t
 201bba1  201bba1       18     1                 ethosu_semaphore_take
 201bbb8  201bbb8        c     2         ./ra/npu/ethos-u-core-driver/src/ethosu_driver.o:(.text.ethosu_semaphore_give)
 201bbb8  201bbb8        0     1                 $t
 201bbb9  201bbb9        c     1                 ethosu_semaphore_give
 201bbc4  201bbc4        2     2         ./ra/npu/ethos-u-core-driver/src/ethosu_driver.o:(.text.ethosu_inference_begin)
 201bbc4  201bbc4        0     1                 $t
 201bbc5  201bbc5        2     1                 ethosu_inference_begin
 201bbc6  201bbc6        2     2         ./ra/npu/ethos-u-core-driver/src/ethosu_driver.o:(.text.ethosu_inference_end)
 201bbc6  201bbc6        0     1                 $t
 201bbc7  201bbc7        2     1                 ethosu_inference_end
 201bbc8  201bbc8       28     2         ./ra/npu/ethos-u-core-driver/src/ethosu_driver.o:(.text.ethosu_irq_handler)
 201bbc8  201bbc8        0     1                 $t
 201bbc9  201bbc9       28     1                 ethosu_irq_handler
 201bbf0  201bbf0       a6     2         ./ra/npu/ethos-u-core-driver/src/ethosu_driver.o:(.text.ethosu_init)
 201bbf0  201bbf0        0     1                 $t
 201bbf1  201bbf1       a6     1                 ethosu_init
 201bc96  201bc96       24     2         ./ra/npu/ethos-u-core-driver/src/ethosu_driver.o:(.text.ethosu_soft_reset)
 201bc96  201bc96        0     1                 $t
 201bc97  201bc97       24     1                 ethosu_soft_reset
 201bcba  201bcba       2a     2         ./ra/npu/ethos-u-core-driver/src/ethosu_driver.o:(.text.ethosu_request_power)
 201bcba  201bcba        0     1                 $t
 201bcbb  201bcbb       2a     1                 ethosu_request_power
 201bce8  201bce8       c8     8         ./ra/npu/ethos-u-core-driver/src/ethosu_driver.o:(.text.ethosu_wait)
 201bce8  201bce8        0     1                 $t
 201bce9  201bce9       c8     1                 ethosu_wait
 201bdb0  201bdb0      1a2     8         ./ra/npu/ethos-u-core-driver/src/ethosu_driver.o:(.text.ethosu_invoke_async)
 201bdb0  201bdb0        0     1                 $t
 201bdb1  201bdb1      1a2     1                 ethosu_invoke_async
 201bf52  201bf52       2e     2         ./ra/npu/ethos-u-core-driver/src/ethosu_driver.o:(.text.ethosu_invoke_v3)
 201bf52  201bf52        0     1                 $t
 201bf53  201bf53       2e     1                 ethosu_invoke_v3
 201bf80  201bf80       12     2         ./ra/npu/ethos-u-core-driver/src/ethosu_pmu.o:(.text.ETHOSU_PMU_Enable)
 201bf80  201bf80        0     1                 $t
 201bf81  201bf81       12     1                 ETHOSU_PMU_Enable
 201bf92  201bf92       d8     2         ./ra/fsp/src/rm_ethosu/rm_ethosu.o:(.text.RM_ETHOSU_Open)
 201bf92  201bf92        0     1                 $t
 201bf93  201bf93       d8     1                 RM_ETHOSU_Open
 201c06a  201c06a       62     2         ./ra/fsp/src/rm_ethosu/rm_ethosu.o:(.text.rm_ethosu_isr)
 201c06a  201c06a        0     1                 $t
 201c06b  201c06b       62     1                 rm_ethosu_isr
 201c0cc  201c0cc        2     2         ./ra/fsp/src/rm_ethosu/rm_ethosu.o:(.text.ethosu_flush_dcache)
 201c0cc  201c0cc        0     1                 $t
 201c0cd  201c0cd        2     1                 ethosu_flush_dcache
 201c0ce  201c0ce        2     2         ./ra/fsp/src/rm_ethosu/rm_ethosu.o:(.text.ethosu_invalidate_dcache)
 201c0ce  201c0ce        0     1                 $t
 201c0cf  201c0cf        2     1                 ethosu_invalidate_dcache
 201c0d0  201c0d0      266     8         ./ra/fsp/src/r_sci_b_uart/r_sci_b_uart.o:(.text.R_SCI_B_UART_Open)
 201c0d0  201c0d0        0     1                 $t
 201c0d1  201c0d1      266     1                 R_SCI_B_UART_Open
 201c336  201c336        a     2         ./ra/fsp/src/r_sci_b_uart/r_sci_b_uart.o:(.text.R_SCI_B_UART_Read)
 201c336  201c336        0     1                 $t
 201c337  201c337        a     1                 R_SCI_B_UART_Read
 201c340  201c340       4c     8         ./ra/fsp/src/r_sci_b_uart/r_sci_b_uart.o:(.text.R_SCI_B_UART_Write)
 201c340  201c340        0     1                 $t
 201c341  201c341       4c     1                 R_SCI_B_UART_Write
 201c38c  201c38c       32     2         ./ra/fsp/src/r_sci_b_uart/r_sci_b_uart.o:(.text.R_SCI_B_UART_BaudSet)
 201c38c  201c38c        0     1                 $t
 201c38d  201c38d       32     1                 R_SCI_B_UART_BaudSet
 201c3be  201c3be        c     2         ./ra/fsp/src/r_sci_b_uart/r_sci_b_uart.o:(.text.R_SCI_B_UART_InfoGet)
 201c3be  201c3be        0     1                 $t
 201c3bf  201c3bf        c     1                 R_SCI_B_UART_InfoGet
 201c3d0  201c3d0       3e     8         ./ra/fsp/src/r_sci_b_uart/r_sci_b_uart.o:(.text.R_SCI_B_UART_Abort)
 201c3d0  201c3d0        0     1                 $t
 201c3d1  201c3d1       3e     1                 R_SCI_B_UART_Abort
 201c40e  201c40e        c     2         ./ra/fsp/src/r_sci_b_uart/r_sci_b_uart.o:(.text.R_SCI_B_UART_CallbackSet)
 201c40e  201c40e        0     1                 $t
 201c40f  201c40f        c     1                 R_SCI_B_UART_CallbackSet
 201c420  201c420       ec     8         ./ra/fsp/src/r_sci_b_uart/r_sci_b_uart.o:(.text.R_SCI_B_UART_Close)
 201c420  201c420        0     1                 $t
 201c421  201c421       ec     1                 R_SCI_B_UART_Close
 201c50c  201c50c        e     2         ./ra/fsp/src/r_sci_b_uart/r_sci_b_uart.o:(.text.R_SCI_B_UART_ReadStop)
 201c50c  201c50c        0     1                 $t
 201c50d  201c50d        e     1                 R_SCI_B_UART_ReadStop
 201c51a  201c51a        4     2         ./ra/fsp/src/r_sci_b_uart/r_sci_b_uart.o:(.text.R_SCI_B_UART_ReceiveSuspend)
 201c51a  201c51a        0     1                 $t
 201c51b  201c51b        4     1                 R_SCI_B_UART_ReceiveSuspend
 201c51e  201c51e        4     2         ./ra/fsp/src/r_sci_b_uart/r_sci_b_uart.o:(.text.R_SCI_B_UART_ReceiveResume)
 201c51e  201c51e        0     1                 $t
 201c51f  201c51f        4     1                 R_SCI_B_UART_ReceiveResume
 201c522  201c522       68     2         ./ra/fsp/src/r_sci_b_uart/r_sci_b_uart.o:(.text.r_sci_b_uart_synchronization_delay_cfg)
 201c522  201c522        0     1                 $t
 201c523  201c523       68     1                 r_sci_b_uart_synchronization_delay_cfg
 201c58a  201c58a       9c     2         ./ra/fsp/src/r_sci_b_uart/r_sci_b_uart.o:(.text.sci_b_uart_txi_isr)
 201c58a  201c58a        0     1                 $t
 201c58b  201c58b       9c     1                 sci_b_uart_txi_isr
 201c626  201c626       4a     2         ./ra/fsp/src/r_sci_b_uart/r_sci_b_uart.o:(.text.r_sci_b_uart_call_callback)
 201c626  201c626        0     1                 $t
 201c627  201c627       4a     1                 r_sci_b_uart_call_callback
 201c670  201c670       86     2         ./ra/fsp/src/r_sci_b_uart/r_sci_b_uart.o:(.text.sci_b_uart_rxi_isr)
 201c670  201c670        0     1                 $t
 201c671  201c671       86     1                 sci_b_uart_rxi_isr
 201c6f6  201c6f6       52     2         ./ra/fsp/src/r_sci_b_uart/r_sci_b_uart.o:(.text.sci_b_uart_tei_isr)
 201c6f6  201c6f6        0     1                 $t
 201c6f7  201c6f7       52     1                 sci_b_uart_tei_isr
 201c748  201c748       86     2         ./ra/fsp/src/r_sci_b_uart/r_sci_b_uart.o:(.text.sci_b_uart_eri_isr)
 201c748  201c748        0     1                 $t
 201c749  201c749       86     1                 sci_b_uart_eri_isr
 201c7ce  201c7ce       6a     2         ./ra/fsp/src/r_sci_b_uart/r_sci_b_uart.o:(.text.r_sci_b_irq_cfg)
 201c7ce  201c7ce        0     1                 $t
 201c7cf  201c7cf       6a     1                 r_sci_b_irq_cfg
 201c838  201c838      1d8     8         ./ra/fsp/src/r_ospi_b/r_ospi_b.o:(.text.R_OSPI_B_Open)
 201c838  201c838        0     1                 $t
 201c839  201c839      1d8     1                 R_OSPI_B_Open
 201c9f0  201c9f0        0     1                 $d
 201ca10  201ca10        4     2         ./ra/fsp/src/r_ospi_b/r_ospi_b.o:(.text.R_OSPI_B_DirectWrite)
 201ca10  201ca10        0     1                 $t
 201ca11  201ca11        4     1                 R_OSPI_B_DirectWrite
 201ca14  201ca14        4     2         ./ra/fsp/src/r_ospi_b/r_ospi_b.o:(.text.R_OSPI_B_DirectRead)
 201ca14  201ca14        0     1                 $t
 201ca15  201ca15        4     1                 R_OSPI_B_DirectRead
 201ca18  201ca18        a     2         ./ra/fsp/src/r_ospi_b/r_ospi_b.o:(.text.R_OSPI_B_DirectTransfer)
 201ca18  201ca18        0     1                 $t
 201ca19  201ca19        a     1                 R_OSPI_B_DirectTransfer
 201ca22  201ca22       14     2         ./ra/fsp/src/r_ospi_b/r_ospi_b.o:(.text.R_OSPI_B_SpiProtocolSet)
 201ca22  201ca22        0     1                 $t
 201ca23  201ca23       14     1                 R_OSPI_B_SpiProtocolSet
 201ca38  201ca38       60     8         ./ra/fsp/src/r_ospi_b/r_ospi_b.o:(.text.R_OSPI_B_Write)
 201ca38  201ca38        0     1                 $t
 201ca39  201ca39       60     1                 R_OSPI_B_Write
 201ca98  201ca98       ce     8         ./ra/fsp/src/r_ospi_b/r_ospi_b.o:(.text.R_OSPI_B_Erase)
 201ca98  201ca98        0     1                 $t
 201ca99  201ca99       ce     1                 R_OSPI_B_Erase
 201cb66  201cb66       16     2         ./ra/fsp/src/r_ospi_b/r_ospi_b.o:(.text.R_OSPI_B_StatusGet)
 201cb66  201cb66        0     1                 $t
 201cb67  201cb67       16     1                 R_OSPI_B_StatusGet
 201cb7c  201cb7c        c     2         ./ra/fsp/src/r_ospi_b/r_ospi_b.o:(.text.R_OSPI_B_XipEnter)
 201cb7c  201cb7c        0     1                 $t
 201cb7d  201cb7d        c     1                 R_OSPI_B_XipEnter
 201cb88  201cb88        c     2         ./ra/fsp/src/r_ospi_b/r_ospi_b.o:(.text.R_OSPI_B_XipExit)
 201cb88  201cb88        0     1                 $t
 201cb89  201cb89        c     1                 R_OSPI_B_XipExit
 201cb94  201cb94        4     2         ./ra/fsp/src/r_ospi_b/r_ospi_b.o:(.text.R_OSPI_B_BankSet)
 201cb94  201cb94        0     1                 $t
 201cb95  201cb95        4     1                 R_OSPI_B_BankSet
 201cb98  201cb98        4     2         ./ra/fsp/src/r_ospi_b/r_ospi_b.o:(.text.R_OSPI_B_AutoCalibrate)
 201cb98  201cb98        0     1                 $t
 201cb99  201cb99        4     1                 R_OSPI_B_AutoCalibrate
 201cb9c  201cb9c       6c     2         ./ra/fsp/src/r_ospi_b/r_ospi_b.o:(.text.R_OSPI_B_Close)
 201cb9c  201cb9c        0     1                 $t
 201cb9d  201cb9d       6c     1                 R_OSPI_B_Close
 201cc08  201cc08       ac     8         ./ra/fsp/src/r_ospi_b/r_ospi_b.o:(.text.r_ospi_b_protocol_specific_settings)
 201cc08  201cc08        0     1                 $t
 201cc09  201cc09       ac     1                 r_ospi_b_protocol_specific_settings
 201ccb8  201ccb8       c6     8         ./ra/fsp/src/r_ospi_b/r_ospi_b.o:(.text.r_ospi_b_direct_transfer)
 201ccb8  201ccb8        0     1                 $t
 201ccb9  201ccb9       c6     1                 r_ospi_b_direct_transfer
 201cd80  201cd80       f6     8         ./ra/fsp/src/r_ospi_b/r_ospi_b.o:(.text.r_ospi_b_xip)
 201cd80  201cd80        0     1                 $t
 201cd81  201cd81       f6     1                 r_ospi_b_xip
 201ce76  201ce76       9a     2         ./ra/fsp/src/r_ospi_b/r_ospi_b.o:(.text.r_ospi_b_status_sub)
 201ce76  201ce76        0     1                 $t
 201ce77  201ce77       9a     1                 r_ospi_b_status_sub
 201cf10  201cf10       4a     8         ./ra/fsp/src/r_ospi_b/r_ospi_b.o:(.text.r_ospi_b_write_enable)
 201cf10  201cf10        0     1                 $t
 201cf11  201cf11       4a     1                 r_ospi_b_write_enable
 201cf5a  201cf5a       16     2         ./ra/fsp/src/r_ioport/r_ioport.o:(.text.R_IOPORT_Open)
 201cf5a  201cf5a        0     1                 $t
 201cf5b  201cf5b       16     1                 R_IOPORT_Open
 201cf70  201cf70       32     2         ./ra/fsp/src/r_ioport/r_ioport.o:(.text.R_IOPORT_PinWrite)
 201cf70  201cf70        0     1                 $t
 201cf71  201cf71       32     1                 R_IOPORT_PinWrite
 201cfa8  201cfa8       c4     8         ./ra/fsp/src/r_ioport/r_ioport.o:(.text.r_ioport_pins_config)
 201cfa8  201cfa8        0     1                 $t
 201cfa9  201cfa9       c4     1                 r_ioport_pins_config
 201d070  201d070       e0     8         ./ra/fsp/src/r_ioport/r_ioport.o:(.text.bsp_vbatt_init)
 201d070  201d070        0     1                 $t
 201d071  201d071       e0     1                 bsp_vbatt_init
 201d150  201d150       8a     2         ./ra/fsp/src/r_iic_master/r_iic_master.o:(.text.R_IIC_MASTER_Open)
 201d150  201d150        0     1                 $t
 201d151  201d151       8a     1                 R_IIC_MASTER_Open
 201d1da  201d1da        c     2         ./ra/fsp/src/r_iic_master/r_iic_master.o:(.text.R_IIC_MASTER_Read)
 201d1da  201d1da        0     1                 $t
 201d1db  201d1db        c     1                 R_IIC_MASTER_Read
 201d1e6  201d1e6        c     2         ./ra/fsp/src/r_iic_master/r_iic_master.o:(.text.R_IIC_MASTER_Write)
 201d1e6  201d1e6        0     1                 $t
 201d1e7  201d1e7        c     1                 R_IIC_MASTER_Write
 201d1f2  201d1f2       32     2         ./ra/fsp/src/r_iic_master/r_iic_master.o:(.text.R_IIC_MASTER_Abort)
 201d1f2  201d1f2        0     1                 $t
 201d1f3  201d1f3       32     1                 R_IIC_MASTER_Abort
 201d224  201d224        a     2         ./ra/fsp/src/r_iic_master/r_iic_master.o:(.text.R_IIC_MASTER_SlaveAddressSet)
 201d224  201d224        0     1                 $t
 201d225  201d225        a     1                 R_IIC_MASTER_SlaveAddressSet
 201d22e  201d22e        c     2         ./ra/fsp/src/r_iic_master/r_iic_master.o:(.text.R_IIC_MASTER_CallbackSet)
 201d22e  201d22e        0     1                 $t
 201d22f  201d22f        c     1                 R_IIC_MASTER_CallbackSet
 201d23a  201d23a       16     2         ./ra/fsp/src/r_iic_master/r_iic_master.o:(.text.R_IIC_MASTER_StatusGet)
 201d23a  201d23a        0     1                 $t
 201d23b  201d23b       16     1                 R_IIC_MASTER_StatusGet
 201d250  201d250       e0     2         ./ra/fsp/src/r_iic_master/r_iic_master.o:(.text.R_IIC_MASTER_Close)
 201d250  201d250        0     1                 $t
 201d251  201d251       e0     1                 R_IIC_MASTER_Close
 201d330  201d330      1ee     8         ./ra/fsp/src/r_iic_master/r_iic_master.o:(.text.iic_master_open_hw_master)
 201d330  201d330        0     1                 $t
 201d331  201d331      1ee     1                 iic_master_open_hw_master
 201d520  201d520      152     8         ./ra/fsp/src/r_iic_master/r_iic_master.o:(.text.iic_master_read_write)
 201d520  201d520        0     1                 $t
 201d521  201d521      152     1                 iic_master_read_write
 201d672  201d672      18c     2         ./ra/fsp/src/r_iic_master/r_iic_master.o:(.text.iic_master_rxi_isr)
 201d672  201d672        0     1                 $t
 201d673  201d673      18c     1                 iic_master_rxi_isr
 201d800  201d800      11e     8         ./ra/fsp/src/r_iic_master/r_iic_master.o:(.text.iic_master_txi_isr)
 201d800  201d800        0     1                 $t
 201d801  201d801      11e     1                 iic_master_txi_isr
 201d920  201d920       e8     8         ./ra/fsp/src/r_iic_master/r_iic_master.o:(.text.iic_master_tei_isr)
 201d920  201d920        0     1                 $t
 201d921  201d921       e8     1                 iic_master_tei_isr
 201da08  201da08      138     2         ./ra/fsp/src/r_iic_master/r_iic_master.o:(.text.iic_master_eri_isr)
 201da08  201da08        0     1                 $t
 201da09  201da09      138     1                 iic_master_eri_isr
 201db40  201db40       36     2         ./ra/fsp/src/r_iic_master/r_iic_master.o:(.text.iic_master_notify)
 201db40  201db40        0     1                 $t
 201db41  201db41       36     1                 iic_master_notify
 201db76  201db76      1c8     2         ./ra/fsp/src/r_gpt/r_gpt.o:(.text.gpt_counter_overflow_isr)
 201db76  201db76        0     1                 $t
 201db77  201db77      1c8     1                 gpt_counter_overflow_isr
 201dd40  201dd40      20a     8         ./ra/fsp/src/r_ceu/r_ceu.o:(.text.R_CEU_Open)
 201dd40  201dd40        0     1                 $t
 201dd41  201dd41      20a     1                 R_CEU_Open
 201df4a  201df4a       80     2         ./ra/fsp/src/r_ceu/r_ceu.o:(.text.R_CEU_Close)
 201df4a  201df4a        0     1                 $t
 201df4b  201df4b       80     1                 R_CEU_Close
 201dfca  201dfca       5e     2         ./ra/fsp/src/r_ceu/r_ceu.o:(.text.R_CEU_CaptureStart)
 201dfca  201dfca        0     1                 $t
 201dfcb  201dfcb       5e     1                 R_CEU_CaptureStart
 201e028  201e028        c     2         ./ra/fsp/src/r_ceu/r_ceu.o:(.text.R_CEU_CallbackSet)
 201e028  201e028        0     1                 $t
 201e029  201e029        c     1                 R_CEU_CallbackSet
 201e034  201e034       32     2         ./ra/fsp/src/r_ceu/r_ceu.o:(.text.R_CEU_StatusGet)
 201e034  201e034        0     1                 $t
 201e035  201e035       32     1                 R_CEU_StatusGet
 201e066  201e066       8a     2         ./ra/fsp/src/r_ceu/r_ceu.o:(.text.ceu_isr)
 201e066  201e066        0     1                 $t
 201e067  201e067       8a     1                 ceu_isr
 201e0f0  201e0f0       aa     4         ./ra/fsp/src/bsp/mcu/all/bsp_clocks.o:(.text.SystemCoreClockUpdate)
 201e0f0  201e0f0        0     1                 $t
 201e0f1  201e0f1       aa     1                 SystemCoreClockUpdate
 201e10c  201e10c        0     1                 $d
 201e110  201e110        0     1                 $t
 201e1a0  201e1a0      298     8         ./ra/fsp/src/bsp/mcu/all/bsp_clocks.o:(.text.bsp_clock_init)
 201e1a0  201e1a0        0     1                 $t
 201e1a1  201e1a1      298     1                 bsp_clock_init
 201e418  201e418        0     1                 $d
 201e438  201e438      162     8         ./ra/fsp/src/bsp/mcu/all/bsp_clocks.o:(.text.R_BSP_OctaclkUpdate)
 201e438  201e438        0     1                 $t
 201e439  201e439      162     1                 R_BSP_OctaclkUpdate
 201e59a  201e59a        2     2         ./ra/fsp/src/bsp/mcu/all/bsp_clocks.o:(.text.R_BSP_SubClockStabilizeWaitAfterReset)
 201e59a  201e59a        0     1                 $t
 201e59b  201e59b        2     1                 R_BSP_SubClockStabilizeWaitAfterReset
 201e59c  201e59c        e     2         ./ra/fsp/src/bsp/mcu/all/bsp_clocks.o:(.text.R_BSP_SourceClockHzGet)
 201e59c  201e59c        0     1                 $t
 201e59d  201e59d        e     1                 R_BSP_SourceClockHzGet
 201e5b0  201e5b0       8a     8         ./ra/fsp/src/bsp/mcu/all/bsp_clocks.o:(.text.R_BSP_Init_RTC)
 201e5b0  201e5b0        0     1                 $t
 201e5b1  201e5b1       8a     1                 R_BSP_Init_RTC
 201e63a  201e63a        2     2         ./ra/fsp/src/bsp/mcu/all/bsp_common.o:(.text.bsp_init_internal)
 201e63a  201e63a        0     1                 $t
 201e63b  201e63b        2     1                 bsp_init_internal
 201e63b  201e63b        2     1                 bsp_init
 201e640  201e640        a     8         ./ra/fsp/src/bsp/mcu/all/bsp_common.o:(.text.__assert_func)
 201e640  201e640        0     1                 $t
 201e641  201e641        a     1                 __assert_func
 201e64a  201e64a       7a     2         ./ra/fsp/src/bsp/mcu/all/bsp_delay.o:(.text.R_BSP_SoftwareDelay)
 201e64a  201e64a        0     1                 $t
 201e64b  201e64b       7a     1                 R_BSP_SoftwareDelay
 201e6c8  201e6c8        8     8         ./ra/fsp/src/bsp/mcu/all/bsp_delay.o:(.text.bsp_prv_software_delay_loop)
 201e6c8  201e6c8        0     1                 sw_delay_loop
 201e6c8  201e6c8        0     1                 $t
 201e6c9  201e6c9        8     1                 bsp_prv_software_delay_loop
 201e6d0  201e6d0       4a     8         ./ra/fsp/src/bsp/mcu/all/bsp_group_irq.o:(.text.NMI_Handler)
 201e6d0  201e6d0        0     1                 $t
 201e6d1  201e6d1       4a     1                 NMI_Handler
 201e720  201e720       28     8         ./ra/fsp/src/bsp/mcu/all/bsp_irq.o:(.text.bsp_irq_cfg)
 201e720  201e720        0     1                 $t
 201e721  201e721       28     1                 bsp_irq_cfg
 201e748  201e748       4e     2         ./ra/fsp/src/bsp/mcu/all/bsp_register_protection.o:(.text.R_BSP_RegisterProtectEnable)
 201e748  201e748        0     1                 $t
 201e749  201e749       4e     1                 R_BSP_RegisterProtectEnable
 201e796  201e796       4c     2         ./ra/fsp/src/bsp/mcu/all/bsp_register_protection.o:(.text.R_BSP_RegisterProtectDisable)
 201e796  201e796        0     1                 $t
 201e797  201e797       4c     1                 R_BSP_RegisterProtectDisable
 201e7e4  201e7e4       3c     4         ./ra/fsp/src/bsp/mcu/all/bsp_sbrk.o:(.text.sbrk)
 201e7e4  201e7e4        0     1                 $t
 201e7e5  201e7e5       3c     1                 sbrk
 201e81c  201e81c        0     1                 $d
 201e820  201e820       c6     8         ./ra/fsp/src/bsp/mcu/all/bsp_sdram.o:(.text.R_BSP_SdramInit)
 201e820  201e820        0     1                 $t
 201e821  201e821       c6     1                 R_BSP_SdramInit
 201e8e8  201e8e8        a     8         ./ra/fsp/src/bsp/cmsis/Device/RENESAS/Source/startup.o:(.text.Reset_Handler)
 201e8e8  201e8e8        0     1                 $t
 201e8e9  201e8e9        a     1                 Reset_Handler
 201e8f2  201e8f2        4     2         ./ra/fsp/src/bsp/cmsis/Device/RENESAS/Source/startup.o:(.text.Default_Handler)
 201e8f2  201e8f2        0     1                 $t
 201e8f3  201e8f3        4     1                 Default_Handler
 201e8f3  201e8f3        4     1                 HardFault_Handler
 201e8f3  201e8f3        4     1                 MemManage_Handler
 201e8f3  201e8f3        4     1                 BusFault_Handler
 201e8f3  201e8f3        4     1                 UsageFault_Handler
 201e8f3  201e8f3        4     1                 SecureFault_Handler
 201e8f3  201e8f3        4     1                 SVC_Handler
 201e8f3  201e8f3        4     1                 DebugMon_Handler
 201e8f3  201e8f3        4     1                 PendSV_Handler
 201e8f3  201e8f3        4     1                 SysTick_Handler
 201e8f8  201e8f8      238     8         ./ra/fsp/src/bsp/cmsis/Device/RENESAS/Source/system.o:(.text.SystemInit)
 201e8f8  201e8f8        0     1                 $t
 201e8f9  201e8f9      238     1                 SystemInit
 201e9e8  201e9e8        0     1                 memset_64_loop_start_0
 201e9f0  201e9f0        0     1                 memset_64_loop_end_0
 201e9f8  201e9f8        0     1                 memset_64_loop_start_1
 201ea00  201ea00        0     1                 memset_64_loop_end_1
 201eb30  201eb30       5e     8         ./ra/fsp/src/bsp/cmsis/Device/RENESAS/Source/system.o:(.text.SystemRuntimeInit)
 201eb30  201eb30        0     1                 $t
 201eb31  201eb31       5e     1                 SystemRuntimeInit
 201eb90  201eb90       36     8         ./ra/arm/CMSIS-NN/Source/ConcatenationFunctions/arm_concatenation_s8_x.o:(.text.arm_concatenation_s8_x)
 201eb90  201eb90        0     1                 $t
 201eb91  201eb91       36     1                 arm_concatenation_s8_x
 201ebc6  201ebc6      310     2         ./code/ruhmi/compute_sub_0001.o:(.text.compute_sub_0001)
 201ebc6  201ebc6        0     1                 $t
 201ebc7  201ebc7      310     1                 compute_sub_0001
 201eed6  201eed6      142     2         ./code/ruhmi/compute_sub_0003.o:(.text.compute_sub_0003)
 201eed6  201eed6        0     1                 $t
 201eed7  201eed7      142     1                 compute_sub_0003
 201f018  201f018      250     8         ./code/ruhmi/kernel_library_int.o:(.text.StridedSlice)
 201f018  201f018        0     1                 $t
 201f019  201f019      250     1                 StridedSlice
 201f268  201f268       38     8         ./code/ruhmi/kernel_library_utils.o:(.text.ExtendedShape)
 201f268  201f268        0     1                 $t
 201f269  201f269       38     1                 ExtendedShape
 201f2a0  201f2a0       12     2         ./code/ruhmi/kernel_library_utils.o:(.text.lc)
 201f2a0  201f2a0        0     1                 $t
 201f2a1  201f2a1       12     1                 lc
 201f2b8  201f2b8       70     8         ./code/ruhmi/kernel_library_utils.o:(.text.BuildStridedSliceParams)
 201f2b8  201f2b8        0     1                 $t
 201f2b9  201f2b9       70     1                 BuildStridedSliceParams
 201f328  201f328       b6     8         ./code/ruhmi/kernel_library_utils.o:(.text.StridedSlicePadIndices)
 201f328  201f328        0     1                 $t
 201f329  201f329       b6     1                 StridedSlicePadIndices
 201f3de  201f3de       48     2         ./code/ruhmi/kernel_library_utils.o:(.text.StridedSliceStartForAxis)
 201f3de  201f3de        0     1                 $t
 201f3df  201f3df       48     1                 StridedSliceStartForAxis
 201f426  201f426       68     2         ./code/ruhmi/kernel_library_utils.o:(.text.StridedSliceEndForAxis)
 201f426  201f426        0     1                 $t
 201f427  201f427       68     1                 StridedSliceEndForAxis
 201f48e  201f48e       16     2         ./code/ruhmi/model.o:(.text.GetModelInputPtr_serving_default_keras_tensor_121_0)
 201f48e  201f48e        0     1                 $t
 201f48f  201f48f       16     1                 GetModelInputPtr_serving_default_keras_tensor_121_0
 201f4a4  201f4a4       16     2         ./code/ruhmi/model.o:(.text.GetModelOutputPtr_StatefulPartitionedCall_1_0_70408)
 201f4a4  201f4a4        0     1                 $t
 201f4a5  201f4a5       16     1                 GetModelOutputPtr_StatefulPartitionedCall_1_0_70408
 201f4ba  201f4ba      2c2     2         ./code/ruhmi/model.o:(.text.RunModel)
 201f4ba  201f4ba        0     1                 $t
 201f4bb  201f4bb      2c2     1                 RunModel
 201f77c  201f77c       ca     2         ./code/ruhmi/sub_0000_invoke.o:(.text.sub_0000_invoke)
 201f77c  201f77c        0     1                 $t
 201f77d  201f77d       ca     1                 sub_0000_invoke
 201f848  201f848      1f8     8         ./code/ruhmi/sub_0002_invoke.o:(.text.sub_0002_invoke)
 201f848  201f848        0     1                 $t
 201f849  201f849      1f8     1                 sub_0002_invoke
 201fa00  201fa00        0     1                 $d
 201fa40  201fa40       c0     8         ./code/ruhmi/sub_0004_invoke.o:(.text.sub_0004_invoke)
 201fa40  201fa40        0     1                 $t
 201fa41  201fa41       c0     1                 sub_0004_invoke
 201faf0  201faf0        0     1                 $d
 201fb00  201fb00       32     2         ./code/lcd.o:(.text.SPI2_Init)
 201fb00  201fb00        0     1                 $t
 201fb01  201fb01       32     1                 SPI2_Init
 201fb32  201fb32       52     2         ./code/lcd.o:(.text.LCD_GPIO_Init)
 201fb32  201fb32        0     1                 $t
 201fb33  201fb33       52     1                 LCD_GPIO_Init
 201fb84  201fb84       50     2         ./code/lcd.o:(.text.LCD_HardwareRest)
 201fb84  201fb84        0     1                 $t
 201fb85  201fb85       50     1                 LCD_HardwareRest
 201fbd8  201fbd8       a0     8         ./code/lcd.o:(.text.SPI2_ReadWriteByte)
 201fbd8  201fbd8        0     1                 $t
 201fbd9  201fbd9       a0     1                 SPI2_ReadWriteByte
 201fc78  201fc78       3a     2         ./code/lcd.o:(.text.LCD_WR_REG)
 201fc78  201fc78        0     1                 $t
 201fc79  201fc79       3a     1                 LCD_WR_REG
 201fcb2  201fcb2       3a     2         ./code/lcd.o:(.text.LCD_WR_DATA8)
 201fcb2  201fcb2        0     1                 $t
 201fcb3  201fcb3       3a     1                 LCD_WR_DATA8
 201fcec  201fcec       40     2         ./code/lcd.o:(.text.LCD_WR_DATA16)
 201fcec  201fcec        0     1                 $t
 201fced  201fced       40     1                 LCD_WR_DATA16
 201fd2c  201fd2c       2c     2         ./code/lcd.o:(.text.LCD_SetCursor)
 201fd2c  201fd2c        0     1                 $t
 201fd2d  201fd2d       2c     1                 LCD_SetCursor
 201fd58  201fd58       3e     2         ./code/lcd.o:(.text.LCD_Fast_DrawPoint)
 201fd58  201fd58        0     1                 $t
 201fd59  201fd59       3e     1                 LCD_Fast_DrawPoint
 201fd96  201fd96       28     2         ./code/lcd.o:(.text.LCD_Scan_Dir)
 201fd96  201fd96        0     1                 $t
 201fd97  201fd97       28     1                 LCD_Scan_Dir
 201fdbe  201fdbe       98     2         ./code/lcd.o:(.text.LCD_Display_Dir)
 201fdbe  201fdbe        0     1                 $t
 201fdbf  201fdbf       98     1                 LCD_Display_Dir
 201fe56  201fe56       44     2         ./code/lcd.o:(.text.LCD_Set_Window)
 201fe56  201fe56        0     1                 $t
 201fe57  201fe57       44     1                 LCD_Set_Window
 201fe9a  201fe9a      234     2         ./code/lcd.o:(.text.LCD_Init)
 201fe9a  201fe9a        0     1                 $t
 201fe9b  201fe9b      234     1                 LCD_Init
 20200d0  20200d0       3c     8         ./code/lcd.o:(.text.LCD_Clear)
 20200d0  20200d0        0     1                 $t
 20200d1  20200d1       3c     1                 LCD_Clear
 2020110  2020110       96     8         ./code/lcd.o:(.text.LCD_DrawLine)
 2020110  2020110        0     1                 $t
 2020111  2020111       96     1                 LCD_DrawLine
 20201a6  20201a6       48     2         ./code/lcd.o:(.text.LCD_DrawRectangle)
 20201a6  20201a6        0     1                 $t
 20201a7  20201a7       48     1                 LCD_DrawRectangle
 20201f0  20201f0      102     8         ./code/lcd.o:(.text.LCD_ShowChar)
 20201f0  20201f0        0     1                 $t
 20201f1  20201f1      102     1                 LCD_ShowChar
 20202f8  20202f8       74     8         ./code/lcd.o:(.text.LCD_ShowString)
 20202f8  20202f8        0     1                 $t
 20202f9  20202f9       74     1                 LCD_ShowString
 2020370  2020370       d4     8         ./code/lcd.o:(.text.LCD_ShowImage)
 2020370  2020370        0     1                 $t
 2020371  2020371       d4     1                 LCD_ShowImage
 2020444  2020444       2c     2         ./code/ov5640.o:(.text.i2c_master0_callback)
 2020444  2020444        0     1                 $t
 2020445  2020445       2c     1                 i2c_master0_callback
 2020470  2020470       2a     2         ./code/ov5640.o:(.text.g_ceu0_user_callback)
 2020470  2020470        0     1                 $t
 2020471  2020471       2a     1                 g_ceu0_user_callback
 202049a  202049a       58     2         ./code/ov5640.o:(.text.ov5640_write_reg)
 202049a  202049a        0     1                 $t
 202049b  202049b       58     1                 ov5640_write_reg
 20204f8  20204f8       5c     8         ./code/ov5640.o:(.text.i2c_wait_complete)
 20204f8  20204f8        0     1                 $t
 20204f9  20204f9       5c     1                 i2c_wait_complete
 2020554  2020554       78     2         ./code/ov5640.o:(.text.ov5640_read_reg)
 2020554  2020554        0     1                 $t
 2020555  2020555       78     1                 ov5640_read_reg
 20205cc  20205cc       4a     2         ./code/ov5640.o:(.text.ov5640_check_chip_id)
 20205cc  20205cc        0     1                 $t
 20205cd  20205cd       4a     1                 ov5640_check_chip_id
 2020616  2020616       74     2         ./code/ov5640.o:(.text.ov5640_set_window)
 2020616  2020616        0     1                 $t
 2020617  2020617       74     1                 ov5640_set_window
 2020690  2020690       3e     8         ./code/ov5640.o:(.text.ov5640_write_reg_array)
 2020690  2020690        0     1                 $t
 2020691  2020691       3e     1                 ov5640_write_reg_array
 20206d0  20206d0       92     4         ./code/ov5640.o:(.text.ov5640_set_resolution)
 20206d0  20206d0        0     1                 $t
 20206d1  20206d1       92     1                 ov5640_set_resolution
 20206e0  20206e0        0     1                 $d
 20206e8  20206e8        0     1                 $t
 2020762  2020762       ac     2         ./code/ov5640.o:(.text.ov5640_init)
 2020762  2020762        0     1                 $t
 2020763  2020763       ac     1                 ov5640_init
 202080e  202080e      1ca     2         C:\\Renesas\\RA\\e2studio_v2025-12_fsp_v6.4.0\\toolchains\\llvm_arm\\ATfE-21.1.1-Windows-x86_64\\bin\\..\\lib\\clang-runtimes/arm-none-eabi/armv8.1m.main_hard_fpdp_nomve_exn_rtti_unaligned_size\\lib\\libclang_rt.builtins.a(udivmoddi4.c.obj):(.text.__udivmoddi4)
 202080e  202080e        0     1                 $t
 202080f  202080f      1ca     1                 __udivmoddi4
 20209d8  20209d8       14     4         C:\\Renesas\\RA\\e2studio_v2025-12_fsp_v6.4.0\\toolchains\\llvm_arm\\ATfE-21.1.1-Windows-x86_64\\bin\\..\\lib\\clang-runtimes/arm-none-eabi/armv8.1m.main_hard_fpdp_nomve_exn_rtti_unaligned_size\\lib\\libclang_rt.builtins.a(aeabi_uldivmod.S.obj):(.text)
 20209d8  20209d8        0     1                 $t
 20209d9  20209d9       14     1                 __aeabi_uldivmod
 20209ec  20209ec        8     2         C:\\Renesas\\RA\\e2studio_v2025-12_fsp_v6.4.0\\toolchains\\llvm_arm\\ATfE-21.1.1-Windows-x86_64\\bin\\..\\lib\\clang-runtimes/arm-none-eabi/armv8.1m.main_hard_fpdp_nomve_exn_rtti_unaligned_size\\lib\libc.a(bzero.c.o):(.text.bzero)
 20209ec  20209ec        0     1                 $t
 20209ed  20209ed        8     1                 bzero
 20209ed  20209ed        8     1                 __aeabi_memclr4
 20209ed  20209ed        8     1                 __aeabi_memclr8
 20209ed  20209ed        8     1                 __aeabi_memclr
 20209f4  20209f4       12     2         C:\\Renesas\\RA\\e2studio_v2025-12_fsp_v6.4.0\\toolchains\\llvm_arm\\ATfE-21.1.1-Windows-x86_64\\bin\\..\\lib\\clang-runtimes/arm-none-eabi/armv8.1m.main_hard_fpdp_nomve_exn_rtti_unaligned_size\\lib\libc.a(memcpy.c.o):(.text.memcpy)
 20209f4  20209f4        0     1                 $t
 20209f5  20209f5       12     1                 memcpy
 20209f5  20209f5       12     1                 __aeabi_memcpy4
 20209f5  20209f5       12     1                 __aeabi_memcpy8
 20209f5  20209f5       12     1                 __aeabi_memcpy
 2020a06  2020a06        e     2         C:\\Renesas\\RA\\e2studio_v2025-12_fsp_v6.4.0\\toolchains\\llvm_arm\\ATfE-21.1.1-Windows-x86_64\\bin\\..\\lib\\clang-runtimes/arm-none-eabi/armv8.1m.main_hard_fpdp_nomve_exn_rtti_unaligned_size\\lib\libc.a(memset.c.o):(.text.memset)
 2020a06  2020a06        0     1                 $t
 2020a07  2020a07        e     1                 memset
 2020a14  2020a14       10     4         C:\\Renesas\\RA\\e2studio_v2025-12_fsp_v6.4.0\\toolchains\\llvm_arm\\ATfE-21.1.1-Windows-x86_64\\bin\\..\\lib\\clang-runtimes/arm-none-eabi/armv8.1m.main_hard_fpdp_nomve_exn_rtti_unaligned_size\\lib\libc.a(strlen.S.o):(.text)
 2020a14  2020a14        0     1                 $t
 2020a15  2020a15       10     1                 strlen
 2020a24  2020a24       7c     4         C:\\Renesas\\RA\\e2studio_v2025-12_fsp_v6.4.0\\toolchains\\llvm_arm\\ATfE-21.1.1-Windows-x86_64\\bin\\..\\lib\\clang-runtimes/arm-none-eabi/armv8.1m.main_hard_fpdp_nomve_exn_rtti_unaligned_size\\lib\libc.a(nano-free.c.o):(.text.free)
 2020a24  2020a24        0     1                 $t
 2020a25  2020a25       7c     1                 free
 2020a25  2020a25       7c     1                 __malloc_free
 2020a25  2020a25       7c     1                 cfree
 2020a94  2020a94        0     1                 $d
 2020aa0  2020aa0       40     4         C:\\Renesas\\RA\\e2studio_v2025-12_fsp_v6.4.0\\toolchains\\llvm_arm\\ATfE-21.1.1-Windows-x86_64\\bin\\..\\lib\\clang-runtimes/arm-none-eabi/armv8.1m.main_hard_fpdp_nomve_exn_rtti_unaligned_size\\lib\libc.a(nano-malloc.c.o):(.text.__malloc_grow_chunk)
 2020aa0  2020aa0        0     1                 $t
 2020aa1  2020aa1       40     1                 __malloc_grow_chunk
 2020adc  2020adc        0     1                 $d
 2020ae0  2020ae0       4c     4         C:\\Renesas\\RA\\e2studio_v2025-12_fsp_v6.4.0\\toolchains\\llvm_arm\\ATfE-21.1.1-Windows-x86_64\\bin\\..\\lib\\clang-runtimes/arm-none-eabi/armv8.1m.main_hard_fpdp_nomve_exn_rtti_unaligned_size\\lib\libc.a(nano-malloc.c.o):(.text.__malloc_sbrk_aligned)
 2020ae0  2020ae0        0     1                 $t
 2020ae1  2020ae1       4c     1                 __malloc_sbrk_aligned
 2020b28  2020b28        0     1                 $d
 2020b2c  2020b2c       ac     4         C:\\Renesas\\RA\\e2studio_v2025-12_fsp_v6.4.0\\toolchains\\llvm_arm\\ATfE-21.1.1-Windows-x86_64\\bin\\..\\lib\\clang-runtimes/arm-none-eabi/armv8.1m.main_hard_fpdp_nomve_exn_rtti_unaligned_size\\lib\libc.a(nano-malloc.c.o):(.text.malloc)
 2020b2c  2020b2c        0     1                 $t
 2020b2d  2020b2d       ac     1                 malloc
 2020b2d  2020b2d       ac     1                 __malloc_malloc
 2020bcc  2020bcc        0     1                 $d
 2020bd8  2020bd8        2     2         C:\\Renesas\\RA\\e2studio_v2025-12_fsp_v6.4.0\\toolchains\\llvm_arm\\ATfE-21.1.1-Windows-x86_64\\bin\\..\\lib\\clang-runtimes/arm-none-eabi/armv8.1m.main_hard_fpdp_nomve_exn_rtti_unaligned_size\\lib\libc.a(libc_misc_lock.c.o):(.text.__retarget_lock_acquire_recursive)
 2020bd8  2020bd8        0     1                 $t
 2020bd9  2020bd9        2     1                 __retarget_lock_acquire_recursive
 2020bda  2020bda        2     2         C:\\Renesas\\RA\\e2studio_v2025-12_fsp_v6.4.0\\toolchains\\llvm_arm\\ATfE-21.1.1-Windows-x86_64\\bin\\..\\lib\\clang-runtimes/arm-none-eabi/armv8.1m.main_hard_fpdp_nomve_exn_rtti_unaligned_size\\lib\libc.a(libc_misc_lock.c.o):(.text.__retarget_lock_release_recursive)
 2020bda  2020bda        0     1                 $t
 2020bdb  2020bdb        2     1                 __retarget_lock_release_recursive
 2020bdc  2020bdc       28     4         C:\\Renesas\\RA\\e2studio_v2025-12_fsp_v6.4.0\\toolchains\\llvm_arm\\ATfE-21.1.1-Windows-x86_64\\bin\\..\\lib\\clang-runtimes/arm-none-eabi/armv8.1m.main_hard_fpdp_nomve_exn_rtti_unaligned_size\\lib\libc.a(libc_picolib_inittls.c.o):(.text._init_tls)
 2020bdc  2020bdc        0     1                 $t
 2020bdd  2020bdd       28     1                 _init_tls
 2020bf4  2020bf4        0     1                 $d
 2020c04  2020c04       14     4         C:\\Renesas\\RA\\e2studio_v2025-12_fsp_v6.4.0\\toolchains\\llvm_arm\\ATfE-21.1.1-Windows-x86_64\\bin\\..\\lib\\clang-runtimes/arm-none-eabi/armv8.1m.main_hard_fpdp_nomve_exn_rtti_unaligned_size\\lib\libc.a(libc_picolib_machine_arm_set_tls.c.o):(.text._set_tls)
 2020c04  2020c04        0     1                 $t
 2020c05  2020c05       14     1                 _set_tls
 2020c10  2020c10        0     1                 $d
 2020c20  2020c20        c    16         C:\\Renesas\\RA\\e2studio_v2025-12_fsp_v6.4.0\\toolchains\\llvm_arm\\ATfE-21.1.1-Windows-x86_64\\bin\\..\\lib\\clang-runtimes/arm-none-eabi/armv8.1m.main_hard_fpdp_nomve_exn_rtti_unaligned_size\\lib\libc.a(libc_picolib_machine_arm_read_tp.S.o):(.text.__aeabi_read_tp)
 2020c20  2020c20        0     1                 $t
 2020c21  2020c21        0     1                 __aeabi_read_tp
 2020c28  2020c28        0     1                 $d
 2020c2c  2020c2c       50     4         C:\\Renesas\\RA\\e2studio_v2025-12_fsp_v6.4.0\\toolchains\\llvm_arm\\ATfE-21.1.1-Windows-x86_64\\bin\\..\\lib\\clang-runtimes/arm-none-eabi/armv8.1m.main_hard_fpdp_nomve_exn_rtti_unaligned_size\\lib\libc.a(libc_tinystdio_snprintf.c.o):(.text.snprintf)
 2020c2c  2020c2c        0     1                 $t
[...]
sub_0000_model_data_size                          ./code/ruhmi/sub_0000_model_data.o
                                                  ./code/ruhmi/sub_0000_invoke.o
sub_0000_model_data                               ./code/ruhmi/sub_0000_model_data.o
                                                  ./code/ruhmi/sub_0000_invoke.o
sub_0002_command_stream_size                      ./code/ruhmi/sub_0002_command_stream.o
                                                  ./code/ruhmi/sub_0002_invoke.o
sub_0002_command_stream                           ./code/ruhmi/sub_0002_command_stream.o
                                                  ./code/ruhmi/sub_0002_invoke.o
sub_0002_model_data_size                          ./code/ruhmi/sub_0002_model_data.o
                                                  ./code/ruhmi/sub_0002_invoke.o
sub_0002_model_data                               ./code/ruhmi/sub_0002_model_data.o
                                                  ./code/ruhmi/sub_0002_invoke.o
sub_0004_command_stream_size                      ./code/ruhmi/sub_0004_command_stream.o
                                                  ./code/ruhmi/sub_0004_invoke.o
sub_0004_command_stream                           ./code/ruhmi/sub_0004_command_stream.o
                                                  ./code/ruhmi/sub_0004_invoke.o
sub_0004_model_data                               ./code/ruhmi/sub_0004_model_data.o
                                                  ./code/ruhmi/sub_0004_invoke.o
sub_0004_model_data_size                          ./code/ruhmi/sub_0004_model_data.o
                                                  ./code/ruhmi/sub_0004_invoke.o
asc2_1206                                         ./code/font.o
                                                  ./code/lcd.o
asc2_1608                                         ./code/font.o
                                                  ./code/lcd.o
asc2_2412                                         ./code/font.o
                                                  ./code/lcd.o
SPI2_Init                                         ./code/lcd.o
LCD_GPIO_Init                                     ./code/lcd.o
LCD_HardwareRest                                  ./code/lcd.o
SPI2_ReadWriteByte                                ./code/lcd.o
LCD_WR_REG                                        ./code/lcd.o
LCD_WR_DATA8                                      ./code/lcd.o
LCD_WR_DATA16                                     ./code/lcd.o
lcddev                                            ./code/lcd.o
                                                  ./code/text.o
LCD_SetCursor                                     ./code/lcd.o
LCD_Fast_DrawPoint                                ./code/lcd.o
                                                  ./code/text.o
LCD_Scan_Dir                                      ./code/lcd.o
LCD_Display_Dir                                   ./code/lcd.o
LCD_Set_Window                                    ./code/lcd.o
LCD_DrawLine                                      ./code/lcd.o
LCD_ShowChar                                      ./code/lcd.o
                                                  ./code/text.o
BACK_COLOR                                        ./code/lcd.o
                                                  ./code/text.o
ov5640_write_reg                                  ./code/ov5640.o
ov5640_read_reg                                   ./code/ov5640.o
ov5640_check_chip_id                              ./code/ov5640.o
ov5640_set_window                                 ./code/ov5640.o
bzero                                             C:\\Renesas\\RA\\e2studio_v2025-12_fsp_v6.4.0\\toolchains\\llvm_arm\\ATfE-21.1.1-Windows-x86_64\\bin\\..\\lib\\clang-runtimes/arm-none-eabi/armv8.1m.main_hard_fpdp_nomve_exn_rtti_unaligned_size\\lib\libc.a(bzero.c.o)
__retarget_lock_acquire_recursive                 C:\\Renesas\\RA\\e2studio_v2025-12_fsp_v6.4.0\\toolchains\\llvm_arm\\ATfE-21.1.1-Windows-x86_64\\bin\\..\\lib\\clang-runtimes/arm-none-eabi/armv8.1m.main_hard_fpdp_nomve_exn_rtti_unaligned_size\\lib\libc.a(libc_misc_lock.c.o)
                                                  C:\\Renesas\\RA\\e2studio_v2025-12_fsp_v6.4.0\\toolchains\\llvm_arm\\ATfE-21.1.1-Windows-x86_64\\bin\\..\\lib\\clang-runtimes/arm-none-eabi/armv8.1m.main_hard_fpdp_nomve_exn_rtti_unaligned_size\\lib\libc.a(nano-free.c.o)
                                                  C:\\Renesas\\RA\\e2studio_v2025-12_fsp_v6.4.0\\toolchains\\llvm_arm\\ATfE-21.1.1-Windows-x86_64\\bin\\..\\lib\\clang-runtimes/arm-none-eabi/armv8.1m.main_hard_fpdp_nomve_exn_rtti_unaligned_size\\lib\libc.a(nano-malloc.c.o)
__retarget_lock_release_recursive                 C:\\Renesas\\RA\\e2studio_v2025-12_fsp_v6.4.0\\toolchains\\llvm_arm\\ATfE-21.1.1-Windows-x86_64\\bin\\..\\lib\\clang-runtimes/arm-none-eabi/armv8.1m.main_hard_fpdp_nomve_exn_rtti_unaligned_size\\lib\libc.a(libc_misc_lock.c.o)
                                                  C:\\Renesas\\RA\\e2studio_v2025-12_fsp_v6.4.0\\toolchains\\llvm_arm\\ATfE-21.1.1-Windows-x86_64\\bin\\..\\lib\\clang-runtimes/arm-none-eabi/armv8.1m.main_hard_fpdp_nomve_exn_rtti_unaligned_size\\lib\libc.a(nano-free.c.o)
                                                  C:\\Renesas\\RA\\e2studio_v2025-12_fsp_v6.4.0\\toolchains\\llvm_arm\\ATfE-21.1.1-Windows-x86_64\\bin\\..\\lib\\clang-runtimes/arm-none-eabi/armv8.1m.main_hard_fpdp_nomve_exn_rtti_unaligned_size\\lib\libc.a(nano-malloc.c.o)
__lock___libc_recursive_mutex                     C:\\Renesas\\RA\\e2studio_v2025-12_fsp_v6.4.0\\toolchains\\llvm_arm\\ATfE-21.1.1-Windows-x86_64\\bin\\..\\lib\\clang-runtimes/arm-none-eabi/armv8.1m.main_hard_fpdp_nomve_exn_rtti_unaligned_size\\lib\libc.a(libc_misc_lock.c.o)
                                                  C:\\Renesas\\RA\\e2studio_v2025-12_fsp_v6.4.0\\toolchains\\llvm_arm\\ATfE-21.1.1-Windows-x86_64\\bin\\..\\lib\\clang-runtimes/arm-none-eabi/armv8.1m.main_hard_fpdp_nomve_exn_rtti_unaligned_size\\lib\libc.a(nano-free.c.o)
                                                  C:\\Renesas\\RA\\e2studio_v2025-12_fsp_v6.4.0\\toolchains\\llvm_arm\\ATfE-21.1.1-Windows-x86_64\\bin\\..\\lib\\clang-runtimes/arm-none-eabi/armv8.1m.main_hard_fpdp_nomve_exn_rtti_unaligned_size\\lib\libc.a(nano-malloc.c.o)
__malloc_free_list                                C:\\Renesas\\RA\\e2studio_v2025-12_fsp_v6.4.0\\toolchains\\llvm_arm\\ATfE-21.1.1-Windows-x86_64\\bin\\..\\lib\\clang-runtimes/arm-none-eabi/armv8.1m.main_hard_fpdp_nomve_exn_rtti_unaligned_size\\lib\libc.a(nano-malloc.c.o)
                                                  C:\\Renesas\\RA\\e2studio_v2025-12_fsp_v6.4.0\\toolchains\\llvm_arm\\ATfE-21.1.1-Windows-x86_64\\bin\\..\\lib\\clang-runtimes/arm-none-eabi/armv8.1m.main_hard_fpdp_nomve_exn_rtti_unaligned_size\\lib\libc.a(nano-free.c.o)
__malloc_free                                     C:\\Renesas\\RA\\e2studio_v2025-12_fsp_v6.4.0\\toolchains\\llvm_arm\\ATfE-21.1.1-Windows-x86_64\\bin\\..\\lib\\clang-runtimes/arm-none-eabi/armv8.1m.main_hard_fpdp_nomve_exn_rtti_unaligned_size\\lib\libc.a(nano-free.c.o)
                                                  C:\\Renesas\\RA\\e2studio_v2025-12_fsp_v6.4.0\\toolchains\\llvm_arm\\ATfE-21.1.1-Windows-x86_64\\bin\\..\\lib\\clang-runtimes/arm-none-eabi/armv8.1m.main_hard_fpdp_nomve_exn_rtti_unaligned_size\\lib\libc.a(nano-malloc.c.o)
cfree                                             C:\\Renesas\\RA\\e2studio_v2025-12_fsp_v6.4.0\\toolchains\\llvm_arm\\ATfE-21.1.1-Windows-x86_64\\bin\\..\\lib\\clang-runtimes/arm-none-eabi/armv8.1m.main_hard_fpdp_nomve_exn_rtti_unaligned_size\\lib\libc.a(nano-free.c.o)
__malloc_grow_chunk                               C:\\Renesas\\RA\\e2studio_v2025-12_fsp_v6.4.0\\toolchains\\llvm_arm\\ATfE-21.1.1-Windows-x86_64\\bin\\..\\lib\\clang-runtimes/arm-none-eabi/armv8.1m.main_hard_fpdp_nomve_exn_rtti_unaligned_size\\lib\libc.a(nano-malloc.c.o)
__malloc_malloc                                   C:\\Renesas\\RA\\e2studio_v2025-12_fsp_v6.4.0\\toolchains\\llvm_arm\\ATfE-21.1.1-Windows-x86_64\\bin\\..\\lib\\clang-runtimes/arm-none-eabi/armv8.1m.main_hard_fpdp_nomve_exn_rtti_unaligned_size\\lib\libc.a(nano-malloc.c.o)
__malloc_sbrk_top                                 C:\\Renesas\\RA\\e2studio_v2025-12_fsp_v6.4.0\\toolchains\\llvm_arm\\ATfE-21.1.1-Windows-x86_64\\bin\\..\\lib\\clang-runtimes/arm-none-eabi/armv8.1m.main_hard_fpdp_nomve_exn_rtti_unaligned_size\\lib\libc.a(nano-malloc.c.o)
__malloc_sbrk_start                               C:\\Renesas\\RA\\e2studio_v2025-12_fsp_v6.4.0\\toolchains\\llvm_arm\\ATfE-21.1.1-Windows-x86_64\\bin\\..\\lib\\clang-runtimes/arm-none-eabi/armv8.1m.main_hard_fpdp_nomve_exn_rtti_unaligned_size\\lib\libc.a(nano-malloc.c.o)
__tdata_source                                    fsp_gen.lld:1285
                                                  C:\\Renesas\\RA\\e2studio_v2025-12_fsp_v6.4.0\\toolchains\\llvm_arm\\ATfE-21.1.1-Windows-x86_64\\bin\\..\\lib\\clang-runtimes/arm-none-eabi/armv8.1m.main_hard_fpdp_nomve_exn_rtti_unaligned_size\\lib\libc.a(libc_picolib_inittls.c.o)
__tdata_size                                      fsp_gen.lld:1286
                                                  C:\\Renesas\\RA\\e2studio_v2025-12_fsp_v6.4.0\\toolchains\\llvm_arm\\ATfE-21.1.1-Windows-x86_64\\bin\\..\\lib\\clang-runtimes/arm-none-eabi/armv8.1m.main_hard_fpdp_nomve_exn_rtti_unaligned_size\\lib\libc.a(libc_picolib_inittls.c.o)
__tbss_offset                                     fsp_gen.lld:1287
                                                  C:\\Renesas\\RA\\e2studio_v2025-12_fsp_v6.4.0\\toolchains\\llvm_arm\\ATfE-21.1.1-Windows-x86_64\\bin\\..\\lib\\clang-runtimes/arm-none-eabi/armv8.1m.main_hard_fpdp_nomve_exn_rtti_unaligned_size\\lib\libc.a(libc_picolib_inittls.c.o)
__tbss_size                                       fsp_gen.lld:1288
                                                  C:\\Renesas\\RA\\e2studio_v2025-12_fsp_v6.4.0\\toolchains\\llvm_arm\\ATfE-21.1.1-Windows-x86_64\\bin\\..\\lib\\clang-runtimes/arm-none-eabi/armv8.1m.main_hard_fpdp_nomve_exn_rtti_unaligned_size\\lib\libc.a(libc_picolib_inittls.c.o)
__arm32_tls_tcb_offset                            fsp_gen.lld:1289
                                                  C:\\Renesas\\RA\\e2studio_v2025-12_fsp_v6.4.0\\toolchains\\llvm_arm\\ATfE-21.1.1-Windows-x86_64\\bin\\..\\lib\\clang-runtimes/arm-none-eabi/armv8.1m.main_hard_fpdp_nomve_exn_rtti_unaligned_size\\lib\libc.a(libc_picolib_machine_arm_set_tls.c.o)
__tls                                             C:\\Renesas\\RA\\e2studio_v2025-12_fsp_v6.4.0\\toolchains\\llvm_arm\\ATfE-21.1.1-Windows-x86_64\\bin\\..\\lib\\clang-runtimes/arm-none-eabi/armv8.1m.main_hard_fpdp_nomve_exn_rtti_unaligned_size\\lib\libc.a(libc_picolib_machine_arm_tls.c.o)
                                                  C:\\Renesas\\RA\\e2studio_v2025-12_fsp_v6.4.0\\toolchains\\llvm_arm\\ATfE-21.1.1-Windows-x86_64\\bin\\..\\lib\\clang-runtimes/arm-none-eabi/armv8.1m.main_hard_fpdp_nomve_exn_rtti_unaligned_size\\lib\libc.a(libc_picolib_machine_arm_set_tls.c.o)
                                                  C:\\Renesas\\RA\\e2studio_v2025-12_fsp_v6.4.0\\toolchains\\llvm_arm\\ATfE-21.1.1-Windows-x86_64\\bin\\..\\lib\\clang-runtimes/arm-none-eabi/armv8.1m.main_hard_fpdp_nomve_exn_rtti_unaligned_size\\lib\libc.a(libc_picolib_machine_arm_read_tp.S.o)
vfprintf                                          C:\\Renesas\\RA\\e2studio_v2025-12_fsp_v6.4.0\\toolchains\\llvm_arm\\ATfE-21.1.1-Windows-x86_64\\bin\\..\\lib\\clang-runtimes/arm-none-eabi/armv8.1m.main_hard_fpdp_nomve_exn_rtti_unaligned_size\\lib\libc.a(libc_tinystdio_vfprintf.c.o)
                                                  C:\\Renesas\\RA\\e2studio_v2025-12_fsp_v6.4.0\\toolchains\\llvm_arm\\ATfE-21.1.1-Windows-x86_64\\bin\\..\\lib\\clang-runtimes/arm-none-eabi/armv8.1m.main_hard_fpdp_nomve_exn_rtti_unaligned_size\\lib\libc.a(libc_tinystdio_snprintf.c.o)
__file_str_put                                    C:\\Renesas\\RA\\e2studio_v2025-12_fsp_v6.4.0\\toolchains\\llvm_arm\\ATfE-21.1.1-Windows-x86_64\\bin\\..\\lib\\clang-runtimes/arm-none-eabi/armv8.1m.main_hard_fpdp_nomve_exn_rtti_unaligned_size\\lib\libc.a(libc_tinystdio_filestrput.c.o)
                                                  C:\\Renesas\\RA\\e2studio_v2025-12_fsp_v6.4.0\\toolchains\\llvm_arm\\ATfE-21.1.1-Windows-x86_64\\bin\\..\\lib\\clang-runtimes/arm-none-eabi/armv8.1m.main_hard_fpdp_nomve_exn_rtti_unaligned_size\\lib\libc.a(libc_tinystdio_snprintf.c.o)
__dtox_engine                                     C:\\Renesas\\RA\\e2studio_v2025-12_fsp_v6.4.0\\toolchains\\llvm_arm\\ATfE-21.1.1-Windows-x86_64\\bin\\..\\lib\\clang-runtimes/arm-none-eabi/armv8.1m.main_hard_fpdp_nomve_exn_rtti_unaligned_size\\lib\libc.a(libc_tinystdio_dtox_engine.c.o)
                                                  C:\\Renesas\\RA\\e2studio_v2025-12_fsp_v6.4.0\\toolchains\\llvm_arm\\ATfE-21.1.1-Windows-x86_64\\bin\\..\\lib\\clang-runtimes/arm-none-eabi/armv8.1m.main_hard_fpdp_nomve_exn_rtti_unaligned_size\\lib\libc.a(libc_tinystdio_vfprintf.c.o)
__dtoa_engine                                     C:\\Renesas\\RA\\e2studio_v2025-12_fsp_v6.4.0\\toolchains\\llvm_arm\\ATfE-21.1.1-Windows-x86_64\\bin\\..\\lib\\clang-runtimes/arm-none-eabi/armv8.1m.main_hard_fpdp_nomve_exn_rtti_unaligned_size\\lib\libc.a(libc_tinystdio_dtoa_ryu.c.o)
                                                  C:\\Renesas\\RA\\e2studio_v2025-12_fsp_v6.4.0\\toolchains\\llvm_arm\\ATfE-21.1.1-Windows-x86_64\\bin\\..\\lib\\clang-runtimes/arm-none-eabi/armv8.1m.main_hard_fpdp_nomve_exn_rtti_unaligned_size\\lib\libc.a(libc_tinystdio_vfprintf.c.o)
strnlen                                           C:\\Renesas\\RA\\e2studio_v2025-12_fsp_v6.4.0\\toolchains\\llvm_arm\\ATfE-21.1.1-Windows-x86_64\\bin\\..\\lib\\clang-runtimes/arm-none-eabi/armv8.1m.main_hard_fpdp_nomve_exn_rtti_unaligned_size\\lib\libc.a(libc_string_strnlen.c.o)
                                                  C:\\Renesas\\RA\\e2studio_v2025-12_fsp_v6.4.0\\toolchains\\llvm_arm\\ATfE-21.1.1-Windows-x86_64\\bin\\..\\lib\\clang-runtimes/arm-none-eabi/armv8.1m.main_hard_fpdp_nomve_exn_rtti_unaligned_size\\lib\libc.a(libc_tinystdio_vfprintf.c.o)
__d_vfprintf                                      C:\\Renesas\\RA\\e2studio_v2025-12_fsp_v6.4.0\\toolchains\\llvm_arm\\ATfE-21.1.1-Windows-x86_64\\bin\\..\\lib\\clang-runtimes/arm-none-eabi/armv8.1m.main_hard_fpdp_nomve_exn_rtti_unaligned_size\\lib\libc.a(libc_tinystdio_vfprintf.c.o)
__log10Pow2                                       C:\\Renesas\\RA\\e2studio_v2025-12_fsp_v6.4.0\\toolchains\\llvm_arm\\ATfE-21.1.1-Windows-x86_64\\bin\\..\\lib\\clang-runtimes/arm-none-eabi/armv8.1m.main_hard_fpdp_nomve_exn_rtti_unaligned_size\\lib\libc.a(libc_tinystdio_ryu_log10.c.o)
                                                  C:\\Renesas\\RA\\e2studio_v2025-12_fsp_v6.4.0\\toolchains\\llvm_arm\\ATfE-21.1.1-Windows-x86_64\\bin\\..\\lib\\clang-runtimes/arm-none-eabi/armv8.1m.main_hard_fpdp_nomve_exn_rtti_unaligned_size\\lib\libc.a(libc_tinystdio_dtoa_ryu.c.o)
__pow5bits                                        C:\\Renesas\\RA\\e2studio_v2025-12_fsp_v6.4.0\\toolchains\\llvm_arm\\ATfE-21.1.1-Windows-x86_64\\bin\\..\\lib\\clang-runtimes/arm-none-eabi/armv8.1m.main_hard_fpdp_nomve_exn_rtti_unaligned_size\\lib\libc.a(libc_tinystdio_ryu_pow5bits.c.o)
                                                  C:\\Renesas\\RA\\e2studio_v2025-12_fsp_v6.4.0\\toolchains\\llvm_arm\\ATfE-21.1.1-Windows-x86_64\\bin\\..\\lib\\clang-runtimes/arm-none-eabi/armv8.1m.main_hard_fpdp_nomve_exn_rtti_unaligned_size\\lib\libc.a(libc_tinystdio_dtoa_ryu.c.o)
                                                  C:\\Renesas\\RA\\e2studio_v2025-12_fsp_v6.4.0\\toolchains\\llvm_arm\\ATfE-21.1.1-Windows-x86_64\\bin\\..\\lib\\clang-runtimes/arm-none-eabi/armv8.1m.main_hard_fpdp_nomve_exn_rtti_unaligned_size\\lib\libc.a(libc_tinystdio_ryu_table.c.o)
__double_computeInvPow5                           C:\\Renesas\\RA\\e2studio_v2025-12_fsp_v6.4.0\\toolchains\\llvm_arm\\ATfE-21.1.1-Windows-x86_64\\bin\\..\\lib\\clang-runtimes/arm-none-eabi/armv8.1m.main_hard_fpdp_nomve_exn_rtti_unaligned_size\\lib\libc.a(libc_tinystdio_ryu_table.c.o)
                                                  C:\\Renesas\\RA\\e2studio_v2025-12_fsp_v6.4.0\\toolchains\\llvm_arm\\ATfE-21.1.1-Windows-x86_64\\bin\\..\\lib\\clang-runtimes/arm-none-eabi/armv8.1m.main_hard_fpdp_nomve_exn_rtti_unaligned_size\\lib\libc.a(libc_tinystdio_dtoa_ryu.c.o)
__pow5Factor                                      C:\\Renesas\\RA\\e2studio_v2025-12_fsp_v6.4.0\\toolchains\\llvm_arm\\ATfE-21.1.1-Windows-x86_64\\bin\\..\\lib\\clang-runtimes/arm-none-eabi/armv8.1m.main_hard_fpdp_nomve_exn_rtti_unaligned_size\\lib\libc.a(libc_tinystdio_ryu_table.c.o)
                                                  C:\\Renesas\\RA\\e2studio_v2025-12_fsp_v6.4.0\\toolchains\\llvm_arm\\ATfE-21.1.1-Windows-x86_64\\bin\\..\\lib\\clang-runtimes/arm-none-eabi/armv8.1m.main_hard_fpdp_nomve_exn_rtti_unaligned_size\\lib\libc.a(libc_tinystdio_dtoa_ryu.c.o)
__log10Pow5                                       C:\\Renesas\\RA\\e2studio_v2025-12_fsp_v6.4.0\\toolchains\\llvm_arm\\ATfE-21.1.1-Windows-x86_64\\bin\\..\\lib\\clang-runtimes/arm-none-eabi/armv8.1m.main_hard_fpdp_nomve_exn_rtti_unaligned_size\\lib\libc.a(libc_tinystdio_ryu_log10.c.o)
                                                  C:\\Renesas\\RA\\e2studio_v2025-12_fsp_v6.4.0\\toolchains\\llvm_arm\\ATfE-21.1.1-Windows-x86_64\\bin\\..\\lib\\clang-runtimes/arm-none-eabi/armv8.1m.main_hard_fpdp_nomve_exn_rtti_unaligned_size\\lib\libc.a(libc_tinystdio_dtoa_ryu.c.o)
__double_computePow5                              C:\\Renesas\\RA\\e2studio_v2025-12_fsp_v6.4.0\\toolchains\\llvm_arm\\ATfE-21.1.1-Windows-x86_64\\bin\\..\\lib\\clang-runtimes/arm-none-eabi/armv8.1m.main_hard_fpdp_nomve_exn_rtti_unaligned_size\\lib\libc.a(libc_tinystdio_ryu_table.c.o)
                                                  C:\\Renesas\\RA\\e2studio_v2025-12_fsp_v6.4.0\\toolchains\\llvm_arm\\ATfE-21.1.1-Windows-x86_64\\bin\\..\\lib\\clang-runtimes/arm-none-eabi/armv8.1m.main_hard_fpdp_nomve_exn_rtti_unaligned_size\\lib\libc.a(libc_tinystdio_dtoa_ryu.c.o)
__umul128                                         C:\\Renesas\\RA\\e2studio_v2025-12_fsp_v6.4.0\\toolchains\\llvm_arm\\ATfE-21.1.1-Windows-x86_64\\bin\\..\\lib\\clang-runtimes/arm-none-eabi/armv8.1m.main_hard_fpdp_nomve_exn_rtti_unaligned_size\\lib\libc.a(libc_tinystdio_ryu_umul128.c.o)
                                                  C:\\Renesas\\RA\\e2studio_v2025-12_fsp_v6.4.0\\toolchains\\llvm_arm\\ATfE-21.1.1-Windows-x86_64\\bin\\..\\lib\\clang-runtimes/arm-none-eabi/armv8.1m.main_hard_fpdp_nomve_exn_rtti_unaligned_size\\lib\libc.a(libc_tinystdio_dtoa_ryu.c.o)
                                                  C:\\Renesas\\RA\\e2studio_v2025-12_fsp_v6.4.0\\toolchains\\llvm_arm\\ATfE-21.1.1-Windows-x86_64\\bin\\..\\lib\\clang-runtimes/arm-none-eabi/armv8.1m.main_hard_fpdp_nomve_exn_rtti_unaligned_size\\lib\libc.a(libc_tinystdio_ryu_table.c.o)
__shiftright128                                   C:\\Renesas\\RA\\e2studio_v2025-12_fsp_v6.4.0\\toolchains\\llvm_arm\\ATfE-21.1.1-Windows-x86_64\\bin\\..\\lib\\clang-runtimes/arm-none-eabi/armv8.1m.main_hard_fpdp_nomve_exn_rtti_unaligned_size\\lib\libc.a(libc_tinystdio_ryu_umul128.c.o)
                                                  C:\\Renesas\\RA\\e2studio_v2025-12_fsp_v6.4.0\\toolchains\\llvm_arm\\ATfE-21.1.1-Windows-x86_64\\bin\\..\\lib\\clang-runtimes/arm-none-eabi/armv8.1m.main_hard_fpdp_nomve_exn_rtti_unaligned_size\\lib\libc.a(libc_tinystdio_dtoa_ryu.c.o)
                                                  C:\\Renesas\\RA\\e2studio_v2025-12_fsp_v6.4.0\\toolchains\\llvm_arm\\ATfE-21.1.1-Windows-x86_64\\bin\\..\\lib\\clang-runtimes/arm-none-eabi/armv8.1m.main_hard_fpdp_nomve_exn_rtti_unaligned_size\\lib\libc.a(libc_tinystdio_ryu_table.c.o)
