Archive member included to satisfy reference by file (symbol)

C:/Renesas/RA/e2studio_v2025-12_fsp_v6.4.0/toolchains/gcc_arm/13.2.rel1/bin/../lib/gcc/arm-none-eabi/13.2.1/thumb/v8-m.main+dp/hard\libgcc.a(_aeabi_ldivmod.o)
                              ./ra/fsp/src/r_sci_b_uart/r_sci_b_uart.o (__aeabi_ldivmod)
C:/Renesas/RA/e2studio_v2025-12_fsp_v6.4.0/toolchains/gcc_arm/13.2.rel1/bin/../lib/gcc/arm-none-eabi/13.2.1/thumb/v8-m.main+dp/hard\libgcc.a(_udivmoddi4.o)
                              C:/Renesas/RA/e2studio_v2025-12_fsp_v6.4.0/toolchains/gcc_arm/13.2.rel1/bin/../lib/gcc/arm-none-eabi/13.2.1/thumb/v8-m.main+dp/hard\libgcc.a(_aeabi_ldivmod.o) (__udivmoddi4)
C:/Renesas/RA/e2studio_v2025-12_fsp_v6.4.0/toolchains/gcc_arm/13.2.rel1/bin/../lib/gcc/arm-none-eabi/13.2.1/thumb/v8-m.main+dp/hard\libgcc.a(_dvmd_tls.o)
                              C:/Renesas/RA/e2studio_v2025-12_fsp_v6.4.0/toolchains/gcc_arm/13.2.rel1/bin/../lib/gcc/arm-none-eabi/13.2.1/thumb/v8-m.main+dp/hard\libgcc.a(_aeabi_ldivmod.o) (__aeabi_ldiv0)
C:/Renesas/RA/e2studio_v2025-12_fsp_v6.4.0/toolchains/gcc_arm/13.2.rel1/bin/../lib/gcc/arm-none-eabi/13.2.1/thumb/v8-m.main+dp/hard\libg_nano.a(libc_a-exit.o)
                              C:/Renesas/RA/e2studio_v2025-12_fsp_v6.4.0/toolchains/gcc_arm/13.2.rel1/bin/../lib/gcc/arm-none-eabi/13.2.1/thumb/v8-m.main+dp/hard/crt0.o (exit)
C:/Renesas/RA/e2studio_v2025-12_fsp_v6.4.0/toolchains/gcc_arm/13.2.rel1/bin/../lib/gcc/arm-none-eabi/13.2.1/thumb/v8-m.main+dp/hard\libg_nano.a(libc_a-nano-vfprintf_float.o)
                              (_printf_float)
C:/Renesas/RA/e2studio_v2025-12_fsp_v6.4.0/toolchains/gcc_arm/13.2.rel1/bin/../lib/gcc/arm-none-eabi/13.2.1/thumb/v8-m.main+dp/hard\libg_nano.a(libc_a-nano-vfprintf_i.o)
                              C:/Renesas/RA/e2studio_v2025-12_fsp_v6.4.0/toolchains/gcc_arm/13.2.rel1/bin/../lib/gcc/arm-none-eabi/13.2.1/thumb/v8-m.main+dp/hard\libg_nano.a(libc_a-nano-vfprintf_float.o) (_printf_common)
C:/Renesas/RA/e2studio_v2025-12_fsp_v6.4.0/toolchains/gcc_arm/13.2.rel1/bin/../lib/gcc/arm-none-eabi/13.2.1/thumb/v8-m.main+dp/hard\libg_nano.a(libc_a-findfp.o)
                              C:/Renesas/RA/e2studio_v2025-12_fsp_v6.4.0/toolchains/gcc_arm/13.2.rel1/bin/../lib/gcc/arm-none-eabi/13.2.1/thumb/v8-m.main+dp/hard\libg_nano.a(libc_a-exit.o) (__stdio_exit_handler)
C:/Renesas/RA/e2studio_v2025-12_fsp_v6.4.0/toolchains/gcc_arm/13.2.rel1/bin/../lib/gcc/arm-none-eabi/13.2.1/thumb/v8-m.main+dp/hard\libg_nano.a(libc_a-fwalk.o)
                              C:/Renesas/RA/e2studio_v2025-12_fsp_v6.4.0/toolchains/gcc_arm/13.2.rel1/bin/../lib/gcc/arm-none-eabi/13.2.1/thumb/v8-m.main+dp/hard\libg_nano.a(libc_a-findfp.o) (_fwalk_sglue)
C:/Renesas/RA/e2studio_v2025-12_fsp_v6.4.0/toolchains/gcc_arm/13.2.rel1/bin/../lib/gcc/arm-none-eabi/13.2.1/thumb/v8-m.main+dp/hard\libg_nano.a(libc_a-printf.o)
                              ./src/hal_entry.o (printf)
C:/Renesas/RA/e2studio_v2025-12_fsp_v6.4.0/toolchains/gcc_arm/13.2.rel1/bin/../lib/gcc/arm-none-eabi/13.2.1/thumb/v8-m.main+dp/hard\libg_nano.a(libc_a-puts.o)
                              ./src/hal_entry.o (puts)
C:/Renesas/RA/e2studio_v2025-12_fsp_v6.4.0/toolchains/gcc_arm/13.2.rel1/bin/../lib/gcc/arm-none-eabi/13.2.1/thumb/v8-m.main+dp/hard\libg_nano.a(libc_a-snprintf.o)
                              ./code/esp32_comm.o (snprintf)
C:/Renesas/RA/e2studio_v2025-12_fsp_v6.4.0/toolchains/gcc_arm/13.2.rel1/bin/../lib/gcc/arm-none-eabi/13.2.1/thumb/v8-m.main+dp/hard\libg_nano.a(libc_a-sprintf.o)
                              ./src/hal_entry.o (sprintf)
C:/Renesas/RA/e2studio_v2025-12_fsp_v6.4.0/toolchains/gcc_arm/13.2.rel1/bin/../lib/gcc/arm-none-eabi/13.2.1/thumb/v8-m.main+dp/hard\libg_nano.a(libc_a-sscanf.o)
                              ./code/esp32_comm.o (sscanf)
C:/Renesas/RA/e2studio_v2025-12_fsp_v6.4.0/toolchains/gcc_arm/13.2.rel1/bin/../lib/gcc/arm-none-eabi/13.2.1/thumb/v8-m.main+dp/hard\libg_nano.a(libc_a-stdio.o)
                              C:/Renesas/RA/e2studio_v2025-12_fsp_v6.4.0/toolchains/gcc_arm/13.2.rel1/bin/../lib/gcc/arm-none-eabi/13.2.1/thumb/v8-m.main+dp/hard\libg_nano.a(libc_a-findfp.o) (__sread)
C:/Renesas/RA/e2studio_v2025-12_fsp_v6.4.0/toolchains/gcc_arm/13.2.rel1/bin/../lib/gcc/arm-none-eabi/13.2.1/thumb/v8-m.main+dp/hard\libg_nano.a(libc_a-wbuf.o)
                              C:/Renesas/RA/e2studio_v2025-12_fsp_v6.4.0/toolchains/gcc_arm/13.2.rel1/bin/../lib/gcc/arm-none-eabi/13.2.1/thumb/v8-m.main+dp/hard\libg_nano.a(libc_a-puts.o) (__swbuf_r)
C:/Renesas/RA/e2studio_v2025-12_fsp_v6.4.0/toolchains/gcc_arm/13.2.rel1/bin/../lib/gcc/arm-none-eabi/13.2.1/thumb/v8-m.main+dp/hard\libg_nano.a(libc_a-wsetup.o)
                              C:/Renesas/RA/e2studio_v2025-12_fsp_v6.4.0/toolchains/gcc_arm/13.2.rel1/bin/../lib/gcc/arm-none-eabi/13.2.1/thumb/v8-m.main+dp/hard\libg_nano.a(libc_a-puts.o) (__swsetup_r)
[...]
Memory Configuration

Name             Origin             Length             Attributes
RAM              0x22000000         0x001d4000         xrw
FLASH            0x02000000         0x00100000         xr
DATA_FLASH       0x27000000         0x00000000         xr
SDRAM            0x68000000         0x08000000         xrw
OSPI0_CS0        0x80000000         0x10000000         xrw
OSPI0_CS1        0x90000000         0x10000000         xr
OSPI1_CS0        0x70000000         0x08000000         xrw
OSPI1_CS1        0x78000000         0x08000000         xr
OPTION_SETTING_OFS0 0x02c9f040         0x00000004         r
OPTION_SETTING_OFS2 0x02c9f044         0x00000004         r
OPTION_SETTING_SAS 0x02c9f074         0x00000004         r
OPTION_SETTING_OFS1 0x12c9f4c0         0x00000004         r
OPTION_SETTING_OFS1_SEC 0x02c9f0c0         0x00000004         r
OPTION_SETTING_OFS1_SEL 0x02c9f120         0x00000004         r
OPTION_SETTING_OFS3 0x12c9f4c4         0x00000004         r
OPTION_SETTING_OFS3_SEC 0x02c9f0c4         0x00000004         r
OPTION_SETTING_OFS3_SEL 0x02c9f124         0x00000004         r
OPTION_SETTING_BPS 0x12c9f600         0x00000080         r
OPTION_SETTING_BPS_SEC 0x02c9f200         0x00000080         r
OPTION_SETTING_OTP_FSBLCTRL0 0x02e07600         0x00000004         r
OPTION_SETTING_OTP_FSBLCTRL1 0x02e07604         0x00000004         r
OPTION_SETTING_OTP_FSBLCTRL2 0x02e07608         0x00000004         r
OPTION_SETTING_OTP_SAMR 0x02e07614         0x00000004         r
OPTION_SETTING_OTP_SACC00 0x02e07620         0x00000004         r
OPTION_SETTING_OTP_SACC10 0x02e07630         0x00000004         r
OPTION_SETTING_OTP_SACC01 0x02e07640         0x00000004         r
OPTION_SETTING_OTP_SACC11 0x02e07650         0x00000004         r
OPTION_SETTING_OTP_SACC02 0x02e07660         0x00000004         r
OPTION_SETTING_OTP_SACC12 0x02e07670         0x00000004         r
OPTION_SETTING_OTP_SACC03 0x02e07680         0x00000004         r
OPTION_SETTING_OTP_SACC13 0x02e07690         0x00000004         r
OPTION_SETTING_OTP_PBPS_SEC 0x02e17700         0x00000080         r
OPTION_SETTING_OTP_PBPS 0x12e17780         0x00000080         r
OPTION_SETTING_OTP_ZHUK 0x02e17920         0x00000004         r
ITCM             0x00000000         0x00020000         xrw
DTCM             0x20000000         0x00020000         xrw
*default*        0x00000000         0xffffffff

Linker script and memory map

LOAD C:/Renesas/RA/e2studio_v2025-12_fsp_v6.4.0/toolchains/gcc_arm/13.2.rel1/bin/../lib/gcc/arm-none-eabi/13.2.1/thumb/v8-m.main+dp/hard/crti.o
LOAD C:/Renesas/RA/e2studio_v2025-12_fsp_v6.4.0/toolchains/gcc_arm/13.2.rel1/bin/../lib/gcc/arm-none-eabi/13.2.1/thumb/v8-m.main+dp/hard/crtbegin.o
LOAD C:/Renesas/RA/e2studio_v2025-12_fsp_v6.4.0/toolchains/gcc_arm/13.2.rel1/bin/../lib/gcc/arm-none-eabi/13.2.1/thumb/v8-m.main+dp/hard/crt0.o
START GROUP
LOAD ./src/hal_entry.o
LOAD ./src/hal_warmstart.o
LOAD ./ra_gen/common_data.o
LOAD ./ra_gen/hal_data.o
LOAD ./ra_gen/main.o
LOAD ./ra_gen/pin_data.o
LOAD ./ra_gen/vector_data.o
LOAD ./ra/fsp/src/r_sci_b_uart/r_sci_b_uart.o
LOAD ./ra/fsp/src/r_ioport/r_ioport.o
LOAD ./ra/fsp/src/r_iic_master/r_iic_master.o
LOAD ./ra/fsp/src/r_gpt/r_gpt.o
LOAD ./ra/fsp/src/r_ceu/r_ceu.o
LOAD ./ra/fsp/src/bsp/mcu/ra8p1/bsp_linker.o
LOAD ./ra/fsp/src/bsp/mcu/all/bsp_clocks.o
LOAD ./ra/fsp/src/bsp/mcu/all/bsp_common.o
LOAD ./ra/fsp/src/bsp/mcu/all/bsp_delay.o
LOAD ./ra/fsp/src/bsp/mcu/all/bsp_group_irq.o
LOAD ./ra/fsp/src/bsp/mcu/all/bsp_guard.o
LOAD ./ra/fsp/src/bsp/mcu/all/bsp_io.o
LOAD ./ra/fsp/src/bsp/mcu/all/bsp_ipc.o
LOAD ./ra/fsp/src/bsp/mcu/all/bsp_irq.o
LOAD ./ra/fsp/src/bsp/mcu/all/bsp_macl.o
LOAD ./ra/fsp/src/bsp/mcu/all/bsp_ospi_b.o
LOAD ./ra/fsp/src/bsp/mcu/all/bsp_register_protection.o
LOAD ./ra/fsp/src/bsp/mcu/all/bsp_sbrk.o
LOAD ./ra/fsp/src/bsp/mcu/all/bsp_sdram.o
LOAD ./ra/fsp/src/bsp/mcu/all/bsp_security.o
LOAD ./ra/fsp/src/bsp/cmsis/Device/RENESAS/Source/startup.o
LOAD ./ra/fsp/src/bsp/cmsis/Device/RENESAS/Source/system.o
LOAD ./code/AS608pro.o
LOAD ./code/PN532_hal.o
LOAD ./code/esp32_comm.o
LOAD ./code/font.o
LOAD ./code/key.o
LOAD ./code/lcd.o
LOAD ./code/ov5640.o
LOAD ./code/pn532.o
LOAD ./code/text.o
LOAD ./code/tjc_usart_hmi.o
LOAD ./code/voice.o
END GROUP
START GROUP
LOAD C:/Renesas/RA/e2studio_v2025-12_fsp_v6.4.0/toolchains/gcc_arm/13.2.rel1/bin/../lib/gcc/arm-none-eabi/13.2.1/thumb/v8-m.main+dp/hard\libgcc.a
LOAD C:/Renesas/RA/e2studio_v2025-12_fsp_v6.4.0/toolchains/gcc_arm/13.2.rel1/bin/../lib/gcc/arm-none-eabi/13.2.1/thumb/v8-m.main+dp/hard\libg_nano.a
LOAD C:/Renesas/RA/e2studio_v2025-12_fsp_v6.4.0/toolchains/gcc_arm/13.2.rel1/bin/../lib/gcc/arm-none-eabi/13.2.1/thumb/v8-m.main+dp/hard\libc_nano.a
END GROUP
START GROUP
LOAD C:/Renesas/RA/e2studio_v2025-12_fsp_v6.4.0/toolchains/gcc_arm/13.2.rel1/bin/../lib/gcc/arm-none-eabi/13.2.1/thumb/v8-m.main+dp/hard\libgcc.a
LOAD C:/Renesas/RA/e2studio_v2025-12_fsp_v6.4.0/toolchains/gcc_arm/13.2.rel1/bin/../lib/gcc/arm-none-eabi/13.2.1/thumb/v8-m.main+dp/hard\libc_nano.a
LOAD C:/Renesas/RA/e2studio_v2025-12_fsp_v6.4.0/toolchains/gcc_arm/13.2.rel1/bin/../lib/gcc/arm-none-eabi/13.2.1/thumb/v8-m.main+dp/hard\libnosys.a
END GROUP
START GROUP
LOAD C:/Renesas/RA/e2studio_v2025-12_fsp_v6.4.0/toolchains/gcc_arm/13.2.rel1/bin/../lib/gcc/arm-none-eabi/13.2.1/thumb/v8-m.main+dp/hard\libgcc.a
LOAD C:/Renesas/RA/e2studio_v2025-12_fsp_v6.4.0/toolchains/gcc_arm/13.2.rel1/bin/../lib/gcc/arm-none-eabi/13.2.1/thumb/v8-m.main+dp/hard\libc_nano.a
LOAD C:/Renesas/RA/e2studio_v2025-12_fsp_v6.4.0/toolchains/gcc_arm/13.2.rel1/bin/../lib/gcc/arm-none-eabi/13.2.1/thumb/v8-m.main+dp/hard\libnosys.a
END GROUP
LOAD C:/Renesas/RA/e2studio_v2025-12_fsp_v6.4.0/toolchains/gcc_arm/13.2.rel1/bin/../lib/gcc/arm-none-eabi/13.2.1/thumb/v8-m.main+dp/hard/crtend.o
LOAD C:/Renesas/RA/e2studio_v2025-12_fsp_v6.4.0/toolchains/gcc_arm/13.2.rel1/bin/../lib/gcc/arm-none-eabi/13.2.1/thumb/v8-m.main+dp/hard/crtn.o
                0x22000000                        RAM_START = 0x22000000
                0x001d4000                        RAM_LENGTH = 0x1d4000
                0x02000000                        FLASH_START = 0x2000000
                0x00100000                        FLASH_LENGTH = 0x100000
                0x27000000                        DATA_FLASH_START = 0x27000000
                0x00000000                        DATA_FLASH_LENGTH = 0x0
                0x68000000                        SDRAM_START = 0x68000000
                0x08000000                        SDRAM_LENGTH = 0x8000000
                0x80000000                        OSPI0_CS0_START = 0x80000000
                0x10000000                        OSPI0_CS0_LENGTH = 0x10000000
                0x90000000                        OSPI0_CS1_START = 0x90000000
                0x10000000                        OSPI0_CS1_LENGTH = 0x10000000
                0x70000000                        OSPI1_CS0_START = 0x70000000
                0x08000000                        OSPI1_CS0_LENGTH = 0x8000000
                0x78000000                        OSPI1_CS1_START = 0x78000000
                0x08000000                        OSPI1_CS1_LENGTH = 0x8000000
                0x02c9f040                        OPTION_SETTING_OFS0_START = 0x2c9f040
                0x00000004                        OPTION_SETTING_OFS0_LENGTH = 0x4
                0x02c9f044                        OPTION_SETTING_OFS2_START = 0x2c9f044
                0x00000004                        OPTION_SETTING_OFS2_LENGTH = 0x4
                0x02c9f074                        OPTION_SETTING_SAS_START = 0x2c9f074
                0x00000004                        OPTION_SETTING_SAS_LENGTH = 0x4
                0x12c9f4c0                        OPTION_SETTING_OFS1_START = 0x12c9f4c0
                0x00000004                        OPTION_SETTING_OFS1_LENGTH = 0x4
                0x02c9f0c0                        OPTION_SETTING_OFS1_SEC_START = 0x2c9f0c0
                0x00000004                        OPTION_SETTING_OFS1_SEC_LENGTH = 0x4
                0x02c9f120                        OPTION_SETTING_OFS1_SEL_START = 0x2c9f120
                0x00000004                        OPTION_SETTING_OFS1_SEL_LENGTH = 0x4
                0x12c9f4c4                        OPTION_SETTING_OFS3_START = 0x12c9f4c4
                0x00000004                        OPTION_SETTING_OFS3_LENGTH = 0x4
                0x02c9f0c4                        OPTION_SETTING_OFS3_SEC_START = 0x2c9f0c4
                0x00000004                        OPTION_SETTING_OFS3_SEC_LENGTH = 0x4
                0x02c9f124                        OPTION_SETTING_OFS3_SEL_START = 0x2c9f124
                0x00000004                        OPTION_SETTING_OFS3_SEL_LENGTH = 0x4
                0x12c9f600                        OPTION_SETTING_BPS_START = 0x12c9f600
                0x00000080                        OPTION_SETTING_BPS_LENGTH = 0x80
                0x02c9f200                        OPTION_SETTING_BPS_SEC_START = 0x2c9f200
                0x00000080                        OPTION_SETTING_BPS_SEC_LENGTH = 0x80
                0x02e07600                        OPTION_SETTING_OTP_FSBLCTRL0_START = 0x2e07600
                0x00000004                        OPTION_SETTING_OTP_FSBLCTRL0_LENGTH = 0x4
                0x02e07604                        OPTION_SETTING_OTP_FSBLCTRL1_START = 0x2e07604
                0x00000004                        OPTION_SETTING_OTP_FSBLCTRL1_LENGTH = 0x4
                0x02e07608                        OPTION_SETTING_OTP_FSBLCTRL2_START = 0x2e07608
                0x00000004                        OPTION_SETTING_OTP_FSBLCTRL2_LENGTH = 0x4
                0x02e07614                        OPTION_SETTING_OTP_SAMR_START = 0x2e07614
                0x00000004                        OPTION_SETTING_OTP_SAMR_LENGTH = 0x4
                0x02e07620                        OPTION_SETTING_OTP_SACC00_START = 0x2e07620
                0x00000004                        OPTION_SETTING_OTP_SACC00_LENGTH = 0x4
                0x02e07630                        OPTION_SETTING_OTP_SACC10_START = 0x2e07630
                0x00000004                        OPTION_SETTING_OTP_SACC10_LENGTH = 0x4
                0x02e07640                        OPTION_SETTING_OTP_SACC01_START = 0x2e07640
                0x00000004                        OPTION_SETTING_OTP_SACC01_LENGTH = 0x4
                0x02e07650                        OPTION_SETTING_OTP_SACC11_START = 0x2e07650
                0x00000004                        OPTION_SETTING_OTP_SACC11_LENGTH = 0x4
                0x02e07660                        OPTION_SETTING_OTP_SACC02_START = 0x2e07660
                0x00000004                        OPTION_SETTING_OTP_SACC02_LENGTH = 0x4
                0x02e07670                        OPTION_SETTING_OTP_SACC12_START = 0x2e07670
                0x00000004                        OPTION_SETTING_OTP_SACC12_LENGTH = 0x4
                0x02e07680                        OPTION_SETTING_OTP_SACC03_START = 0x2e07680
                0x00000004                        OPTION_SETTING_OTP_SACC03_LENGTH = 0x4
                0x02e07690                        OPTION_SETTING_OTP_SACC13_START = 0x2e07690
                0x00000004                        OPTION_SETTING_OTP_SACC13_LENGTH = 0x4
                0x02e17700                        OPTION_SETTING_OTP_PBPS_SEC_START = 0x2e17700
                0x00000080                        OPTION_SETTING_OTP_PBPS_SEC_LENGTH = 0x80
                0x12e17780                        OPTION_SETTING_OTP_PBPS_START = 0x12e17780
                0x00000080                        OPTION_SETTING_OTP_PBPS_LENGTH = 0x80
                0x02e17920                        OPTION_SETTING_OTP_ZHUK_START = 0x2e17920
                0x00000004                        OPTION_SETTING_OTP_ZHUK_LENGTH = 0x4
                0x00000000                        ITCM_START = 0x0
                0x00020000                        ITCM_LENGTH = 0x20000
                0x20000000                        DTCM_START = 0x20000000
                0x00020000                        DTCM_LENGTH = 0x20000
START GROUP
LOAD C:/Renesas/RA/e2studio_v2025-12_fsp_v6.4.0/toolchains/gcc_arm/13.2.rel1/bin/../lib/gcc/arm-none-eabi/13.2.1/thumb/v8-m.main+dp/hard\libgcc.a
LOAD C:/Renesas/RA/e2studio_v2025-12_fsp_v6.4.0/toolchains/gcc_arm/13.2.rel1/bin/../lib/gcc/arm-none-eabi/13.2.1/thumb/v8-m.main+dp/hard\libc.a
LOAD C:/Renesas/RA/e2studio_v2025-12_fsp_v6.4.0/toolchains/gcc_arm/13.2.rel1/bin/../lib/gcc/arm-none-eabi/13.2.1/thumb/v8-m.main+dp/hard\libm.a
END GROUP

.ospi0_cs1.startof
                0x90000000        0x0
                0x90000000                        __ddsc_OSPI0_CS1_START = .

.sdram.startof  0x68000000        0x0
                0x68000000                        __ddsc_SDRAM_START = .

__sdram_from_ospi0_cs1$$
                0x68000000        0x0 load address 0x90000000
                0x68000000                        __sdram_from_ospi0_cs1$$Base = .
                0x90000000                        __sdram_from_ospi0_cs1$$Load = LOADADDR (__sdram_from_ospi0_cs1$$)
 *(.sdram_from_ospi0_cs1)
 *(.sdram_code_from_ospi0_cs1)
                0x68000000                        __sdram_from_ospi0_cs1$$Limit = .

.ospi0_cs0.startof
                0x80000000        0x0
                0x80000000                        __ddsc_OSPI0_CS0_START = .

__ospi0_cs0_from_ospi0_cs1$$
                0x80000000        0x0 load address 0x90000000
                0x80000000                        __ospi0_cs0_from_ospi0_cs1$$Base = .
                0x90000000                        __ospi0_cs0_from_ospi0_cs1$$Load = LOADADDR (__ospi0_cs0_from_ospi0_cs1$$)
 *(.ospi0_cs0_from_ospi0_cs1)
 *(.ospi0_cs0_code_from_ospi0_cs1)
                0x80000000                        __ospi0_cs0_from_ospi0_cs1$$Limit = .

.ospi1_cs0.startof
                0x70000000        0x0
                0x70000000                        __ddsc_OSPI1_CS0_START = .

__ospi1_cs0_from_ospi0_cs1$$
                0x70000000        0x0 load address 0x90000000
                0x70000000                        __ospi1_cs0_from_ospi0_cs1$$Base = .
                0x90000000                        __ospi1_cs0_from_ospi0_cs1$$Load = LOADADDR (__ospi1_cs0_from_ospi0_cs1$$)
 *(.ospi1_cs0_from_ospi0_cs1)
 *(.ospi1_cs0_code_from_ospi0_cs1)
                0x70000000                        __ospi1_cs0_from_ospi0_cs1$$Limit = .

.itcm.startof   0x00000000        0x0
                0x00000000                        __ddsc_ITCM_START = .

__itcm_from_ospi0_cs1$$
                0x00000000        0x0 load address 0x90000000
                0x00000000                        __itcm_from_ospi0_cs1$$Base = .
                0x90000000                        __itcm_from_ospi0_cs1$$Load = LOADADDR (__itcm_from_ospi0_cs1$$)
 *(.itcm_from_ospi0_cs1)
 *(.itcm_code_from_ospi0_cs1)
                0x00000000                        __itcm_from_ospi0_cs1$$Limit = .

.dtcm.startof   0x20000000        0x0
                0x20000000                        __ddsc_DTCM_START = .

__dtcm_from_ospi0_cs1$$
                0x20000000        0x0 load address 0x90000000
                0x20000000                        __dtcm_from_ospi0_cs1$$Base = .
                0x90000000                        __dtcm_from_ospi0_cs1$$Load = LOADADDR (__dtcm_from_ospi0_cs1$$)
 *(.dtcm_from_ospi0_cs1)
 *(.dtcm_code_from_ospi0_cs1)
                0x20000000                        __dtcm_from_ospi0_cs1$$Limit = .

.ram.startof    0x22000000        0x0
                0x22000000                        __ddsc_RAM_START = .

__ram_dtc_vector$$
                0x22000000        0x0
                0x22000000                        __ram_dtc_vector$$Base = .
 *(.fsp_dtc_vector_table)
                0x22000000                        __ram_dtc_vector$$Limit = .

__ram_from_ospi0_cs1$$
                0x22000000        0x0 load address 0x90000000
                0x22000000                        __ram_from_ospi0_cs1$$Base = .
                0x90000000                        __ram_from_ospi0_cs1$$Load = LOADADDR (__ram_from_ospi0_cs1$$)
 *(.ram_from_ospi0_cs1)
 *(.ram_code_from_ospi0_cs1)
                0x22000000                        __ram_from_ospi0_cs1$$Limit = .

__ospi0_cs1_readonly$$
                0x90000000        0x0
                0x90000000                        __ospi0_cs1_readonly$$Base = .
 *(.ospi0_cs1)
 *(.ospi0_cs1_code)
                0x90000000                        __ospi0_cs1_readonly$$Limit = .

__ospi0_cs1_noinit$$
                0x90000000        0x0
                0x90000000                        __ospi0_cs1_noinit$$Base = .
 *(.ospi0_cs1_noinit)
                0x90000000                        __ospi0_cs1_noinit$$Limit = .

.ospi0_cs1.endof
                0x90000000        0x0
                0x90000000                        __ddsc_OSPI0_CS1_END = .

.ospi1_cs1.startof
                0x78000000        0x0
                0x78000000                        __ddsc_OSPI1_CS1_START = .

__sdram_from_ospi1_cs1$$
                0x68000000        0x0 load address 0x78000000
                0x68000000                        __sdram_from_ospi1_cs1$$Base = .
                0x78000000                        __sdram_from_ospi1_cs1$$Load = LOADADDR (__sdram_from_ospi1_cs1$$)
 *(.sdram_from_ospi1_cs1)
 *(.sdram_code_from_ospi1_cs1)
                0x68000000                        __sdram_from_ospi1_cs1$$Limit = .

__ospi0_cs0_from_ospi1_cs1$$
                0x80000000        0x0 load address 0x78000000
                0x80000000                        __ospi0_cs0_from_ospi1_cs1$$Base = .
                0x78000000                        __ospi0_cs0_from_ospi1_cs1$$Load = LOADADDR (__ospi0_cs0_from_ospi1_cs1$$)
 *(.ospi0_cs0_from_ospi1_cs1)
 *(.ospi0_cs0_code_from_ospi1_cs1)
                0x80000000                        __ospi0_cs0_from_ospi1_cs1$$Limit = .

__ospi1_cs0_from_ospi1_cs1$$
                0x70000000        0x0 load address 0x78000000
                0x70000000                        __ospi1_cs0_from_ospi1_cs1$$Base = .
                0x78000000                        __ospi1_cs0_from_ospi1_cs1$$Load = LOADADDR (__ospi1_cs0_from_ospi1_cs1$$)
 *(.ospi1_cs0_from_ospi1_cs1)
 *(.ospi1_cs0_code_from_ospi1_cs1)
                0x70000000                        __ospi1_cs0_from_ospi1_cs1$$Limit = .

__itcm_from_ospi1_cs1$$
                0x00000000        0x0 load address 0x78000000
                0x00000000                        __itcm_from_ospi1_cs1$$Base = .
                0x78000000                        __itcm_from_ospi1_cs1$$Load = LOADADDR (__itcm_from_ospi1_cs1$$)
 *(.itcm_from_ospi1_cs1)
 *(.itcm_code_from_ospi1_cs1)
                0x00000000                        __itcm_from_ospi1_cs1$$Limit = .

__dtcm_from_ospi1_cs1$$
                0x20000000        0x0 load address 0x78000000
                0x20000000                        __dtcm_from_ospi1_cs1$$Base = .
                0x78000000                        __dtcm_from_ospi1_cs1$$Load = LOADADDR (__dtcm_from_ospi1_cs1$$)
 *(.dtcm_from_ospi1_cs1)
 *(.dtcm_code_from_ospi1_cs1)
                0x20000000                        __dtcm_from_ospi1_cs1$$Limit = .

__ram_from_ospi1_cs1$$
                0x22000000        0x0 load address 0x78000000
                0x22000000                        __ram_from_ospi1_cs1$$Base = .
                0x78000000                        __ram_from_ospi1_cs1$$Load = LOADADDR (__ram_from_ospi1_cs1$$)
 *(.ram_from_ospi1_cs1)
 *(.ram_code_from_ospi1_cs1)
                0x22000000                        __ram_from_ospi1_cs1$$Limit = .

__ospi1_cs1_readonly$$
                0x78000000        0x0
                0x78000000                        __ospi1_cs1_readonly$$Base = .
 *(.ospi1_cs1)
 *(.ospi1_cs1_code)
                0x78000000                        __ospi1_cs1_readonly$$Limit = .

__ospi1_cs1_noinit$$
                0x78000000        0x0
                0x78000000                        __ospi1_cs1_noinit$$Base = .
 *(.ospi1_cs1_noinit)
                0x78000000                        __ospi1_cs1_noinit$$Limit = .

.ospi1_cs1.endof
                0x78000000        0x0
                0x78000000                        __ddsc_OSPI1_CS1_END = .

.data_flash.startof
                0x27000000        0x0
                0x27000000                        __ddsc_DATA_FLASH_START = .

__sdram_from_data_flash$$
                0x68000000        0x0 load address 0x27000000
                0x68000000                        __sdram_from_data_flash$$Base = .
                0x27000000                        __sdram_from_data_flash$$Load = LOADADDR (__sdram_from_data_flash$$)
 *(.sdram_from_data_flash)
 *(.sdram_code_from_data_flash)
                0x68000000                        __sdram_from_data_flash$$Limit = .

__ospi0_cs0_from_data_flash$$
                0x80000000        0x0 load address 0x27000000
                0x80000000                        __ospi0_cs0_from_data_flash$$Base = .
                0x27000000                        __ospi0_cs0_from_data_flash$$Load = LOADADDR (__ospi0_cs0_from_data_flash$$)
 *(.ospi0_cs0_from_data_flash)
 *(.ospi0_cs0_code_from_data_flash)
                0x80000000                        __ospi0_cs0_from_data_flash$$Limit = .

__ospi1_cs0_from_data_flash$$
                0x70000000        0x0 load address 0x27000000
                0x70000000                        __ospi1_cs0_from_data_flash$$Base = .
                0x27000000                        __ospi1_cs0_from_data_flash$$Load = LOADADDR (__ospi1_cs0_from_data_flash$$)
 *(.ospi1_cs0_from_data_flash)
 *(.ospi1_cs0_code_from_data_flash)
                0x70000000                        __ospi1_cs0_from_data_flash$$Limit = .

__itcm_from_data_flash$$
                0x00000000        0x0 load address 0x27000000
                0x00000000                        __itcm_from_data_flash$$Base = .
                0x27000000                        __itcm_from_data_flash$$Load = LOADADDR (__itcm_from_data_flash$$)
 *(.itcm_from_data_flash)
 *(.itcm_code_from_data_flash)
                0x00000000                        __itcm_from_data_flash$$Limit = .

__dtcm_from_data_flash$$
                0x20000000        0x0 load address 0x27000000
                0x20000000                        __dtcm_from_data_flash$$Base = .
                0x27000000                        __dtcm_from_data_flash$$Load = LOADADDR (__dtcm_from_data_flash$$)
 *(.dtcm_from_data_flash)
 *(.dtcm_code_from_data_flash)
                0x20000000                        __dtcm_from_data_flash$$Limit = .

__ram_from_data_flash$$
                0x22000000        0x0 load address 0x27000000
                0x22000000                        __ram_from_data_flash$$Base = .
                0x27000000                        __ram_from_data_flash$$Load = LOADADDR (__ram_from_data_flash$$)
 *(.ram_from_data_flash)
 *(.ram_code_from_data_flash)
                0x22000000                        __ram_from_data_flash$$Limit = .

__data_flash_readonly$$
                0x27000000        0x0
                0x27000000                        __data_flash_readonly$$Base = .
 *(.data_flash)
 *(.data_flash_code)
                0x27000000                        __data_flash_readonly$$Limit = .

__data_flash_noinit$$
                0x27000000        0x0
                0x27000000                        __data_flash_noinit$$Base = .
 *(.data_flash_noinit)
                0x27000000                        __data_flash_noinit$$Limit = .

.data_flash.endof
                0x27000000        0x0
                0x27000000                        __ddsc_DATA_FLASH_END = .

.flash.startof  0x02000000        0x0
                0x02000000                        __ddsc_FLASH_START = .

__flash_vectors$$
                0x02000000       0xb8
                0x02000000                        __flash_vectors$$Base = .
                0x02000000                        _VECTORS = .
 *(.fixed_vectors)
 .fixed_vectors
                0x02000000       0x40 ./ra/fsp/src/bsp/cmsis/Device/RENESAS/Source/startup.o
                0x02000000                __Vectors
 *(.application_vectors)
 .application_vectors
                0x02000040       0x78 ./ra_gen/vector_data.o
                0x02000040                g_vector_table
                0x020000b8                        __flash_vectors$$Limit = .

__flash_noinit$$
                0x020000b8        0x0
                0x020000b8                        __flash_noinit$$Base = .
 *(.flash_noinit)
                0x020000b8                        __flash_noinit$$Limit = .

__sdram_from_flash$$
                0x68000000        0x0 load address 0x020000b8
                0x68000000                        __sdram_from_flash$$Base = .
                0x020000b8                        __sdram_from_flash$$Load = LOADADDR (__sdram_from_flash$$)
 *(.sdram_from_flash)
 *(.sdram_code_from_flash)
                0x68000000                        __sdram_from_flash$$Limit = .

__sdram_noinit_nocache$$
                0x68000000        0x0 load address 0x020000c0
                0x68000000                        __sdram_noinit_nocache$$Base = .
 *(.bss.sdram_noinit)
 *(.sdram_noinit_nocache)
                0x68000000                        __sdram_noinit_nocache$$Limit = .

__sdram_zero_nocache$$
                0x68000000        0x0 load address 0x020000b8
                0x68000000                        __sdram_zero_nocache$$Base = .
 *(.sdram_nocache)
                0x68000000                        . = ALIGN (0x20)
                0x68000000                        __sdram_zero_nocache$$Limit = .

__sdram_noinit$$
                0x68000000    0x25800 load address 0x020000b8
                0x68000000                        __sdram_noinit$$Base = .
 *(.sdram_noinit)
 .sdram_noinit  0x68000000    0x25800 ./src/hal_entry.o
                0x68025800                        __sdram_noinit$$Limit = .

__sdram_zero$$  0x68025800        0x0 load address 0x020000b8
                0x68025800                        __sdram_zero$$Base = .
 *(.sdram)
                0x68025800                        __sdram_zero$$Limit = .

.sdram.endof    0x68025800        0x0
                0x68025800                        __ddsc_SDRAM_END = .

__ospi0_cs0_from_flash$$
                0x80000000        0x0 load address 0x020000b8
                0x80000000                        __ospi0_cs0_from_flash$$Base = .
                0x020000b8                        __ospi0_cs0_from_flash$$Load = LOADADDR (__ospi0_cs0_from_flash$$)
 *(.ospi0_cs0_from_flash)
 *(.ospi0_cs0_code_from_flash)
                0x80000000                        __ospi0_cs0_from_flash$$Limit = .

__ospi0_cs0_noinit_nocache$$
                0x80000000        0x0 load address 0x020000c0
                0x80000000                        __ospi0_cs0_noinit_nocache$$Base = .
 *(.ospi0_cs0_noinit_nocache)
                0x80000000                        __ospi0_cs0_noinit_nocache$$Limit = .

__ospi0_cs0_zero_nocache$$
                0x80000000        0x0 load address 0x020000b8
                0x80000000                        __ospi0_cs0_zero_nocache$$Base = .
 *(.ospi0_cs0_nocache)
                0x80000000                        . = ALIGN (0x20)
                0x80000000                        __ospi0_cs0_zero_nocache$$Limit = .

__ospi0_cs0_noinit$$
                0x80000000        0x0 load address 0x020000b8
                0x80000000                        __ospi0_cs0_noinit$$Base = .
 *(.ospi0_cs0_noinit)
                0x80000000                        __ospi0_cs0_noinit$$Limit = .

__ospi0_cs0_zero$$
                0x80000000        0x0 load address 0x020000b8
                0x80000000                        __ospi0_cs0_zero$$Base = .
 *(.ospi0_cs0)
                0x80000000                        __ospi0_cs0_zero$$Limit = .

.ospi0_cs0.endof
                0x80000000        0x0
                0x80000000                        __ddsc_OSPI0_CS0_END = .

__ospi1_cs0_from_flash$$
                0x70000000        0x0 load address 0x020000b8
                0x70000000                        __ospi1_cs0_from_flash$$Base = .
                0x020000b8                        __ospi1_cs0_from_flash$$Load = LOADADDR (__ospi1_cs0_from_flash$$)
 *(.ospi1_cs0_from_flash)
 *(.ospi1_cs0_code_from_flash)
                0x70000000                        __ospi1_cs0_from_flash$$Limit = .

__ospi1_cs0_noinit_nocache$$
                0x70000000        0x0 load address 0x020000c0
                0x70000000                        __ospi1_cs0_noinit_nocache$$Base = .
 *(.ospi1_cs0_noinit_nocache)
                0x70000000                        __ospi1_cs0_noinit_nocache$$Limit = .

__ospi1_cs0_zero_nocache$$
                0x70000000        0x0 load address 0x020000b8
                0x70000000                        __ospi1_cs0_zero_nocache$$Base = .
 *(.ospi1_cs0_nocache)
                0x70000000                        . = ALIGN (0x20)
                0x70000000                        __ospi1_cs0_zero_nocache$$Limit = .

__ospi1_cs0_noinit$$
                0x70000000        0x0 load address 0x020000b8
                0x70000000                        __ospi1_cs0_noinit$$Base = .
 *(.ospi1_cs0_noinit)
                0x70000000                        __ospi1_cs0_noinit$$Limit = .

__ospi1_cs0_zero$$
                0x70000000        0x0 load address 0x020000b8
                0x70000000                        __ospi1_cs0_zero$$Base = .
 *(.ospi1_cs0)
                0x70000000                        __ospi1_cs0_zero$$Limit = .

.ospi1_cs0.endof
                0x70000000        0x0
                0x70000000                        __ddsc_OSPI1_CS0_END = .

__itcm_from_flash$$
                0x00000000        0x0 load address 0x020000b8
                0x00000000                        __itcm_from_flash$$Base = .
                0x020000b8                        __itcm_from_flash$$Load = LOADADDR (__itcm_from_flash$$)
 *(.itcm_from_flash)
 *(.itcm_code_from_flash)
                0x00000000                        __itcm_from_flash$$Limit = .

__itcm_noinit$$
                0x00000000        0x0 load address 0x020000b8
                0x00000000                        __itcm_noinit$$Base = .
 *(.itcm_noinit)
                0x00000000                        __itcm_noinit$$Limit = .

__itcm_zero$$   0x00000000        0x0 load address 0x020000b8
                0x00000000                        __itcm_zero$$Base = .
 *(.itcm)
                0x00000000                        __itcm_zero$$Limit = .

.itcm.endof     0x00000000        0x0
                0x00000000                        __ddsc_ITCM_END = .

__dtcm_from_flash$$
                0x20000000        0x0 load address 0x020000b8
                0x20000000                        __dtcm_from_flash$$Base = .
                0x020000b8                        __dtcm_from_flash$$Load = LOADADDR (__dtcm_from_flash$$)
 *(.dtcm_from_flash)
 *(.dtcm_code_from_flash)
                0x20000000                        __dtcm_from_flash$$Limit = .

__dtcm_noinit$$
                0x20000000        0x0 load address 0x020000b8
                0x20000000                        __dtcm_noinit$$Base = .
 *(.dtcm_noinit)
                0x20000000                        __dtcm_noinit$$Limit = .

__dtcm_zero$$   0x20000000        0x0 load address 0x020000b8
                0x20000000                        __dtcm_zero$$Base = .
 *(.dtcm)
                0x20000000                        __dtcm_zero$$Limit = .

.dtcm.endof     0x20000000        0x0
                0x20000000                        __ddsc_DTCM_END = .

__ram_from_flash$$
                0x22000000      0x278 load address 0x020000b8
                0x22000000                        __ram_from_flash$$Base = .
                0x020000b8                        __ram_from_flash$$Load = LOADADDR (__ram_from_flash$$)
 *(.ram_from_flash)
 *(.ram_code_from_flash)
 *(.data*)
 .data.g_uart9_tx_done
                0x22000000        0x1 ./src/hal_entry.o
                0x22000000                g_uart9_tx_done
 *fill*         0x22000001        0x3 
 .data.g_uart9_baud_setting
                0x22000004        0x4 ./ra_gen/hal_data.o
                0x22000004                g_uart9_baud_setting
 .data.g_uart6_baud_setting
                0x22000008        0x4 ./ra_gen/hal_data.o
                0x22000008                g_uart6_baud_setting
 .data.g_uart1_baud_setting
                0x2200000c        0x4 ./ra_gen/hal_data.o
                0x2200000c                g_uart1_baud_setting
 .data.g_uart2_baud_setting
                0x22000010        0x4 ./ra_gen/hal_data.o
                0x22000010                g_uart2_baud_setting
 .data.g_uart3_baud_setting
                0x22000014        0x4 ./ra_gen/hal_data.o
                0x22000014                g_uart3_baud_setting
 .data.AS608Addr
                0x22000018        0x4 ./code/AS608pro.o
                0x22000018                AS608Addr
 .data.rtc_day  0x2200001c        0x1 ./code/esp32_comm.o
 .data.rtc_month
                0x2200001d        0x1 ./code/esp32_comm.o
 .data.rtc_year
                0x2200001e        0x2 ./code/esp32_comm.o
 .data.g_sync_day
                0x22000020        0x1 ./code/esp32_comm.o
 .data.g_sync_month
                0x22000021        0x1 ./code/esp32_comm.o
 .data.g_sync_year
                0x22000022        0x2 ./code/esp32_comm.o
 .data.g_uart3_tx_done
                0x22000024        0x1 ./code/esp32_comm.o
 *fill*         0x22000025        0x1 
 .data.BACK_COLOR
                0x22000026        0x2 ./code/lcd.o
                0x22000026                BACK_COLOR
 .data.num_cards
                0x22000028        0x1 ./code/pn532.o
                0x22000028                num_cards
 *fill*         0x22000029        0x3 
 .data.authorized_cards
                0x2200002c       0x80 ./code/pn532.o
                0x2200002c                authorized_cards
 .data.g_uart1_tx_done
                0x220000ac        0x1 ./code/voice.o
 *fill*         0x220000ad        0x3 
 .data.__sglue  0x220000b0        0xc C:/Renesas/RA/e2studio_v2025-12_fsp_v6.4.0/toolchains/gcc_arm/13.2.rel1/bin/../lib/gcc/arm-none-eabi/13.2.1/thumb/v8-m.main+dp/hard\libg_nano.a(libc_a-findfp.o)
                0x220000b0                __sglue
 .data._impure_ptr
                0x220000bc        0x4 C:/Renesas/RA/e2studio_v2025-12_fsp_v6.4.0/toolchains/gcc_arm/13.2.rel1/bin/../lib/gcc/arm-none-eabi/13.2.1/thumb/v8-m.main+dp/hard\libg_nano.a(libc_a-impure.o)
                0x220000bc                _impure_ptr
 .data._impure_data
                0x220000c0       0x4c C:/Renesas/RA/e2studio_v2025-12_fsp_v6.4.0/toolchains/gcc_arm/13.2.rel1/bin/../lib/gcc/arm-none-eabi/13.2.1/thumb/v8-m.main+dp/hard\libg_nano.a(libc_a-impure.o)
                0x220000c0                _impure_data
 .data.__global_locale
                0x2200010c      0x16c C:/Renesas/RA/e2studio_v2025-12_fsp_v6.4.0/toolchains/gcc_arm/13.2.rel1/bin/../lib/gcc/arm-none-eabi/13.2.1/thumb/v8-m.main+dp/hard\libg_nano.a(libc_a-locale.o)
                0x2200010c                __global_locale
 *(vtable)
                0x22000278                        __ram_from_flash$$Limit = .

.tm_clone_table
                0x22000278        0x0 load address 0x02000330
 .tm_clone_table
                0x22000278        0x0 C:/Renesas/RA/e2studio_v2025-12_fsp_v6.4.0/toolchains/gcc_arm/13.2.rel1/bin/../lib/gcc/arm-none-eabi/13.2.1/thumb/v8-m.main+dp/hard/crtbegin.o
 .tm_clone_table
                0x22000278        0x0 C:/Renesas/RA/e2studio_v2025-12_fsp_v6.4.0/toolchains/gcc_arm/13.2.rel1/bin/../lib/gcc/arm-none-eabi/13.2.1/thumb/v8-m.main+dp/hard/crtend.o

.igot.plt       0x22000278        0x0 load address 0x02000330
 .igot.plt      0x22000278        0x0 C:/Renesas/RA/e2studio_v2025-12_fsp_v6.4.0/toolchains/gcc_arm/13.2.rel1/bin/../lib/gcc/arm-none-eabi/13.2.1/thumb/v8-m.main+dp/hard/crtbegin.o

__ram_noinit_nocache$$
                0x22000280        0x0 load address 0x02000340
                0x22000280                        __ram_noinit_nocache$$Base = .
 *(.ram_noinit_nocache)
                0x22000280                        __ram_noinit_nocache$$Limit = .

__ram_zero_nocache$$
                0x22000278        0x8 load address 0x02000330
                0x22000278                        __ram_zero_nocache$$Base = .
 *(.ram_nocache)
                0x22000280                        . = ALIGN (0x20)
 *fill*         0x22000278        0x8 
                0x22000280                        __ram_zero_nocache$$Limit = .

__ram_noinit$$  0x22000280     0x602c load address 0x02000330
                0x22000280                        __ram_noinit$$Base = .
 *(.bss.g_heap)
 .bss.g_heap    0x22000280     0x2000 ./ra/fsp/src/bsp/cmsis/Device/RENESAS/Source/startup.o
                0x22000280                g_heap
 *(.bss.g_main_stack)
 .bss.g_main_stack
                0x22002280     0x4000 ./ra/fsp/src/bsp/cmsis/Device/RENESAS/Source/startup.o
                0x22002280                g_main_stack
 *(.ram_noinit)
 .ram_noinit    0x22006280       0x2c ./ra/fsp/src/bsp/mcu/all/bsp_clocks.o
 *(.noinit)
                0x220062ac                        __ram_noinit$$Limit = .

__ram_zero$$    0x220062b0      0xd24 load address 0x02000330
                0x220062b0                        __ram_zero$$Base = .
 *(.ram)
 *(.bss*)
 .bss.completed.1
                0x220062b0        0x1 C:/Renesas/RA/e2studio_v2025-12_fsp_v6.4.0/toolchains/gcc_arm/13.2.rel1/bin/../lib/gcc/arm-none-eabi/13.2.1/thumb/v8-m.main+dp/hard/crtbegin.o
 *fill*         0x220062b1        0x3 
 .bss.object.0  0x220062b4       0x18 C:/Renesas/RA/e2studio_v2025-12_fsp_v6.4.0/toolchains/gcc_arm/13.2.rel1/bin/../lib/gcc/arm-none-eabi/13.2.1/thumb/v8-m.main+dp/hard/crtbegin.o
 .bss.motor_flag
                0x220062cc        0x4 ./src/hal_entry.o
                0x220062cc                motor_flag
 .bss.g_ioport_ctrl
                0x220062d0        0x8 ./ra_gen/common_data.o
                0x220062d0                g_ioport_ctrl
 .bss.g_uart9_ctrl
                0x220062d8       0x34 ./ra_gen/hal_data.o
                0x220062d8                g_uart9_ctrl
 .bss.g_ceu0_ctrl
                0x2200630c       0x20 ./ra_gen/hal_data.o
                0x2200630c                g_ceu0_ctrl
 .bss.g_i2c_master0_ctrl
                0x2200632c       0x40 ./ra_gen/hal_data.o
                0x2200632c                g_i2c_master0_ctrl
 .bss.g_uart6_ctrl
                0x2200636c       0x34 ./ra_gen/hal_data.o
                0x2200636c                g_uart6_ctrl
 .bss.g_i2c2_ctrl
                0x220063a0       0x40 ./ra_gen/hal_data.o
                0x220063a0                g_i2c2_ctrl
 .bss.g_uart1_ctrl
                0x220063e0       0x34 ./ra_gen/hal_data.o
                0x220063e0                g_uart1_ctrl
 .bss.g_uart2_ctrl
                0x22006414       0x34 ./ra_gen/hal_data.o
                0x22006414                g_uart2_ctrl
 .bss.g_uart3_ctrl
                0x22006448       0x34 ./ra_gen/hal_data.o
                0x22006448                g_uart3_ctrl
 .bss.g_timer_1ms_ctrl
                0x2200647c       0x20 ./ra_gen/hal_data.o
                0x2200647c                g_timer_1ms_ctrl
 *fill*         0x2200649c        0x4 
 .bss.g_bsp_group_irq_sources
                0x220064a0       0x54 ./ra/fsp/src/bsp/mcu/all/bsp_group_irq.o
                0x220064a0                g_bsp_group_irq_sources
 .bss.g_protect_pfswe_counter
                0x220064f4        0x4 ./ra/fsp/src/bsp/mcu/all/bsp_io.o
                0x220064f4                g_protect_pfswe_counter
 .bss.gp_renesas_isr_context
                0x220064f8       0x78 ./ra/fsp/src/bsp/mcu/all/bsp_irq.o
                0x220064f8                gp_renesas_isr_context
 .bss.g_protect_counters
                0x22006570        0xa ./ra/fsp/src/bsp/mcu/all/bsp_register_protection.o
                0x22006570                g_protect_counters
 *fill*         0x2200657a        0x2 
 .bss.current_block_offset.0
                0x2200657c        0x4 ./ra/fsp/src/bsp/mcu/all/bsp_sbrk.o
 .bss.SystemCoreClock
                0x22006580        0x4 ./ra/fsp/src/bsp/cmsis/Device/RENESAS/Source/system.o
                0x22006580                SystemCoreClock
 .bss.press_state.0
                0x22006584        0x1 ./code/AS608pro.o
 *fill*         0x22006585        0x1 
 .bss.ValidN    0x22006586        0x2 ./code/AS608pro.o
                0x22006586                ValidN
 .bss.AS608Para
                0x22006588        0xc ./code/AS608pro.o
                0x22006588                AS608Para
 .bss.rx_timeout_counter
                0x22006594        0x4 ./code/AS608pro.o
 .bss.g_uart2_rx_complete
                0x22006598        0x1 ./code/AS608pro.o
 .bss.g_uart2_tx_complete
                0x22006599        0x1 ./code/AS608pro.o
 .bss.level     0x2200659a        0x1 ./code/AS608pro.o
                0x2200659a                level
 *fill*         0x2200659b        0x5 
 .bss.str1      0x220065a0       0x64 ./code/AS608pro.o
                0x220065a0                str1
 *fill*         0x22006604        0x4 
 .bss.AS608_USART_RX_BUF
                0x22006608      0x190 ./code/AS608pro.o
                0x22006608                AS608_USART_RX_BUF
 .bss.AS608_USART_RX_STA
                0x22006798        0x2 ./code/AS608pro.o
                0x22006798                AS608_USART_RX_STA
 *fill*         0x2200679a        0x2 
 .bss.g_pn532_i2c_last_error
                0x2200679c        0x4 ./code/PN532_hal.o
 .bss.g_system_tick_ms
                0x220067a0        0x4 ./code/PN532_hal.o
 .bss.g_pn532_i2c_rx_complete
                0x220067a4        0x1 ./code/PN532_hal.o
 .bss.g_pn532_i2c_tx_complete
                0x220067a5        0x1 ./code/PN532_hal.o
 .bss.rtc_sec_flag
                0x220067a6        0x1 ./code/esp32_comm.o
 *fill*         0x220067a7        0x1 
 .bss.rtc_ms    0x220067a8        0x2 ./code/esp32_comm.o
 .bss.rtc_sec   0x220067aa        0x1 ./code/esp32_comm.o
 .bss.rtc_min   0x220067ab        0x1 ./code/esp32_comm.o
 .bss.rtc_hour  0x220067ac        0x1 ./code/esp32_comm.o
 *fill*         0x220067ad        0x3 
 .bss.esp32_line_buf
                0x220067b0       0xc8 ./code/esp32_comm.o
 .bss.g_sync_second
                0x22006878        0x1 ./code/esp32_comm.o
 .bss.g_sync_minute
                0x22006879        0x1 ./code/esp32_comm.o
 .bss.g_sync_hour
                0x2200687a        0x1 ./code/esp32_comm.o
 .bss.g_esp32_cmd
                0x2200687b        0x1 ./code/esp32_comm.o
 .bss.g_esp32_led_state
                0x2200687c        0x1 ./code/esp32_comm.o
 .bss.g_esp32_wifi_state
                0x2200687d        0x1 ./code/esp32_comm.o
 *fill*         0x2200687e        0x2 
 .bss.esp32_rb  0x22006880      0x206 ./code/esp32_comm.o
 *fill*         0x22006a86        0x2 
 .bss.lcddev    0x22006a88        0xe ./code/lcd.o
                0x22006a88                lcddev
 .bss.g_capture_complete
                0x22006a96        0x1 ./code/ov5640.o
                0x22006a96                g_capture_complete
 .bss.g_ceu_frame_done
                0x22006a97        0x1 ./code/ov5640.o
 .bss.g_frame   0x22006a98       0x10 ./code/ov5640.o
 .bss.g_i2c_error
                0x22006aa8        0x1 ./code/ov5640.o
 .bss.g_i2c_rx_complete
                0x22006aa9        0x1 ./code/ov5640.o
 .bss.g_i2c_tx_complete
                0x22006aaa        0x1 ./code/ov5640.o
 *fill*         0x22006aab        0x5 
 .bss.str2      0x22006ab0       0x64 ./code/pn532.o
                0x22006ab0                str2
 .bss.uid_len   0x22006b14        0x1 ./code/pn532.o
                0x22006b14                uid_len
 *fill*         0x22006b15        0x3 
 .bss.uid       0x22006b18        0xa ./code/pn532.o
                0x22006b18                uid
 *fill*         0x22006b22        0x2 
 .bss.version   0x22006b24        0x4 ./code/pn532.o
                0x22006b24                version
 .bss.result    0x22006b28        0x1 ./code/pn532.o
                0x22006b28                result
 *fill*         0x22006b29        0x7 
 .bss.PN532_recv_buf
                0x22006b30       0x40 ./code/pn532.o
 .bss.PN532_send_buf
                0x22006b70       0x40 ./code/pn532.o
 .bss.wifi_frame_received
                0x22006bb0        0x1 ./code/tjc_usart_hmi.o
 .bss.wifi_data_type
                0x22006bb1        0x1 ./code/tjc_usart_hmi.o
 .bss.wifi_pwd_len
                0x22006bb2        0x1 ./code/tjc_usart_hmi.o
 .bss.wifi_ssid_len
                0x22006bb3        0x1 ./code/tjc_usart_hmi.o
 *fill*         0x22006bb4        0x4 
 .bss.wifi_pwd  0x22006bb8       0x40 ./code/tjc_usart_hmi.o
 .bss.wifi_ssid
                0x22006bf8       0x20 ./code/tjc_usart_hmi.o
 .bss.str       0x22006c18       0x64 ./code/tjc_usart_hmi.o
                0x22006c18                str
 .bss.a         0x22006c7c        0x4 ./code/tjc_usart_hmi.o
                0x22006c7c                a
 .bss.g_uart6_rx_complete
                0x22006c80        0x4 ./code/tjc_usart_hmi.o
 .bss.g_uart6_tx_complete
                0x22006c84        0x4 ./code/tjc_usart_hmi.o
 .bss.USART_Rbuffer_Num
                0x22006c88        0x1 ./code/tjc_usart_hmi.o
                0x22006c88                USART_Rbuffer_Num
 *fill*         0x22006c89        0x3 
 .bss.ringBuffer
                0x22006c8c      0x1fa ./code/tjc_usart_hmi.o
                0x22006c8c                ringBuffer
 .bss.lock_flag
                0x22006e86        0x1 ./code/tjc_usart_hmi.o
                0x22006e86                lock_flag
 *fill*         0x22006e87        0x1 
 .bss.__sf      0x22006e88      0x138 C:/Renesas/RA/e2studio_v2025-12_fsp_v6.4.0/toolchains/gcc_arm/13.2.rel1/bin/../lib/gcc/arm-none-eabi/13.2.1/thumb/v8-m.main+dp/hard\libg_nano.a(libc_a-findfp.o)
                0x22006e88                __sf
 .bss.__stdio_exit_handler
                0x22006fc0        0x4 C:/Renesas/RA/e2studio_v2025-12_fsp_v6.4.0/toolchains/gcc_arm/13.2.rel1/bin/../lib/gcc/arm-none-eabi/13.2.1/thumb/v8-m.main+dp/hard\libg_nano.a(libc_a-findfp.o)
                0x22006fc0                __stdio_exit_handler
 .bss.errno     0x22006fc4        0x4 C:/Renesas/RA/e2studio_v2025-12_fsp_v6.4.0/toolchains/gcc_arm/13.2.rel1/bin/../lib/gcc/arm-none-eabi/13.2.1/thumb/v8-m.main+dp/hard\libg_nano.a(libc_a-reent.o)
                0x22006fc4                errno
 .bss.__lock___malloc_recursive_mutex
                0x22006fc8        0x1 C:/Renesas/RA/e2studio_v2025-12_fsp_v6.4.0/toolchains/gcc_arm/13.2.rel1/bin/../lib/gcc/arm-none-eabi/13.2.1/thumb/v8-m.main+dp/hard\libg_nano.a(libc_a-lock.o)
                0x22006fc8                __lock___malloc_recursive_mutex
 .bss.__lock___sfp_recursive_mutex
                0x22006fc9        0x1 C:/Renesas/RA/e2studio_v2025-12_fsp_v6.4.0/toolchains/gcc_arm/13.2.rel1/bin/../lib/gcc/arm-none-eabi/13.2.1/thumb/v8-m.main+dp/hard\libg_nano.a(libc_a-lock.o)
                0x22006fc9                __lock___sfp_recursive_mutex
 *fill*         0x22006fca        0x2 
 .bss.__malloc_sbrk_start
                0x22006fcc        0x4 C:/Renesas/RA/e2studio_v2025-12_fsp_v6.4.0/toolchains/gcc_arm/13.2.rel1/bin/../lib/gcc/arm-none-eabi/13.2.1/thumb/v8-m.main+dp/hard\libg_nano.a(libc_a-mallocr.o)
                0x22006fcc                __malloc_sbrk_start
 .bss.__malloc_free_list
                0x22006fd0        0x4 C:/Renesas/RA/e2studio_v2025-12_fsp_v6.4.0/toolchains/gcc_arm/13.2.rel1/bin/../lib/gcc/arm-none-eabi/13.2.1/thumb/v8-m.main+dp/hard\libg_nano.a(libc_a-mallocr.o)
                0x22006fd0                __malloc_free_list
                0x22006fd4                        __ram_zero$$Limit = .

__ram_thread_stack$$
                0x22006fd8        0x0 load address 0x02000330
                0x22006fd8                        __ram_thread_stack$$Base = .
 *(.stack?*)
                0x22006fd8                        __ram_thread_stack$$Limit = .

.ram.endof      0x22007000        0x0
                0x22007000                        __ddsc_RAM_END = .

.ram.flat_nsc   0x22007000        0x0
                0x22007000                        __ddsc_RAM_NSC = .

__flash_readonly$$
                0x02000330     0xdfc0
                0x02000330                        __flash_readonly$$Base = .
 *(.flash)
 *(.flash_code)
 *(.text*)
 .text.deregister_tm_clones
                0x02000330       0x1c C:/Renesas/RA/e2studio_v2025-12_fsp_v6.4.0/toolchains/gcc_arm/13.2.rel1/bin/../lib/gcc/arm-none-eabi/13.2.1/thumb/v8-m.main+dp/hard/crtbegin.o
 .text.register_tm_clones
                0x0200034c       0x28 C:/Renesas/RA/e2studio_v2025-12_fsp_v6.4.0/toolchains/gcc_arm/13.2.rel1/bin/../lib/gcc/arm-none-eabi/13.2.1/thumb/v8-m.main+dp/hard/crtbegin.o
 .text.__do_global_dtors_aux
                0x02000374       0x28 C:/Renesas/RA/e2studio_v2025-12_fsp_v6.4.0/toolchains/gcc_arm/13.2.rel1/bin/../lib/gcc/arm-none-eabi/13.2.1/thumb/v8-m.main+dp/hard/crtbegin.o
 .text.frame_dummy
                0x0200039c       0x24 C:/Renesas/RA/e2studio_v2025-12_fsp_v6.4.0/toolchains/gcc_arm/13.2.rel1/bin/../lib/gcc/arm-none-eabi/13.2.1/thumb/v8-m.main+dp/hard/crtbegin.o
 .text.timer_1ms_callback
                0x020003c0       0x18 ./src/hal_entry.o
                0x020003c0                timer_1ms_callback
 .text.user_uart9_callback
                0x020003d8       0x14 ./src/hal_entry.o
                0x020003d8                user_uart9_callback
 .text._write   0x020003ec       0x3c ./src/hal_entry.o
                0x020003ec                _write
 .text.uart2_send_value
                0x02000428       0x18 ./src/hal_entry.o
                0x02000428                uart2_send_value
 .text.uart8_send_value
                0x02000440       0x18 ./src/hal_entry.o
                0x02000440                uart8_send_value
 .text.uart9_send_value
                0x02000458        0xc ./src/hal_entry.o
                0x02000458                uart9_send_value
 .text.dakai_clock_display
                0x02000464        0xc ./src/hal_entry.o
                0x02000464                dakai_clock_display
 .text.hal_entry
                0x02000470      0x3e8 ./src/hal_entry.o
                0x02000470                hal_entry
 .text.R_BSP_WarmStart
                0x02000858       0x24 ./src/hal_warmstart.o
                0x02000858                R_BSP_WarmStart
 .text.startup.main
                0x0200087c        0xc ./ra_gen/main.o
                0x0200087c                main
 .text.R_SCI_B_UART_Read
                0x02000888        0xc ./ra/fsp/src/r_sci_b_uart/r_sci_b_uart.o
                0x02000888                R_SCI_B_UART_Read
 .text.R_SCI_B_UART_Write
                0x02000894       0x40 ./ra/fsp/src/r_sci_b_uart/r_sci_b_uart.o
                0x02000894                R_SCI_B_UART_Write
 .text.R_SCI_B_UART_CallbackSet
                0x020008d4       0x10 ./ra/fsp/src/r_sci_b_uart/r_sci_b_uart.o
                0x020008d4                R_SCI_B_UART_CallbackSet
 .text.R_SCI_B_UART_InfoGet
                0x020008e4        0xc ./ra/fsp/src/r_sci_b_uart/r_sci_b_uart.o
                0x020008e4                R_SCI_B_UART_InfoGet
 .text.R_SCI_B_UART_Abort
                0x020008f0       0x48 ./ra/fsp/src/r_sci_b_uart/r_sci_b_uart.o
                0x020008f0                R_SCI_B_UART_Abort
 .text.R_SCI_B_UART_ReadStop
                0x02000938       0x14 ./ra/fsp/src/r_sci_b_uart/r_sci_b_uart.o
                0x02000938                R_SCI_B_UART_ReadStop
 .text.R_SCI_B_UART_ReceiveSuspend
                0x0200094c        0x4 ./ra/fsp/src/r_sci_b_uart/r_sci_b_uart.o
                0x0200094c                R_SCI_B_UART_ReceiveSuspend
 .text.r_sci_b_irq_cfg
                0x02000950       0x70 ./ra/fsp/src/r_sci_b_uart/r_sci_b_uart.o
 .text.r_sci_b_uart_call_callback
                0x020009c0       0x44 ./ra/fsp/src/r_sci_b_uart/r_sci_b_uart.o
 .text.R_SCI_B_UART_Close
                0x02000a04       0xf4 ./ra/fsp/src/r_sci_b_uart/r_sci_b_uart.o
                0x02000a04                R_SCI_B_UART_Close
 .text.r_sci_b_uart_synchronization_delay_cfg.constprop.0
                0x02000af8       0x7c ./ra/fsp/src/r_sci_b_uart/r_sci_b_uart.o
 .text.R_SCI_B_UART_BaudSet
                0x02000b74       0x30 ./ra/fsp/src/r_sci_b_uart/r_sci_b_uart.o
                0x02000b74                R_SCI_B_UART_BaudSet
 .text.R_SCI_B_UART_ReceiveResume
                0x02000ba4        0x4 ./ra/fsp/src/r_sci_b_uart/r_sci_b_uart.o
                0x02000ba4                R_SCI_B_UART_ReceiveResume
 .text.R_SCI_B_UART_Open
                0x02000ba8      0x288 ./ra/fsp/src/r_sci_b_uart/r_sci_b_uart.o
                0x02000ba8                R_SCI_B_UART_Open
 .text.sci_b_uart_txi_isr
                0x02000e30       0xa8 ./ra/fsp/src/r_sci_b_uart/r_sci_b_uart.o
                0x02000e30                sci_b_uart_txi_isr
 .text.sci_b_uart_rxi_isr
                0x02000ed8       0x90 ./ra/fsp/src/r_sci_b_uart/r_sci_b_uart.o
                0x02000ed8                sci_b_uart_rxi_isr
 .text.sci_b_uart_tei_isr
                0x02000f68       0x4c ./ra/fsp/src/r_sci_b_uart/r_sci_b_uart.o
                0x02000f68                sci_b_uart_tei_isr
 .text.sci_b_uart_eri_isr
                0x02000fb4       0x84 ./ra/fsp/src/r_sci_b_uart/r_sci_b_uart.o
                0x02000fb4                sci_b_uart_eri_isr
 .text.R_IOPORT_Close
                0x02001038        0xc ./ra/fsp/src/r_ioport/r_ioport.o
                0x02001038                R_IOPORT_Close
 .text.R_IOPORT_PinRead
                0x02001044       0x24 ./ra/fsp/src/r_ioport/r_ioport.o
                0x02001044                R_IOPORT_PinRead
 .text.R_IOPORT_PortRead
                0x02001068       0x14 ./ra/fsp/src/r_ioport/r_ioport.o
                0x02001068                R_IOPORT_PortRead
 .text.R_IOPORT_PortWrite
                0x0200107c       0x1c ./ra/fsp/src/r_ioport/r_ioport.o
                0x0200107c                R_IOPORT_PortWrite
 .text.R_IOPORT_PinWrite
                0x02001098       0x28 ./ra/fsp/src/r_ioport/r_ioport.o
                0x02001098                R_IOPORT_PinWrite
 .text.R_IOPORT_PortDirectionSet
                0x020010c0       0x2c ./ra/fsp/src/r_ioport/r_ioport.o
                0x020010c0                R_IOPORT_PortDirectionSet
 .text.R_IOPORT_PortEventInputRead
                0x020010ec       0x18 ./ra/fsp/src/r_ioport/r_ioport.o
                0x020010ec                R_IOPORT_PortEventInputRead
 .text.R_IOPORT_PinEventInputRead
                0x02001104       0x34 ./ra/fsp/src/r_ioport/r_ioport.o
                0x02001104                R_IOPORT_PinEventInputRead
 .text.R_IOPORT_PortEventOutputWrite
                0x02001138       0x1c ./ra/fsp/src/r_ioport/r_ioport.o
                0x02001138                R_IOPORT_PortEventOutputWrite
 .text.R_IOPORT_PinEventOutputWrite
                0x02001154       0x34 ./ra/fsp/src/r_ioport/r_ioport.o
                0x02001154                R_IOPORT_PinEventOutputWrite
 .text.bsp_vbatt_init
                0x02001188       0xec ./ra/fsp/src/r_ioport/r_ioport.o
 .text.r_ioport_pins_config
                0x02001274       0xac ./ra/fsp/src/r_ioport/r_ioport.o
 .text.R_IOPORT_Open
                0x02001320       0x14 ./ra/fsp/src/r_ioport/r_ioport.o
                0x02001320                R_IOPORT_Open
 .text.R_IOPORT_PinsCfg
                0x02001334        0xc ./ra/fsp/src/r_ioport/r_ioport.o
                0x02001334                R_IOPORT_PinsCfg
 .text.R_IOPORT_PinCfg
                0x02001340       0xa8 ./ra/fsp/src/r_ioport/r_ioport.o
                0x02001340                R_IOPORT_PinCfg
 .text.R_IIC_MASTER_SlaveAddressSet
                0x020013e8        0xc ./ra/fsp/src/r_iic_master/r_iic_master.o
                0x020013e8                R_IIC_MASTER_SlaveAddressSet
 .text.R_IIC_MASTER_CallbackSet
                0x020013f4       0x10 ./ra/fsp/src/r_iic_master/r_iic_master.o
                0x020013f4                R_IIC_MASTER_CallbackSet
 .text.R_IIC_MASTER_StatusGet
                0x02001404       0x18 ./ra/fsp/src/r_iic_master/r_iic_master.o
                0x02001404                R_IIC_MASTER_StatusGet
 .text.iic_master_notify
                0x0200141c       0x3c ./ra/fsp/src/r_iic_master/r_iic_master.o
 .text.iic_master_run_hw_master
                0x02001458      0x120 ./ra/fsp/src/r_iic_master/r_iic_master.o
 .text.R_IIC_MASTER_Write
                0x02001578       0x30 ./ra/fsp/src/r_iic_master/r_iic_master.o
                0x02001578                R_IIC_MASTER_Write
 .text.R_IIC_MASTER_Read
                0x020015a8       0x34 ./ra/fsp/src/r_iic_master/r_iic_master.o
                0x020015a8                R_IIC_MASTER_Read
 .text.iic_master_open_hw_master
                0x020015dc      0x238 ./ra/fsp/src/r_iic_master/r_iic_master.o
 .text.R_IIC_MASTER_Open
                0x02001814       0x84 ./ra/fsp/src/r_iic_master/r_iic_master.o
                0x02001814                R_IIC_MASTER_Open
 .text.R_IIC_MASTER_Abort
                0x02001898       0x30 ./ra/fsp/src/r_iic_master/r_iic_master.o
                0x02001898                R_IIC_MASTER_Abort
 .text.R_IIC_MASTER_Close
                0x020018c8       0xe4 ./ra/fsp/src/r_iic_master/r_iic_master.o
                0x020018c8                R_IIC_MASTER_Close
 .text.iic_master_rxi_isr
                0x020019ac      0x194 ./ra/fsp/src/r_iic_master/r_iic_master.o
                0x020019ac                iic_master_rxi_isr
 .text.iic_master_txi_isr
                0x02001b40      0x124 ./ra/fsp/src/r_iic_master/r_iic_master.o
                0x02001b40                iic_master_txi_isr
 .text.iic_master_tei_isr
                0x02001c64       0xe4 ./ra/fsp/src/r_iic_master/r_iic_master.o
                0x02001c64                iic_master_tei_isr
 .text.iic_master_eri_isr
                0x02001d48      0x14c ./ra/fsp/src/r_iic_master/r_iic_master.o
                0x02001d48                iic_master_eri_isr
 .text.R_GPT_Stop
                0x02001e94        0xc ./ra/fsp/src/r_gpt/r_gpt.o
                0x02001e94                R_GPT_Stop
 .text.R_GPT_Start
                0x02001ea0        0xc ./ra/fsp/src/r_gpt/r_gpt.o
                0x02001ea0                R_GPT_Start
 .text.R_GPT_Reset
                0x02001eac        0xc ./ra/fsp/src/r_gpt/r_gpt.o
                0x02001eac                R_GPT_Reset
 .text.R_GPT_Enable
                0x02001eb8       0x38 ./ra/fsp/src/r_gpt/r_gpt.o
                0x02001eb8                R_GPT_Enable
 .text.R_GPT_Disable
                0x02001ef0       0x28 ./ra/fsp/src/r_gpt/r_gpt.o
                0x02001ef0                R_GPT_Disable
 .text.R_GPT_PeriodSet
                0x02001f18       0x34 ./ra/fsp/src/r_gpt/r_gpt.o
                0x02001f18                R_GPT_PeriodSet
 .text.R_GPT_CompareMatchSet
                0x02001f4c       0x20 ./ra/fsp/src/r_gpt/r_gpt.o
                0x02001f4c                R_GPT_CompareMatchSet
 .text.R_GPT_StatusGet
                0x02001f6c       0x18 ./ra/fsp/src/r_gpt/r_gpt.o
                0x02001f6c                R_GPT_StatusGet
 .text.R_GPT_CallbackSet
                0x02001f84       0x10 ./ra/fsp/src/r_gpt/r_gpt.o
                0x02001f84                R_GPT_CallbackSet
 .text.r_gpt_call_callback
                0x02001f94       0x3c ./ra/fsp/src/r_gpt/r_gpt.o
 .text.gpt_calculate_duty_cycle.isra.0
                0x02001fd0       0x64 ./ra/fsp/src/r_gpt/r_gpt.o
 .text.R_GPT_DutyCycleSet
                0x02002034       0xe8 ./ra/fsp/src/r_gpt/r_gpt.o
                0x02002034                R_GPT_DutyCycleSet
 .text.R_GPT_InfoGet
                0x0200211c       0x88 ./ra/fsp/src/r_gpt/r_gpt.o
                0x0200211c                R_GPT_InfoGet
 .text.R_GPT_Close
                0x020021a4      0x158 ./ra/fsp/src/r_gpt/r_gpt.o
                0x020021a4                R_GPT_Close
 .text.R_GPT_Open
                0x020022fc      0x564 ./ra/fsp/src/r_gpt/r_gpt.o
                0x020022fc                R_GPT_Open
 .text.gpt_counter_overflow_isr
                0x02002860      0x204 ./ra/fsp/src/r_gpt/r_gpt.o
                0x02002860                gpt_counter_overflow_isr
 .text.R_CEU_CallbackSet
                0x02002a64       0x10 ./ra/fsp/src/r_ceu/r_ceu.o
                0x02002a64                R_CEU_CallbackSet
 .text.R_CEU_StatusGet
                0x02002a74       0x30 ./ra/fsp/src/r_ceu/r_ceu.o
                0x02002a74                R_CEU_StatusGet
 .text.R_CEU_Close
                0x02002aa4       0x70 ./ra/fsp/src/r_ceu/r_ceu.o
                0x02002aa4                R_CEU_Close
 .text.R_CEU_CaptureStart
                0x02002b14       0x64 ./ra/fsp/src/r_ceu/r_ceu.o
                0x02002b14                R_CEU_CaptureStart
 .text.R_CEU_Open
                0x02002b78      0x224 ./ra/fsp/src/r_ceu/r_ceu.o
                0x02002b78                R_CEU_Open
 .text.ceu_isr  0x02002d9c       0x9c ./ra/fsp/src/r_ceu/r_ceu.o
                0x02002d9c                ceu_isr
 .text.SystemCoreClockUpdate
                0x02002e38       0x88 ./ra/fsp/src/bsp/mcu/all/bsp_clocks.o
                0x02002e38                SystemCoreClockUpdate
 .text.R_BSP_SubClockStabilizeWaitAfterReset
                0x02002ec0        0x4 ./ra/fsp/src/bsp/mcu/all/bsp_clocks.o
                0x02002ec0                R_BSP_SubClockStabilizeWaitAfterReset
 *fill*         0x02002ec4        0x4 
 .text.bsp_clock_init
                0x02002ec8      0x26c ./ra/fsp/src/bsp/mcu/all/bsp_clocks.o
                0x02002ec8                bsp_clock_init
 .text.R_BSP_SourceClockHzGet
                0x02003134        0xc ./ra/fsp/src/bsp/mcu/all/bsp_clocks.o
                0x02003134                R_BSP_SourceClockHzGet
 .text.R_BSP_Init_RTC
                0x02003140       0xb0 ./ra/fsp/src/bsp/mcu/all/bsp_clocks.o
                0x02003140                R_BSP_Init_RTC
 .text.bsp_init_internal
                0x020031f0        0x4 ./ra/fsp/src/bsp/mcu/all/bsp_common.o
                0x020031f0                bsp_init_internal
                0x020031f0                bsp_init
 .text.__assert_func
                0x020031f4        0x4 ./ra/fsp/src/bsp/mcu/all/bsp_common.o
                0x020031f4                __assert_func
 .text.bsp_prv_software_delay_loop
                0x020031f8        0xc ./ra/fsp/src/bsp/mcu/all/bsp_delay.o
                0x020031f8                bsp_prv_software_delay_loop
 .text.R_BSP_SoftwareDelay
                0x02003204       0x88 ./ra/fsp/src/bsp/mcu/all/bsp_delay.o
                0x02003204                R_BSP_SoftwareDelay
 .text.NMI_Handler
                0x0200328c       0x44 ./ra/fsp/src/bsp/mcu/all/bsp_group_irq.o
                0x0200328c                NMI_Handler
 .text.bsp_irq_cfg
                0x020032d0       0x2c ./ra/fsp/src/bsp/mcu/all/bsp_irq.o
                0x020032d0                bsp_irq_cfg
 .text.R_BSP_RegisterProtectEnable
                0x020032fc       0x60 ./ra/fsp/src/bsp/mcu/all/bsp_register_protection.o
                0x020032fc                R_BSP_RegisterProtectEnable
 .text.R_BSP_RegisterProtectDisable
                0x0200335c       0x54 ./ra/fsp/src/bsp/mcu/all/bsp_register_protection.o
                0x0200335c                R_BSP_RegisterProtectDisable
 .text._sbrk    0x020033b0       0x30 ./ra/fsp/src/bsp/mcu/all/bsp_sbrk.o
                0x020033b0                _sbrk
 .text.R_BSP_SdramInit
                0x020033e0       0xd4 ./ra/fsp/src/bsp/mcu/all/bsp_sdram.o
                0x020033e0                R_BSP_SdramInit
 .text.Default_Handler
                0x020034b4        0x4 ./ra/fsp/src/bsp/cmsis/Device/RENESAS/Source/startup.o
                0x020034b4                DebugMon_Handler
                0x020034b4                HardFault_Handler
                0x020034b4                SysTick_Handler
                0x020034b4                PendSV_Handler
                0x020034b4                UsageFault_Handler
                0x020034b4                SecureFault_Handler
                0x020034b4                Default_Handler
                0x020034b4                MemManage_Handler
                0x020034b4                SVC_Handler
                0x020034b4                BusFault_Handler
 .text.Reset_Handler
                0x020034b8        0xc ./ra/fsp/src/bsp/cmsis/Device/RENESAS/Source/startup.o
                0x020034b8                Reset_Handler
 .text.SystemRuntimeInit
                0x020034c4       0x64 ./ra/fsp/src/bsp/cmsis/Device/RENESAS/Source/system.o
 .text.SystemInit
                0x02003528      0x23c ./ra/fsp/src/bsp/cmsis/Device/RENESAS/Source/system.o
                0x02003528                SystemInit
 .text.SendAddr
                0x02003764       0xa0 ./code/AS608pro.o
 .text.uart2_callback
                0x02003804       0x7c ./code/AS608pro.o
                0x02003804                uart2_callback
 .text.timeout_search_1ms
                0x02003880       0x2c ./code/AS608pro.o
                0x02003880                timeout_search_1ms
 .text.PS_GetImage
                0x020038ac      0x150 ./code/AS608pro.o
                0x020038ac                PS_GetImage
 .text.PS_GenChar
                0x020039fc      0x178 ./code/AS608pro.o
                0x020039fc                PS_GenChar
 .text.PS_Match
                0x02003b74      0x154 ./code/AS608pro.o
                0x02003b74                PS_Match
 .text.PS_RegModel
                0x02003cc8      0x154 ./code/AS608pro.o
                0x02003cc8                PS_RegModel
 .text.PS_StoreChar
                0x02003e1c      0x1b0 ./code/AS608pro.o
                0x02003e1c                PS_StoreChar
 .text.PS_DeletChar
                0x02003fcc      0x1d0 ./code/AS608pro.o
                0x02003fcc                PS_DeletChar
 .text.PS_Empty
                0x0200419c      0x154 ./code/AS608pro.o
                0x0200419c                PS_Empty
 .text.PS_ReadSysPara
                0x020042f0      0x170 ./code/AS608pro.o
                0x020042f0                PS_ReadSysPara
 .text.PS_HighSpeedSearch
                0x02004460      0x1f8 ./code/AS608pro.o
                0x02004460                PS_HighSpeedSearch
 .text.PS_ValidTempleteNum
                0x02004658      0x154 ./code/AS608pro.o
                0x02004658                PS_ValidTempleteNum
 .text.AS608_AddFR.part.0
                0x020047ac       0x68 ./code/AS608pro.o
 .text.finger_addtion
                0x02004814       0xd0 ./code/AS608pro.o
                0x02004814                finger_addtion
 .text.PS_HandShake
                0x020048e4       0xf0 ./code/AS608pro.o
                0x020048e4                PS_HandShake
 .text.AS608_Check
                0x020049d4       0xa8 ./code/AS608pro.o
                0x020049d4                AS608_Check
 .text.AS608_Init
                0x02004a7c       0x28 ./code/AS608pro.o
                0x02004a7c                AS608_Init
 .text.AS608_PressFR
                0x02004aa4       0xa0 ./code/AS608pro.o
                0x02004aa4                AS608_PressFR
 .text.finger_search
                0x02004b44       0x64 ./code/AS608pro.o
                0x02004b44                finger_search
 .text.AS608_DeleteFR
                0x02004ba8       0x24 ./code/AS608pro.o
                0x02004ba8                AS608_DeleteFR
 .text.AS608_GetFRNumber
                0x02004bcc       0x14 ./code/AS608pro.o
                0x02004bcc                AS608_GetFRNumber
 .text.pn532_i2c_callback
                0x02004be0       0x50 ./code/PN532_hal.o
                0x02004be0                pn532_i2c_callback
 .text.g_system_tick
                0x02004c30       0x10 ./code/PN532_hal.o
                0x02004c30                g_system_tick
 .text.PN532_GetTick
                0x02004c40        0xc ./code/PN532_hal.o
                0x02004c40                PN532_GetTick
 .text.PN532_I2C_Transmit
                0x02004c4c       0x90 ./code/PN532_hal.o
                0x02004c4c                PN532_I2C_Transmit
 .text.PN532_I2C_Receive
                0x02004cdc       0x9c ./code/PN532_hal.o
                0x02004cdc                PN532_I2C_Receive
 .text.PN532_Init_Hardware
                0x02004d78       0x3c ./code/PN532_hal.o
                0x02004d78                PN532_Init_Hardware
 .text.esp32_process
                0x02004db4      0x2f4 ./code/esp32_comm.o
                0x02004db4                esp32_process
 .text.esp32_get_command
                0x020050a8       0x10 ./code/esp32_comm.o
                0x020050a8                esp32_get_command
 .text.esp32_rtc_tick_1ms
                0x020050b8      0x10c ./code/esp32_comm.o
                0x020050b8                esp32_rtc_tick_1ms
 .text.esp32_rtc_get_string
                0x020051c4       0x54 ./code/esp32_comm.o
                0x020051c4                esp32_rtc_get_string
 .text.esp32_rtc_second_changed
                0x02005218       0x10 ./code/esp32_comm.o
                0x02005218                esp32_rtc_second_changed
 .text.uart3_callback
                0x02005228       0x48 ./code/esp32_comm.o
                0x02005228                uart3_callback
 .text.ESP32_Comm_Init
                0x02005270       0xa4 ./code/esp32_comm.o
                0x02005270                ESP32_Comm_Init
 .text.SPI2_ReadWriteByte
                0x02005314       0x90 ./code/lcd.o
                0x02005314                SPI2_ReadWriteByte
 .text.LCD_WR_DATA16
                0x020053a4       0x40 ./code/lcd.o
                0x020053a4                LCD_WR_DATA16
 .text.LCD_HardwareRest
                0x020053e4       0x50 ./code/lcd.o
                0x020053e4                LCD_HardwareRest
 .text.LCD_GPIO_Init
                0x02005434       0x70 ./code/lcd.o
                0x02005434                LCD_GPIO_Init
 .text.LCD_Display_Dir
                0x020054a4      0x18c ./code/lcd.o
                0x020054a4                LCD_Display_Dir
 .text.LCD_Clear
                0x02005630      0x1e4 ./code/lcd.o
                0x02005630                LCD_Clear
 .text.LCD_Init
                0x02005814      0xdc0 ./code/lcd.o
                0x02005814                LCD_Init
 .text.LCD_ShowChar
                0x020065d4      0x25c ./code/lcd.o
                0x020065d4                LCD_ShowChar
 .text.LCD_ShowString
                0x02006830       0x70 ./code/lcd.o
                0x02006830                LCD_ShowString
 .text.LCD_ShowImage
                0x020068a0      0x2a8 ./code/lcd.o
                0x020068a0                LCD_ShowImage
 .text.i2c_wait_complete.constprop.0
                0x02006b48       0x50 ./code/ov5640.o
 .text.i2c_master0_callback
                0x02006b98       0x2c ./code/ov5640.o
                0x02006b98                i2c_master0_callback
 .text.ceu_callback
                0x02006bc4       0x20 ./code/ov5640.o
                0x02006bc4                ceu_callback
 .text.ov5640_write_reg
                0x02006be4       0x4c ./code/ov5640.o
                0x02006be4                ov5640_write_reg
 .text.ov5640_read_reg
                0x02006c30       0x8c ./code/ov5640.o
                0x02006c30                ov5640_read_reg
 .text.ov5640_check_chip_id
                0x02006cbc       0x50 ./code/ov5640.o
                0x02006cbc                ov5640_check_chip_id
 .text.ov5640_set_window
                0x02006d0c       0x80 ./code/ov5640.o
                0x02006d0c                ov5640_set_window
 .text.ov5640_set_output_format
                0x02006d8c       0x64 ./code/ov5640.o
                0x02006d8c                ov5640_set_output_format
 .text.ov5640_set_resolution
                0x02006df0       0xa4 ./code/ov5640.o
                0x02006df0                ov5640_set_resolution
 .text.ov5640_init
                0x02006e94       0xf4 ./code/ov5640.o
                0x02006e94                ov5640_init
 .text.PN532_WaitReady
                0x02006f88       0x54 ./code/pn532.o
                0x02006f88                PN532_WaitReady
 .text.PN532_recv_ack
                0x02006fdc       0x48 ./code/pn532.o
                0x02006fdc                PN532_recv_ack
 .text.PN532_parse_frame
                0x02007024       0x54 ./code/pn532.o
                0x02007024                PN532_parse_frame
 .text.PN532_recv_data
                0x02007078       0x58 ./code/pn532.o
                0x02007078                PN532_recv_data
 .text.PN532_GetFirmVersion
                0x020070d0       0x88 ./code/pn532.o
                0x020070d0                PN532_GetFirmVersion
 .text.PN532_SetSamConfig
                0x02007158       0xa4 ./code/pn532.o
                0x02007158                PN532_SetSamConfig
 .text.PN532_INIT
                0x020071fc       0x6c ./code/pn532.o
                0x020071fc                PN532_INIT
 .text.PN532_ReadPassTarget
                0x02007268       0xe0 ./code/pn532.o
                0x02007268                PN532_ReadPassTarget
 .text.PN532_connect
                0x02007348      0x1d4 ./code/pn532.o
                0x02007348                PN532_connect
 .text.UART_HIM_Init
                0x0200751c       0x20 ./code/tjc_usart_hmi.o
                0x0200751c                UART_HIM_Init
 .text.tjc_send_string
                0x0200753c       0xb0 ./code/tjc_usart_hmi.o
                0x0200753c                tjc_send_string
 .text.tjc_send_txt
                0x020075ec      0x174 ./code/tjc_usart_hmi.o
                0x020075ec                tjc_send_txt
 .text.uart6_callback
                0x02007760       0x78 ./code/tjc_usart_hmi.o
                0x02007760                uart6_callback
 .text.HIM_connection
                0x020077d8      0x47c ./code/tjc_usart_hmi.o
                0x020077d8                HIM_connection
 .text.voice_send_string
                0x02007c54       0x90 ./code/voice.o
                0x02007c54                voice_send_string
 .text.uart1_callback
                0x02007ce4       0x14 ./code/voice.o
                0x02007ce4                uart1_callback
 .text.Voice_Init
                0x02007cf8       0x3c ./code/voice.o
                0x02007cf8                Voice_Init
 .text.__cvt    0x02007d34       0xa8 C:/Renesas/RA/e2studio_v2025-12_fsp_v6.4.0/toolchains/gcc_arm/13.2.rel1/bin/../lib/gcc/arm-none-eabi/13.2.1/thumb/v8-m.main+dp/hard\libg_nano.a(libc_a-nano-vfprintf_float.o)
                0x02007d34                __cvt
 .text.__exponent
                0x02007ddc       0x72 C:/Renesas/RA/e2studio_v2025-12_fsp_v6.4.0/toolchains/gcc_arm/13.2.rel1/bin/../lib/gcc/arm-none-eabi/13.2.1/thumb/v8-m.main+dp/hard\libg_nano.a(libc_a-nano-vfprintf_float.o)
                0x02007ddc                __exponent
 *fill*         0x02007e4e        0x2 
 .text._printf_float
                0x02007e50      0x434 C:/Renesas/RA/e2studio_v2025-12_fsp_v6.4.0/toolchains/gcc_arm/13.2.rel1/bin/../lib/gcc/arm-none-eabi/13.2.1/thumb/v8-m.main+dp/hard\libg_nano.a(libc_a-nano-vfprintf_float.o)
                0x02007e50                _printf_float
 .text._printf_common
                0x02008284       0xe4 C:/Renesas/RA/e2studio_v2025-12_fsp_v6.4.0/toolchains/gcc_arm/13.2.rel1/bin/../lib/gcc/arm-none-eabi/13.2.1/thumb/v8-m.main+dp/hard\libg_nano.a(libc_a-nano-vfprintf_i.o)
                0x02008284                _printf_common
 .text._printf_i
                0x02008368      0x23c C:/Renesas/RA/e2studio_v2025-12_fsp_v6.4.0/toolchains/gcc_arm/13.2.rel1/bin/../lib/gcc/arm-none-eabi/13.2.1/thumb/v8-m.main+dp/hard\libg_nano.a(libc_a-nano-vfprintf_i.o)
                0x02008368                _printf_i
 .text.std      0x020085a4       0x6c C:/Renesas/RA/e2studio_v2025-12_fsp_v6.4.0/toolchains/gcc_arm/13.2.rel1/bin/../lib/gcc/arm-none-eabi/13.2.1/thumb/v8-m.main+dp/hard\libg_nano.a(libc_a-findfp.o)
 .text.stdio_exit_handler
                0x02008610       0x18 C:/Renesas/RA/e2studio_v2025-12_fsp_v6.4.0/toolchains/gcc_arm/13.2.rel1/bin/../lib/gcc/arm-none-eabi/13.2.1/thumb/v8-m.main+dp/hard\libg_nano.a(libc_a-findfp.o)
 .text.cleanup_stdio
                0x02008628       0x40 C:/Renesas/RA/e2studio_v2025-12_fsp_v6.4.0/toolchains/gcc_arm/13.2.rel1/bin/../lib/gcc/arm-none-eabi/13.2.1/thumb/v8-m.main+dp/hard\libg_nano.a(libc_a-findfp.o)
 .text.global_stdio_init.part.0
                0x02008668       0x3c C:/Renesas/RA/e2studio_v2025-12_fsp_v6.4.0/toolchains/gcc_arm/13.2.rel1/bin/../lib/gcc/arm-none-eabi/13.2.1/thumb/v8-m.main+dp/hard\libg_nano.a(libc_a-findfp.o)
 .text.__sfp_lock_acquire
                0x020086a4        0xc C:/Renesas/RA/e2studio_v2025-12_fsp_v6.4.0/toolchains/gcc_arm/13.2.rel1/bin/../lib/gcc/arm-none-eabi/13.2.1/thumb/v8-m.main+dp/hard\libg_nano.a(libc_a-findfp.o)
                0x020086a4                __sfp_lock_acquire
 .text.__sfp_lock_release
                0x020086b0        0xc C:/Renesas/RA/e2studio_v2025-12_fsp_v6.4.0/toolchains/gcc_arm/13.2.rel1/bin/../lib/gcc/arm-none-eabi/13.2.1/thumb/v8-m.main+dp/hard\libg_nano.a(libc_a-findfp.o)
                0x020086b0                __sfp_lock_release
 .text.__sinit  0x020086bc       0x30 C:/Renesas/RA/e2studio_v2025-12_fsp_v6.4.0/toolchains/gcc_arm/13.2.rel1/bin/../lib/gcc/arm-none-eabi/13.2.1/thumb/v8-m.main+dp/hard\libg_nano.a(libc_a-findfp.o)
                0x020086bc                __sinit
 .text._fwalk_sglue
                0x020086ec       0x3c C:/Renesas/RA/e2studio_v2025-12_fsp_v6.4.0/toolchains/gcc_arm/13.2.rel1/bin/../lib/gcc/arm-none-eabi/13.2.1/thumb/v8-m.main+dp/hard\libg_nano.a(libc_a-fwalk.o)
                0x020086ec                _fwalk_sglue
 .text.printf   0x02008728       0x24 C:/Renesas/RA/e2studio_v2025-12_fsp_v6.4.0/toolchains/gcc_arm/13.2.rel1/bin/../lib/gcc/arm-none-eabi/13.2.1/thumb/v8-m.main+dp/hard\libg_nano.a(libc_a-printf.o)
                0x02008728                iprintf
                0x02008728                printf
 .text._puts_r  0x0200874c       0xaa C:/Renesas/RA/e2studio_v2025-12_fsp_v6.4.0/toolchains/gcc_arm/13.2.rel1/bin/../lib/gcc/arm-none-eabi/13.2.1/thumb/v8-m.main+dp/hard\libg_nano.a(libc_a-puts.o)
                0x0200874c                _puts_r
 *fill*         0x020087f6        0x2 
 .text.puts     0x020087f8       0x10 C:/Renesas/RA/e2studio_v2025-12_fsp_v6.4.0/toolchains/gcc_arm/13.2.rel1/bin/../lib/gcc/arm-none-eabi/13.2.1/thumb/v8-m.main+dp/hard\libg_nano.a(libc_a-puts.o)
                0x020087f8                puts
 .text.sprintf  0x02008808       0x40 C:/Renesas/RA/e2studio_v2025-12_fsp_v6.4.0/toolchains/gcc_arm/13.2.rel1/bin/../lib/gcc/arm-none-eabi/13.2.1/thumb/v8-m.main+dp/hard\libg_nano.a(libc_a-sprintf.o)
                0x02008808                siprintf
                0x02008808                sprintf
 .text.sscanf   0x02008848       0x54 C:/Renesas/RA/e2studio_v2025-12_fsp_v6.4.0/toolchains/gcc_arm/13.2.rel1/bin/../lib/gcc/arm-none-eabi/13.2.1/thumb/v8-m.main+dp/hard\libg_nano.a(libc_a-sscanf.o)
                0x02008848                siscanf
                0x02008848                sscanf
 .text.__sread  0x0200889c       0x22 C:/Renesas/RA/e2studio_v2025-12_fsp_v6.4.0/toolchains/gcc_arm/13.2.rel1/bin/../lib/gcc/arm-none-eabi/13.2.1/thumb/v8-m.main+dp/hard\libg_nano.a(libc_a-stdio.o)
                0x0200889c                __sread
 .text.__seofread
                0x020088be        0x4 C:/Renesas/RA/e2studio_v2025-12_fsp_v6.4.0/toolchains/gcc_arm/13.2.rel1/bin/../lib/gcc/arm-none-eabi/13.2.1/thumb/v8-m.main+dp/hard\libg_nano.a(libc_a-stdio.o)
                0x020088be                __seofread
 .text.__swrite
                0x020088c2       0x38 C:/Renesas/RA/e2studio_v2025-12_fsp_v6.4.0/toolchains/gcc_arm/13.2.rel1/bin/../lib/gcc/arm-none-eabi/13.2.1/thumb/v8-m.main+dp/hard\libg_nano.a(libc_a-stdio.o)
                0x020088c2                __swrite
 .text.__sseek  0x020088fa       0x24 C:/Renesas/RA/e2studio_v2025-12_fsp_v6.4.0/toolchains/gcc_arm/13.2.rel1/bin/../lib/gcc/arm-none-eabi/13.2.1/thumb/v8-m.main+dp/hard\libg_nano.a(libc_a-stdio.o)
                0x020088fa                __sseek
 .text.__sclose
                0x0200891e        0x8 C:/Renesas/RA/e2studio_v2025-12_fsp_v6.4.0/toolchains/gcc_arm/13.2.rel1/bin/../lib/gcc/arm-none-eabi/13.2.1/thumb/v8-m.main+dp/hard\libg_nano.a(libc_a-stdio.o)
                0x0200891e                __sclose
 .text.__swbuf_r
                0x02008926       0x7c C:/Renesas/RA/e2studio_v2025-12_fsp_v6.4.0/toolchains/gcc_arm/13.2.rel1/bin/../lib/gcc/arm-none-eabi/13.2.1/thumb/v8-m.main+dp/hard\libg_nano.a(libc_a-wbuf.o)
                0x02008926                __swbuf_r
 *fill*         0x020089a2        0x2 
 .text.__swsetup_r
                0x020089a4       0xac C:/Renesas/RA/e2studio_v2025-12_fsp_v6.4.0/toolchains/gcc_arm/13.2.rel1/bin/../lib/gcc/arm-none-eabi/13.2.1/thumb/v8-m.main+dp/hard\libg_nano.a(libc_a-wsetup.o)
                0x020089a4                __swsetup_r
 .text.memcmp   0x02008a50       0x20 C:/Renesas/RA/e2studio_v2025-12_fsp_v6.4.0/toolchains/gcc_arm/13.2.rel1/bin/../lib/gcc/arm-none-eabi/13.2.1/thumb/v8-m.main+dp/hard\libg_nano.a(libc_a-memcmp.o)
                0x02008a50                memcmp
 .text.memmove  0x02008a70       0x34 C:/Renesas/RA/e2studio_v2025-12_fsp_v6.4.0/toolchains/gcc_arm/13.2.rel1/bin/../lib/gcc/arm-none-eabi/13.2.1/thumb/v8-m.main+dp/hard\libg_nano.a(libc_a-memmove.o)
                0x02008a70                memmove
 .text.memset   0x02008aa4       0x10 C:/Renesas/RA/e2studio_v2025-12_fsp_v6.4.0/toolchains/gcc_arm/13.2.rel1/bin/../lib/gcc/arm-none-eabi/13.2.1/thumb/v8-m.main+dp/hard\libg_nano.a(libc_a-memset.o)
                0x02008aa4                memset
 .text.strstr   0x02008ab4       0x2c C:/Renesas/RA/e2studio_v2025-12_fsp_v6.4.0/toolchains/gcc_arm/13.2.rel1/bin/../lib/gcc/arm-none-eabi/13.2.1/thumb/v8-m.main+dp/hard\libg_nano.a(libc_a-strstr.o)
                0x02008ab4                strstr
 .text._localeconv_r
                0x02008ae0        0x8 C:/Renesas/RA/e2studio_v2025-12_fsp_v6.4.0/toolchains/gcc_arm/13.2.rel1/bin/../lib/gcc/arm-none-eabi/13.2.1/thumb/v8-m.main+dp/hard\libg_nano.a(libc_a-localeconv.o)
                0x02008ae0                _localeconv_r
 .text._close_r
                0x02008ae8       0x20 C:/Renesas/RA/e2studio_v2025-12_fsp_v6.4.0/toolchains/gcc_arm/13.2.rel1/bin/../lib/gcc/arm-none-eabi/13.2.1/thumb/v8-m.main+dp/hard\libg_nano.a(libc_a-closer.o)
                0x02008ae8                _close_r
 .text._lseek_r
                0x02008b08       0x24 C:/Renesas/RA/e2studio_v2025-12_fsp_v6.4.0/toolchains/gcc_arm/13.2.rel1/bin/../lib/gcc/arm-none-eabi/13.2.1/thumb/v8-m.main+dp/hard\libg_nano.a(libc_a-lseekr.o)
                0x02008b08                _lseek_r
 .text._read_r  0x02008b2c       0x24 C:/Renesas/RA/e2studio_v2025-12_fsp_v6.4.0/toolchains/gcc_arm/13.2.rel1/bin/../lib/gcc/arm-none-eabi/13.2.1/thumb/v8-m.main+dp/hard\libg_nano.a(libc_a-readr.o)
                0x02008b2c                _read_r
 .text._write_r
                0x02008b50       0x24 C:/Renesas/RA/e2studio_v2025-12_fsp_v6.4.0/toolchains/gcc_arm/13.2.rel1/bin/../lib/gcc/arm-none-eabi/13.2.1/thumb/v8-m.main+dp/hard\libg_nano.a(libc_a-writer.o)
                0x02008b50                _write_r
 .text.__errno  0x02008b74        0xc C:/Renesas/RA/e2studio_v2025-12_fsp_v6.4.0/toolchains/gcc_arm/13.2.rel1/bin/../lib/gcc/arm-none-eabi/13.2.1/thumb/v8-m.main+dp/hard\libg_nano.a(libc_a-errno.o)
                0x02008b74                __errno
 .text.__retarget_lock_init_recursive
                0x02008b80        0x2 C:/Renesas/RA/e2studio_v2025-12_fsp_v6.4.0/toolchains/gcc_arm/13.2.rel1/bin/../lib/gcc/arm-none-eabi/13.2.1/thumb/v8-m.main+dp/hard\libg_nano.a(libc_a-lock.o)
                0x02008b80                __retarget_lock_init_recursive
 .text.__retarget_lock_acquire_recursive
                0x02008b82        0x2 C:/Renesas/RA/e2studio_v2025-12_fsp_v6.4.0/toolchains/gcc_arm/13.2.rel1/bin/../lib/gcc/arm-none-eabi/13.2.1/thumb/v8-m.main+dp/hard\libg_nano.a(libc_a-lock.o)
                0x02008b82                __retarget_lock_acquire_recursive
 .text.__retarget_lock_release_recursive
                0x02008b84        0x2 C:/Renesas/RA/e2studio_v2025-12_fsp_v6.4.0/toolchains/gcc_arm/13.2.rel1/bin/../lib/gcc/arm-none-eabi/13.2.1/thumb/v8-m.main+dp/hard\libg_nano.a(libc_a-lock.o)
                0x02008b84                __retarget_lock_release_recursive
 .text.memchr   0x02008b86       0x1c C:/Renesas/RA/e2studio_v2025-12_fsp_v6.4.0/toolchains/gcc_arm/13.2.rel1/bin/../lib/gcc/arm-none-eabi/13.2.1/thumb/v8-m.main+dp/hard\libg_nano.a(libc_a-memchr-stub.o)
                0x02008b86                memchr
 .text.memcpy   0x02008ba2       0x1a C:/Renesas/RA/e2studio_v2025-12_fsp_v6.4.0/toolchains/gcc_arm/13.2.rel1/bin/../lib/gcc/arm-none-eabi/13.2.1/thumb/v8-m.main+dp/hard\libg_nano.a(libc_a-memcpy-stub.o)
                0x02008ba2                memcpy
 .text          0x02008bbc       0x10 C:/Renesas/RA/e2studio_v2025-12_fsp_v6.4.0/toolchains/gcc_arm/13.2.rel1/bin/../lib/gcc/arm-none-eabi/13.2.1/thumb/v8-m.main+dp/hard\libg_nano.a(libc_a-strlen.o)
                0x02008bbc                strlen
 .text.quorem   0x02008bcc      0x11a C:/Renesas/RA/e2studio_v2025-12_fsp_v6.4.0/toolchains/gcc_arm/13.2.rel1/bin/../lib/gcc/arm-none-eabi/13.2.1/thumb/v8-m.main+dp/hard\libg_nano.a(libc_a-dtoa.o)
 *fill*         0x02008ce6        0x2 
 .text._dtoa_r  0x02008ce8      0xa9c C:/Renesas/RA/e2studio_v2025-12_fsp_v6.4.0/toolchains/gcc_arm/13.2.rel1/bin/../lib/gcc/arm-none-eabi/13.2.1/thumb/v8-m.main+dp/hard\libg_nano.a(libc_a-dtoa.o)
                0x02008ce8                _dtoa_r
 .text._free_r  0x02009784       0x94 C:/Renesas/RA/e2studio_v2025-12_fsp_v6.4.0/toolchains/gcc_arm/13.2.rel1/bin/../lib/gcc/arm-none-eabi/13.2.1/thumb/v8-m.main+dp/hard\libg_nano.a(libc_a-freer.o)
                0x02009784                _free_r
 .text.malloc   0x02009818       0x10 C:/Renesas/RA/e2studio_v2025-12_fsp_v6.4.0/toolchains/gcc_arm/13.2.rel1/bin/../lib/gcc/arm-none-eabi/13.2.1/thumb/v8-m.main+dp/hard\libg_nano.a(libc_a-malloc.o)
                0x02009818                malloc
 .text.sbrk_aligned
                0x02009828       0x44 C:/Renesas/RA/e2studio_v2025-12_fsp_v6.4.0/toolchains/gcc_arm/13.2.rel1/bin/../lib/gcc/arm-none-eabi/13.2.1/thumb/v8-m.main+dp/hard\libg_nano.a(libc_a-mallocr.o)
 .text._malloc_r
                0x0200986c      0x100 C:/Renesas/RA/e2studio_v2025-12_fsp_v6.4.0/toolchains/gcc_arm/13.2.rel1/bin/../lib/gcc/arm-none-eabi/13.2.1/thumb/v8-m.main+dp/hard\libg_nano.a(libc_a-mallocr.o)
                0x0200986c                _malloc_r
 .text.__malloc_lock
                0x0200996c        0xc C:/Renesas/RA/e2studio_v2025-12_fsp_v6.4.0/toolchains/gcc_arm/13.2.rel1/bin/../lib/gcc/arm-none-eabi/13.2.1/thumb/v8-m.main+dp/hard\libg_nano.a(libc_a-mlock.o)
                0x0200996c                __malloc_lock
 .text.__malloc_unlock
                0x02009978        0xc C:/Renesas/RA/e2studio_v2025-12_fsp_v6.4.0/toolchains/gcc_arm/13.2.rel1/bin/../lib/gcc/arm-none-eabi/13.2.1/thumb/v8-m.main+dp/hard\libg_nano.a(libc_a-mlock.o)
                0x02009978                __malloc_unlock
 .text._Balloc  0x02009984       0x80 C:/Renesas/RA/e2studio_v2025-12_fsp_v6.4.0/toolchains/gcc_arm/13.2.rel1/bin/../lib/gcc/arm-none-eabi/13.2.1/thumb/v8-m.main+dp/hard\libg_nano.a(libc_a-mprec.o)
                0x02009984                _Balloc
 .text._Bfree   0x02009a04       0x44 C:/Renesas/RA/e2studio_v2025-12_fsp_v6.4.0/toolchains/gcc_arm/13.2.rel1/bin/../lib/gcc/arm-none-eabi/13.2.1/thumb/v8-m.main+dp/hard\libg_nano.a(libc_a-mprec.o)
                0x02009a04                _Bfree
 .text.__multadd
                0x02009a48       0x90 C:/Renesas/RA/e2studio_v2025-12_fsp_v6.4.0/toolchains/gcc_arm/13.2.rel1/bin/../lib/gcc/arm-none-eabi/13.2.1/thumb/v8-m.main+dp/hard\libg_nano.a(libc_a-mprec.o)
                0x02009a48                __multadd
 .text.__hi0bits
                0x02009ad8       0x3e C:/Renesas/RA/e2studio_v2025-12_fsp_v6.4.0/toolchains/gcc_arm/13.2.rel1/bin/../lib/gcc/arm-none-eabi/13.2.1/thumb/v8-m.main+dp/hard\libg_nano.a(libc_a-mprec.o)
                0x02009ad8                __hi0bits
 .text.__lo0bits
                0x02009b16       0x5a C:/Renesas/RA/e2studio_v2025-12_fsp_v6.4.0/toolchains/gcc_arm/13.2.rel1/bin/../lib/gcc/arm-none-eabi/13.2.1/thumb/v8-m.main+dp/hard\libg_nano.a(libc_a-mprec.o)
                0x02009b16                __lo0bits
 .text.__i2b    0x02009b70       0x2c C:/Renesas/RA/e2studio_v2025-12_fsp_v6.4.0/toolchains/gcc_arm/13.2.rel1/bin/../lib/gcc/arm-none-eabi/13.2.1/thumb/v8-m.main+dp/hard\libg_nano.a(libc_a-mprec.o)
                0x02009b70                __i2b
 .text.__multiply
                0x02009b9c      0x148 C:/Renesas/RA/e2studio_v2025-12_fsp_v6.4.0/toolchains/gcc_arm/13.2.rel1/bin/../lib/gcc/arm-none-eabi/13.2.1/thumb/v8-m.main+dp/hard\libg_nano.a(libc_a-mprec.o)
                0x02009b9c                __multiply
 .text.__pow5mult
                0x02009ce4       0xb4 C:/Renesas/RA/e2studio_v2025-12_fsp_v6.4.0/toolchains/gcc_arm/13.2.rel1/bin/../lib/gcc/arm-none-eabi/13.2.1/thumb/v8-m.main+dp/hard\libg_nano.a(libc_a-mprec.o)
                0x02009ce4                __pow5mult
 .text.__lshift
                0x02009d98       0xd8 C:/Renesas/RA/e2studio_v2025-12_fsp_v6.4.0/toolchains/gcc_arm/13.2.rel1/bin/../lib/gcc/arm-none-eabi/13.2.1/thumb/v8-m.main+dp/hard\libg_nano.a(libc_a-mprec.o)
                0x02009d98                __lshift
 .text.__mcmp   0x02009e70       0x36 C:/Renesas/RA/e2studio_v2025-12_fsp_v6.4.0/toolchains/gcc_arm/13.2.rel1/bin/../lib/gcc/arm-none-eabi/13.2.1/thumb/v8-m.main+dp/hard\libg_nano.a(libc_a-mprec.o)
                0x02009e70                __mcmp
 *fill*         0x02009ea6        0x2 
 .text.__mdiff  0x02009ea8      0x130 C:/Renesas/RA/e2studio_v2025-12_fsp_v6.4.0/toolchains/gcc_arm/13.2.rel1/bin/../lib/gcc/arm-none-eabi/13.2.1/thumb/v8-m.main+dp/hard\libg_nano.a(libc_a-mprec.o)
                0x02009ea8                __mdiff
 .text.__d2b    0x02009fd8       0xb0 C:/Renesas/RA/e2studio_v2025-12_fsp_v6.4.0/toolchains/gcc_arm/13.2.rel1/bin/../lib/gcc/arm-none-eabi/13.2.1/thumb/v8-m.main+dp/hard\libg_nano.a(libc_a-mprec.o)
                0x02009fd8                __d2b
 .text.__ssputs_r
                0x0200a088       0xb6 C:/Renesas/RA/e2studio_v2025-12_fsp_v6.4.0/toolchains/gcc_arm/13.2.rel1/bin/../lib/gcc/arm-none-eabi/13.2.1/thumb/v8-m.main+dp/hard\libg_nano.a(libc_a-nano-svfprintf.o)
                0x0200a088                __ssputs_r
 *fill*         0x0200a13e        0x2 
 .text._svfprintf_r
                0x0200a140      0x1f8 C:/Renesas/RA/e2studio_v2025-12_fsp_v6.4.0/toolchains/gcc_arm/13.2.rel1/bin/../lib/gcc/arm-none-eabi/13.2.1/thumb/v8-m.main+dp/hard\libg_nano.a(libc_a-nano-svfprintf.o)
                0x0200a140                _svfiprintf_r
                0x0200a140                _svfprintf_r
 .text._sungetc_r
                0x0200a338       0x7a C:/Renesas/RA/e2studio_v2025-12_fsp_v6.4.0/toolchains/gcc_arm/13.2.rel1/bin/../lib/gcc/arm-none-eabi/13.2.1/thumb/v8-m.main+dp/hard\libg_nano.a(libc_a-nano-svfscanf.o)
                0x0200a338                _sungetc_r
 .text.__ssrefill_r
                0x0200a3b2       0x3a C:/Renesas/RA/e2studio_v2025-12_fsp_v6.4.0/toolchains/gcc_arm/13.2.rel1/bin/../lib/gcc/arm-none-eabi/13.2.1/thumb/v8-m.main+dp/hard\libg_nano.a(libc_a-nano-svfscanf.o)
                0x0200a3b2                __ssrefill_r
 .text.__ssvfscanf_r
                0x0200a3ec      0x2ec C:/Renesas/RA/e2studio_v2025-12_fsp_v6.4.0/toolchains/gcc_arm/13.2.rel1/bin/../lib/gcc/arm-none-eabi/13.2.1/thumb/v8-m.main+dp/hard\libg_nano.a(libc_a-nano-svfscanf.o)
                0x0200a3ec                __ssvfiscanf_r
                0x0200a3ec                __ssvfscanf_r
 .text.__sfputc_r
                0x0200a6d8       0x2e C:/Renesas/RA/e2studio_v2025-12_fsp_v6.4.0/toolchains/gcc_arm/13.2.rel1/bin/../lib/gcc/arm-none-eabi/13.2.1/thumb/v8-m.main+dp/hard\libg_nano.a(libc_a-nano-vfprintf.o)
 .text.__sfputs_r
                0x0200a706       0x24 C:/Renesas/RA/e2studio_v2025-12_fsp_v6.4.0/toolchains/gcc_arm/13.2.rel1/bin/../lib/gcc/arm-none-eabi/13.2.1/thumb/v8-m.main+dp/hard\libg_nano.a(libc_a-nano-vfprintf.o)
                0x0200a706                __sfputs_r
 *fill*         0x0200a72a        0x2 
 .text._vfprintf_r
                0x0200a72c      0x230 C:/Renesas/RA/e2studio_v2025-12_fsp_v6.4.0/toolchains/gcc_arm/13.2.rel1/bin/../lib/gcc/arm-none-eabi/13.2.1/thumb/v8-m.main+dp/hard\libg_nano.a(libc_a-nano-vfprintf.o)
                0x0200a72c                _vfprintf_r
                0x0200a72c                _vfiprintf_r
 .text._scanf_chars
                0x0200a95c       0xb4 C:/Renesas/RA/e2studio_v2025-12_fsp_v6.4.0/toolchains/gcc_arm/13.2.rel1/bin/../lib/gcc/arm-none-eabi/13.2.1/thumb/v8-m.main+dp/hard\libg_nano.a(libc_a-nano-vfscanf_i.o)
                0x0200a95c                _scanf_chars
 .text._scanf_i
                0x0200aa10      0x1e4 C:/Renesas/RA/e2studio_v2025-12_fsp_v6.4.0/toolchains/gcc_arm/13.2.rel1/bin/../lib/gcc/arm-none-eabi/13.2.1/thumb/v8-m.main+dp/hard\libg_nano.a(libc_a-nano-vfscanf_i.o)
                0x0200aa10                _scanf_i
 .text.__sflush_r
                0x0200abf4      0x108 C:/Renesas/RA/e2studio_v2025-12_fsp_v6.4.0/toolchains/gcc_arm/13.2.rel1/bin/../lib/gcc/arm-none-eabi/13.2.1/thumb/v8-m.main+dp/hard\libg_nano.a(libc_a-fflush.o)
                0x0200abf4                __sflush_r
 .text._fflush_r
                0x0200acfc       0x50 C:/Renesas/RA/e2studio_v2025-12_fsp_v6.4.0/toolchains/gcc_arm/13.2.rel1/bin/../lib/gcc/arm-none-eabi/13.2.1/thumb/v8-m.main+dp/hard\libg_nano.a(libc_a-fflush.o)
                0x0200acfc                _fflush_r
 .text.__swhatbuf_r
                0x0200ad4c       0x4a C:/Renesas/RA/e2studio_v2025-12_fsp_v6.4.0/toolchains/gcc_arm/13.2.rel1/bin/../lib/gcc/arm-none-eabi/13.2.1/thumb/v8-m.main+dp/hard\libg_nano.a(libc_a-makebuf.o)
                0x0200ad4c                __swhatbuf_r
 .text.__smakebuf_r
                0x0200ad96       0x78 C:/Renesas/RA/e2studio_v2025-12_fsp_v6.4.0/toolchains/gcc_arm/13.2.rel1/bin/../lib/gcc/arm-none-eabi/13.2.1/thumb/v8-m.main+dp/hard\libg_nano.a(libc_a-makebuf.o)
                0x0200ad96                __smakebuf_r