21:40:40 **** 项目proj_ra8p1_ruhmi配置Debug的增量构建 ****
make -r --output-sync -j24 all 
Building file: ../src/SEGGER_RTT/SEGGER_RTT_printf.c
Building file: ../src/SEGGER_RTT/SEGGER_RTT.c
Building file: ../src/model_io_data.c
Building file: ../src/SEGGER_RTT/SEGGER_RTT_ASM_ARMv7M.S
Building file: ../src/kernel_library_utils.c
Building file: ../src/kernel_library_int.c
Building file: ../ra/npu/ethos-u-core-driver/src/ethosu_device_u55_u65.c
Building file: ../src/hal_warmstart.c
In file included from ../src/hal_warmstart.c:7:
In file included from D:\e2_workplace\proj_ra8p1_ruhmi\ra_gen\hal_data.h:5:
In file included from D:\e2_workplace\proj_ra8p1_ruhmi\ra\fsp\inc\api\bsp_api.h:50:
D:\e2_workplace\proj_ra8p1_ruhmi\ra\fsp\inc\api\../../src/bsp/mcu/all/bsp_common.h:32:10: fatal error: 'bsp_linker_info.h' file not found
   32 | #include "bsp_linker_info.h"
      |          ^~~~~~~~~~~~~~~~~~~
1 error generated.
make: *** [src/subdir.mk:42: src/hal_warmstart.o] Error 1
make: *** Waiting for unfinished jobs....
Building file: ../src/hal_entry.c
In file included from ../src/hal_entry.c:1:
In file included from D:\e2_workplace\proj_ra8p1_ruhmi\ra_gen\hal_data.h:5:
Building file: ../ra/npu/ethos-u-core-driver/src/ethosu_driver.c
In file included from D:\e2_workplace\proj_ra8p1_ruhmi\ra\fsp\inc\api\bsp_api.h:50:
D:\e2_workplace\proj_ra8p1_ruhmi\ra\fsp\inc\api\../../src/bsp/mcu/all/bsp_common.h:32:10: fatal error: 'bsp_linker_info.h' file not found
Building file: ../ra/npu/ethos-u-core-driver/src/ethosu_pmu.c
   32 | #include "bsp_linker_info.h"
      |          ^~~~~~~~~~~~~~~~~~~
1 error generated.
make: *** [src/subdir.mk:42: src/hal_entry.o] Error 1
Building file: ../src/time_counter.c
In file included from ../src/time_counter.c:13:
In file included from D:\e2_workplace\proj_ra8p1_ruhmi\ra_gen\hal_data.h:5:
In file included from D:\e2_workplace\proj_ra8p1_ruhmi\ra\fsp\inc\api\bsp_api.h:50:
D:\e2_workplace\proj_ra8p1_ruhmi\ra\fsp\inc\api\../../src/bsp/mcu/all/bsp_common.h:32:10: fatal error: 'bsp_linker_info.h' file not found
   32 | #include "bsp_linker_info.h"
      |          ^~~~~~~~~~~~~~~~~~~
1 error generated.
make: *** [src/subdir.mk:42: src/time_counter.o] Error 1
Building file: ../ra_gen/common_data.c
In file included from ../ra_gen/common_data.c:2:
In file included from ../ra_gen\common_data.h:5:
In file included from D:\e2_workplace\proj_ra8p1_ruhmi\ra\fsp\inc\api\bsp_api.h:50:
D:\e2_workplace\proj_ra8p1_ruhmi\ra\fsp\inc\api\../../src/bsp/mcu/all/bsp_common.h:32:10: fatal error: 'bsp_linker_info.h' file not found
   32 | #include "bsp_linker_info.h"
      |          ^~~~~~~~~~~~~~~~~~~
1 error generated.
make: *** [ra_gen/subdir.mk:38: ra_gen/common_data.o] Error 1
Building file: ../ra_gen/hal_data.c
In file included from ../ra_gen/hal_data.c:2:
In file included from ../ra_gen\hal_data.h:5:
In file included from D:\e2_workplace\proj_ra8p1_ruhmi\ra\fsp\inc\api\bsp_api.h:50:
D:\e2_workplace\proj_ra8p1_ruhmi\ra\fsp\inc\api\../../src/bsp/mcu/all/bsp_common.h:32:10: fatal error: 'bsp_linker_info.h' file not found
   32 | #include "bsp_linker_info.h"
      |          ^~~~~~~~~~~~~~~~~~~
1 error generated.
make: *** [ra_gen/subdir.mk:38: ra_gen/hal_data.o] Error 1
Building file: ../ra_gen/vector_data.c
In file included from ../ra_gen/vector_data.c:2:
In file included from D:\e2_workplace\proj_ra8p1_ruhmi\ra\fsp\inc\api\bsp_api.h:50:
D:\e2_workplace\proj_ra8p1_ruhmi\ra\fsp\inc\api\../../src/bsp/mcu/all/bsp_common.h:32:10: fatal error: 'bsp_linker_info.h' file not found
   32 | #include "bsp_linker_info.h"
      |          ^~~~~~~~~~~~~~~~~~~
1 error generated.
make: *** [ra_gen/subdir.mk:38: ra_gen/vector_data.o] Error 1
In file included from ../ra_gen/main.c:2:
Building file: ../ra_gen/main.c
In file included from ../ra_gen\hal_data.h:5:
In file included from D:\e2_workplace\proj_ra8p1_ruhmi\ra\fsp\inc\api\bsp_api.h:50:
D:\e2_workplace\proj_ra8p1_ruhmi\ra\fsp\inc\api\../../src/bsp/mcu/all/bsp_common.h:32:10: fatal error: 'bsp_linker_info.h' file not found
   32 | #include "bsp_linker_info.h"
      |          ^~~~~~~~~~~~~~~~~~~
1 error generated.
make: *** [ra_gen/subdir.mk:38: ra_gen/main.o] Error 1
Building file: ../ra_gen/pin_data.c
In file included from ../ra_gen/pin_data.c:2:
In file included from D:\e2_workplace\proj_ra8p1_ruhmi\ra\fsp\inc\api\bsp_api.h:50:
D:\e2_workplace\proj_ra8p1_ruhmi\ra\fsp\inc\api\../../src/bsp/mcu/all/bsp_common.h:32:10: fatal error: 'bsp_linker_info.h' file not found
   32 | #include "bsp_linker_info.h"
      |          ^~~~~~~~~~~~~~~~~~~
1 error generated.
make: *** [ra_gen/subdir.mk:38: ra_gen/pin_data.o] Error 1
Building file: ../ra/fsp/src/rm_ethosu/rm_ethosu.c
In file included from ../ra/fsp/src/rm_ethosu/rm_ethosu.c:10:
In file included from D:\e2_workplace\proj_ra8p1_ruhmi\ra\fsp\inc\instances\rm_ethosu.h:18:
In file included from D:\e2_workplace\proj_ra8p1_ruhmi\ra\fsp\inc\api\bsp_api.h:50:
D:\e2_workplace\proj_ra8p1_ruhmi\ra\fsp\inc\api\../../src/bsp/mcu/all/bsp_common.h:32:10: fatal error: 'bsp_linker_info.h' file not found
   32 | #include "bsp_linker_info.h"
      |          ^~~~~~~~~~~~~~~~~~~
1 error generated.
make: *** [ra/fsp/src/rm_ethosu/subdir.mk:26: ra/fsp/src/rm_ethosu/rm_ethosu.o] Error 1
Building file: ../ra/fsp/src/bsp/mcu/ra8p1/bsp_linker.c
In file included from ../ra/fsp/src/bsp/mcu/ra8p1/bsp_linker.c:7:
In file included from D:\e2_workplace\proj_ra8p1_ruhmi\ra\fsp\inc\api\bsp_api.h:50:
D:\e2_workplace\proj_ra8p1_ruhmi\ra\fsp\inc\api\../../src/bsp/mcu/all/bsp_common.h:32:10: fatal error: 'bsp_linker_info.h' file not found
   32 | #include "bsp_linker_info.h"
      |          ^~~~~~~~~~~~~~~~~~~
1 error generated.
make: *** [ra/fsp/src/bsp/mcu/ra8p1/subdir.mk:26: ra/fsp/src/bsp/mcu/ra8p1/bsp_linker.o] Error 1
Building file: ../ra/fsp/src/bsp/mcu/all/bsp_common.c
In file included from ../ra/fsp/src/bsp/mcu/all/bsp_common.c:11:
In file included from D:\e2_workplace\proj_ra8p1_ruhmi\ra\fsp\inc\api\bsp_api.h:50:
D:\e2_workplace\proj_ra8p1_ruhmi\ra\fsp\inc\api\../../src/bsp/mcu/all/bsp_common.h:32:10: fatal error: 'bsp_linker_info.h' file not found
   32 | #include "bsp_linker_info.h"
      |          ^~~~~~~~~~~~~~~~~~~
1 error generated.
make: *** [ra/fsp/src/bsp/mcu/all/subdir.mk:65: ra/fsp/src/bsp/mcu/all/bsp_common.o] Error 1
Building file: ../ra/fsp/src/r_ioport/r_ioport.c
In file included from ../ra/fsp/src/r_ioport/r_ioport.c:11:
In file included from D:\e2_workplace\proj_ra8p1_ruhmi\ra\fsp\inc\api\bsp_api.h:50:
D:\e2_workplace\proj_ra8p1_ruhmi\ra\fsp\inc\api\../../src/bsp/mcu/all/bsp_common.h:32:10: fatal error: 'bsp_linker_info.h' file not found
   32 | #include "bsp_linker_info.h"
      |          ^~~~~~~~~~~~~~~~~~~
1 error generated.
make: *** [ra/fsp/src/r_ioport/subdir.mk:26: ra/fsp/src/r_ioport/r_ioport.o] Error 1
Building file: ../ra/fsp/src/bsp/mcu/all/bsp_clocks.c
In file included from ../ra/fsp/src/bsp/mcu/all/bsp_clocks.c:10:
In file included from ../ra/fsp/src/bsp/mcu/all\bsp_clocks.h:14:
In file included from D:\e2_workplace\proj_ra8p1_ruhmi\ra\fsp\inc\api\bsp_api.h:50:
D:\e2_workplace\proj_ra8p1_ruhmi\ra\fsp\inc\api\../../src/bsp/mcu/all/bsp_common.h:32:10: fatal error: 'bsp_linker_info.h' file not found
   32 | #include "bsp_linker_info.h"
      |          ^~~~~~~~~~~~~~~~~~~
1 error generated.
make: *** [ra/fsp/src/bsp/mcu/all/subdir.mk:65: ra/fsp/src/bsp/mcu/all/bsp_clocks.o] Error 1
Building file: ../ra/fsp/src/bsp/mcu/all/bsp_group_irq.c
In file included from ../ra/fsp/src/bsp/mcu/all/bsp_group_irq.c:10:
In file included from D:\e2_workplace\proj_ra8p1_ruhmi\ra\fsp\inc\api\bsp_api.h:50:
D:\e2_workplace\proj_ra8p1_ruhmi\ra\fsp\inc\api\../../src/bsp/mcu/all/bsp_common.h:32:10: fatal error: 'bsp_linker_info.h' file not found
   32 | #include "bsp_linker_info.h"
      |          ^~~~~~~~~~~~~~~~~~~
1 error generated.
make: *** [ra/fsp/src/bsp/mcu/all/subdir.mk:65: ra/fsp/src/bsp/mcu/all/bsp_group_irq.o] Error 1
In file included from ../ra/fsp/src/bsp/mcu/all/bsp_delay.c:10:
Building file: ../ra/fsp/src/bsp/mcu/all/bsp_delay.c
In file included from D:\e2_workplace\proj_ra8p1_ruhmi\ra\fsp\inc\api\bsp_api.h:50:
D:\e2_workplace\proj_ra8p1_ruhmi\ra\fsp\inc\api\../../src/bsp/mcu/all/bsp_common.h:32:10: fatal error: 'bsp_linker_info.h' file not found
   32 | #include "bsp_linker_info.h"
      |          ^~~~~~~~~~~~~~~~~~~
1 error generated.
make: *** [ra/fsp/src/bsp/mcu/all/subdir.mk:65: ra/fsp/src/bsp/mcu/all/bsp_delay.o] Error 1
Building file: ../src/compute_sub_0000.c
Building file: ../ra/fsp/src/bsp/mcu/all/bsp_guard.c
In file included from ../ra/fsp/src/bsp/mcu/all/bsp_guard.c:7:
In file included from ../ra/fsp/src/bsp/mcu/all\bsp_guard.h:10:
In file included from D:\e2_workplace\proj_ra8p1_ruhmi\ra\fsp\inc\api\bsp_api.h:50:
D:\e2_workplace\proj_ra8p1_ruhmi\ra\fsp\inc\api\../../src/bsp/mcu/all/bsp_common.h:32:10: fatal error: 'bsp_linker_info.h' file not found
   32 | #include "bsp_linker_info.h"
Building file: ../ra/fsp/src/bsp/mcu/all/bsp_io.c
      |          ^~~~~~~~~~~~~~~~~~~
1 error generated.
make: *** [ra/fsp/src/bsp/mcu/all/subdir.mk:65: ra/fsp/src/bsp/mcu/all/bsp_guard.o] Error 1
In file included from ../ra/fsp/src/bsp/mcu/all/bsp_io.c:10:
In file included from D:\e2_workplace\proj_ra8p1_ruhmi\ra\fsp\inc\api\bsp_api.h:50:
D:\e2_workplace\proj_ra8p1_ruhmi\ra\fsp\inc\api\../../src/bsp/mcu/all/bsp_common.h:32:10: fatal error: 'bsp_linker_info.h' file not found
   32 | #include "bsp_linker_info.h"
      |          ^~~~~~~~~~~~~~~~~~~
1 error generated.
make: *** [ra/fsp/src/bsp/mcu/all/subdir.mk:65: ra/fsp/src/bsp/mcu/all/bsp_io.o] Error 1
Building file: ../ra/fsp/src/bsp/mcu/all/bsp_ipc.c
In file included from ../ra/fsp/src/bsp/mcu/all/bsp_ipc.c:10:
In file included from D:\e2_workplace\proj_ra8p1_ruhmi\ra\fsp\inc\api\bsp_api.h:50:
D:\e2_workplace\proj_ra8p1_ruhmi\ra\fsp\inc\api\../../src/bsp/mcu/all/bsp_common.h:32:10: fatal error: 'bsp_linker_info.h' file not found
   32 | #include "bsp_linker_info.h"
      |          ^~~~~~~~~~~~~~~~~~~
1 error generated.
make: *** [ra/fsp/src/bsp/mcu/all/subdir.mk:65: ra/fsp/src/bsp/mcu/all/bsp_ipc.o] Error 1
Building file: ../ra/fsp/src/bsp/mcu/all/bsp_irq.c
In file included from ../ra/fsp/src/bsp/mcu/all/bsp_irq.c:10:
In file included from D:\e2_workplace\proj_ra8p1_ruhmi\ra\fsp\inc\api\bsp_api.h:50:
D:\e2_workplace\proj_ra8p1_ruhmi\ra\fsp\inc\api\../../src/bsp/mcu/all/bsp_common.h:32:10: fatal error: 'bsp_linker_info.h' file not found
   32 | #include "bsp_linker_info.h"
      |          ^~~~~~~~~~~~~~~~~~~
1 error generated.
make: *** [ra/fsp/src/bsp/mcu/all/subdir.mk:65: ra/fsp/src/bsp/mcu/all/bsp_irq.o] Error 1
In file included from ../ra/fsp/src/bsp/mcu/all/bsp_macl.c:10:
Building file: ../ra/fsp/src/bsp/mcu/all/bsp_macl.c
In file included from ../ra/fsp/src/bsp/mcu/all\bsp_macl.h:15:
In file included from D:\e2_workplace\proj_ra8p1_ruhmi\ra\fsp\inc\api\bsp_api.h:50:
D:\e2_workplace\proj_ra8p1_ruhmi\ra\fsp\inc\api\../../src/bsp/mcu/all/bsp_common.h:32:10: fatal error: 'bsp_linker_info.h' file not found
   32 | #include "bsp_linker_info.h"
      |          ^~~~~~~~~~~~~~~~~~~
1 error generated.
make: *** [ra/fsp/src/bsp/mcu/all/subdir.mk:65: ra/fsp/src/bsp/mcu/all/bsp_macl.o] Error 1
"make -r --output-sync -j24 all"以退出代码2结尾。构建可能不完整。

21:40:42 Build Failed. 41 errors, 0 warnings. (took 1s.775ms)

