21:25:45 **** 项目RA8P1_TEST1配置Debug的增量构建 ****
make -r -j24 all 
Building file: ../code/inmp441.c
Building file: ../src/hal_entry.c
../src/hal_entry.c:31:5: warning: no previous declaration for '_write' [-Wmissing-declarations]
   31 | int _write(int fd, char * pBuffer, int size)
      |     ^~~~~~
Building target: RA8P1_TEST1.elf
C:/Renesas/RA/e2studio_v2025-12_fsp_v6.4.0/toolchains/gcc_arm/13.2.rel1/bin/../lib/gcc/arm-none-eabi/13.2.1/../../../../arm-none-eabi/bin/ld.exe: C:/Renesas/RA/e2studio_v2025-12_fsp_v6.4.0/toolchains/gcc_arm/13.2.rel1/bin/../lib/gcc/arm-none-eabi/13.2.1/thumb/v8-m.main+dp/hard\libg_nano.a(libc_a-closer.o): in function `_close_r':
closer.c:(.text._close_r+0xc): warning: _close is not implemented and will always fail
C:/Renesas/RA/e2studio_v2025-12_fsp_v6.4.0/toolchains/gcc_arm/13.2.rel1/bin/../lib/gcc/arm-none-eabi/13.2.1/../../../../arm-none-eabi/bin/ld.exe: C:/Renesas/RA/e2studio_v2025-12_fsp_v6.4.0/toolchains/gcc_arm/13.2.rel1/bin/../lib/gcc/arm-none-eabi/13.2.1/thumb/v8-m.main+dp/hard\libg_nano.a(libc_a-fstatr.o): in function `_fstat_r':
fstatr.c:(.text._fstat_r+0xe): warning: _fstat is not implemented and will always fail
C:/Renesas/RA/e2studio_v2025-12_fsp_v6.4.0/toolchains/gcc_arm/13.2.rel1/bin/../lib/gcc/arm-none-eabi/13.2.1/../../../../arm-none-eabi/bin/ld.exe: C:/Renesas/RA/e2studio_v2025-12_fsp_v6.4.0/toolchains/gcc_arm/13.2.rel1/bin/../lib/gcc/arm-none-eabi/13.2.1/thumb/v8-m.main+dp/hard\libg_nano.a(libc_a-isattyr.o): in function `_isatty_r':
isattyr.c:(.text._isatty_r+0xc): warning: _isatty is not implemented and will always fail
C:/Renesas/RA/e2studio_v2025-12_fsp_v6.4.0/toolchains/gcc_arm/13.2.rel1/bin/../lib/gcc/arm-none-eabi/13.2.1/../../../../arm-none-eabi/bin/ld.exe: C:/Renesas/RA/e2studio_v2025-12_fsp_v6.4.0/toolchains/gcc_arm/13.2.rel1/bin/../lib/gcc/arm-none-eabi/13.2.1/thumb/v8-m.main+dp/hard\libg_nano.a(libc_a-lseekr.o): in function `_lseek_r':
lseekr.c:(.text._lseek_r+0x10): warning: _lseek is not implemented and will always fail
C:/Renesas/RA/e2studio_v2025-12_fsp_v6.4.0/toolchains/gcc_arm/13.2.rel1/bin/../lib/gcc/arm-none-eabi/13.2.1/../../../../arm-none-eabi/bin/ld.exe: C:/Renesas/RA/e2studio_v2025-12_fsp_v6.4.0/toolchains/gcc_arm/13.2.rel1/bin/../lib/gcc/arm-none-eabi/13.2.1/thumb/v8-m.main+dp/hard\libg_nano.a(libc_a-readr.o): in function `_read_r':
readr.c:(.text._read_r+0x10): warning: _read is not implemented and will always fail
arm-none-eabi-objcopy -O srec "RA8P1_TEST1.elf"  "RA8P1_TEST1.srec"
arm-none-eabi-size --format=berkeley "RA8P1_TEST1.elf"
   text	   data	    bss	    dec	    hex	filename
  27900	    492	 162796	 191188	  2ead4	RA8P1_TEST1.elf

21:25:45 Build Finished. 0 errors, 6 warnings. (took 773ms)

