21:26:56 **** 项目RA8P1_TEST2配置Debug的构建 ****
make -r -j24 all 
Building file: ../src/hal_entry.c
Building file: ../src/hal_warmstart.c
Building file: ../ra_gen/common_data.c
Building file: ../ra_gen/hal_data.c
Building file: ../ra_gen/main.c
Building file: ../ra_gen/pin_data.c
Building file: ../ra_gen/vector_data.c
Building file: ../ra/fsp/src/r_ioport/r_ioport.c
Building file: ../ra/fsp/src/bsp/mcu/ra8p1/bsp_linker.c
Building file: ../ra/fsp/src/bsp/mcu/all/bsp_clocks.c
Building file: ../ra/fsp/src/bsp/mcu/all/bsp_common.c
Building file: ../ra/fsp/src/bsp/mcu/all/bsp_delay.c
Building file: ../ra/fsp/src/bsp/mcu/all/bsp_group_irq.c
Building file: ../ra/fsp/src/bsp/mcu/all/bsp_guard.c
Building file: ../ra/fsp/src/bsp/mcu/all/bsp_io.c
Building file: ../ra/fsp/src/bsp/mcu/all/bsp_irq.c
Building file: ../ra/fsp/src/bsp/mcu/all/bsp_ipc.c
Building file: ../ra/fsp/src/bsp/mcu/all/bsp_register_protection.c
Building file: ../ra/fsp/src/bsp/mcu/all/bsp_ospi_b.c
Building file: ../ra/fsp/src/bsp/mcu/all/bsp_macl.c
Building file: ../ra/fsp/src/bsp/mcu/all/bsp_sbrk.c
Building file: ../ra/fsp/src/bsp/mcu/all/bsp_sdram.c
Building file: ../ra/fsp/src/bsp/mcu/all/bsp_security.c
Building file: ../ra/fsp/src/bsp/cmsis/Device/RENESAS/Source/startup.c
Building file: ../ra/fsp/src/bsp/cmsis/Device/RENESAS/Source/system.c
Building target: RA8P1_TEST2.elf
arm-none-eabi-objcopy -O srec "RA8P1_TEST2.elf"  "RA8P1_TEST2.srec"
arm-none-eabi-size --format=berkeley "RA8P1_TEST2.elf"
   text	   data	    bss	    dec	    hex	filename
   3420	      0	   1212	   4632	   1218	RA8P1_TEST2.elf

21:26:57 Build Finished. 0 errors, 0 warnings. (took 1s.211ms)

